2017-07-07 21:40:08.139052 7fc1288ca700 10 memstore(/var/lib/ceph/osd/ceph-0) _setattrs 1.8_head #1:11fdeedd:::benchmark_data_gdb1_2999_object70:head# ~319
2017-07-07 21:40:08.139062 7fc1288ca700 10 memstore(/var/lib/ceph/osd/ceph-0) _write 1.8_head #1:11fdeedd:::benchmark_data_gdb1_2999_object70:head# 0~1048576
2017-07-07 21:40:08.139563 7fc1288ca700 10 memstore(/var/lib/ceph/osd/ceph-0) _omap_setkeys 1.8_head #1:10000000::::head# ~423
2017-07-07 21:40:08.140477 7fc12a0cd700 10 memstore(/var/lib/ceph/osd/ceph-0) _do_transaction 0
2017-07-07 21:40:08.140481 7fc12a0cd700 10 memstore(/var/lib/ceph/osd/ceph-0) _touch 1.f_head #1:f0a97480:::benchmark_data_gdb1_2999_object73:head#
2017-07-07 21:40:08.141019 7fc12a0cd700 10 memstore(/var/lib/ceph/osd/ceph-0) _setattrs 1.f_head #1:f0a97480:::benchmark_data_gdb1_2999_object73:head# ~319
2017-07-07 21:40:08.141024 7fc12a0cd700 10 memstore(/var/lib/ceph/osd/ceph-0) _write 1.f_head #1:f0a97480:::benchmark_data_gdb1_2999_object73:head# 0~1048576
2017-07-07 21:40:08.141173 7fc1290cb700 10 memstore(/var/lib/ceph/osd/ceph-0) _do_transaction 0
2017-07-07 21:40:08.141180 7fc1290cb700 10 memstore(/var/lib/ceph/osd/ceph-0) _touch 1.c_head #1:31399f7b:::benchmark_data_gdb1_2999_object74:head#
2017-07-07 21:40:08.141592 7fc12a0cd700 10 memstore(/var/lib/ceph/osd/ceph-0) _omap_setkeys 1.f_head #1:f0000000::::head# ~423
2017-07-07 21:40:08.141709 7fc1290cb700 10 memstore(/var/lib/ceph/osd/ceph-0) _setattrs 1.c_head #1:31399f7b:::benchmark_data_gdb1_2999_object74:head# ~319
2017-07-07 21:40:08.141716 7fc1290cb700 10 memstore(/var/lib/ceph/osd/ceph-0) _write 1.c_head #1:31399f7b:::benchmark_data_gdb1_2999_object74:head# 0~1048576
2017-07-07 21:40:08.142220 7fc1290cb700 10 memstore(/var/lib/ceph/osd/ceph-0) _omap_setkeys 1.c_head #1:30000000::::head# ~423
2017-07-07 21:40:08.143173 7fc12c0d1700 10 memstore(/var/lib/ceph/osd/ceph-0) _do_transaction 0
2017-07-07 21:40:08.143177 7fc12c0d1700 10 memstore(/var/lib/ceph/osd/ceph-0) _touch 1.33_head #1:cec99099:::benchmark_data_gdb1_2999_object75:head#
2017-07-07 21:40:08.143746 7fc12c0d1700 10 memstore(/var/lib/ceph/osd/ceph-0) _setattrs 1.33_head #1:cec99099:::benchmark_data_gdb1_2999_object75:head# ~319
2017-07-07 21:40:08.143751 7fc12c0d1700 10 memstore(/var/lib/ceph/osd/ceph-0) _write 1.33_head #1:cec99099:::benchmark_data_gdb1_2999_object75:head# 0~1048576
2017-07-07 21:40:08.143911 7fc12a8ce700 10 memstore(/var/lib/ceph/osd/ceph-0) _do_transaction 0
2017-07-07 21:40:08.143914 7fc12a8ce700 10 memstore(/var/lib/ceph/osd/ceph-0) _touch 1.4a_head #1:52debed8:::benchmark_data_gdb1_2999_object76:head#
2017-07-07 21:40:08.144480 7fc12a8ce700 10 memstore(/var/lib/ceph/osd/ceph-0) _setattrs 1.4a_head #1:52debed8:::benchmark_data_gdb1_2999_object76:head# ~319
2017-07-07 21:40:08.144485 7fc12a8ce700 10 memstore(/var/lib/ceph/osd/ceph-0) _write 1.4a_head #1:52debed8:::benchmark_data_gdb1_2999_object76:head# 0~1048576
2017-07-07 21:40:08.144890 7fc12c0d1700 10 memstore(/var/lib/ceph/osd/ceph-0) _omap_setkeys 1.33_head #1:cc000000::::head# ~423
2017-07-07 21:40:08.145045 7fc12a8ce700 10 memstore(/var/lib/ceph/osd/ceph-0) _omap_setkeys 1.4a_head #1:52000000::::head# ~423
2017-07-07 21:40:08.145348 7fc12c8d2700 10 memstore(/var/lib/ceph/osd/ceph-0) _do_transaction 0
2017-07-07 21:40:08.145354 7fc12c8d2700 10 memstore(/var/lib/ceph/osd/ceph-0) _touch 1.50_head #1:0b07bce0:::benchmark_data_gdb1_2999_object77:head#
2017-07-07 21:40:08.145869 7fc12c8d2700 10 memstore(/var/lib/ceph/osd/ceph-0) _setattrs 1.50_head #1:0b07bce0:::benchmark_data_gdb1_2999_object77:head# ~319
2017-07-07 21:40:08.145878 7fc12c8d2700 10 memstore(/var/lib/ceph/osd/ceph-0) _write 1.50_head #1:0b07bce0:::benchmark_data_gdb1_2999_object77:head# 0~1048576
2017-07-07 21:40:08.146408 7fc12c8d2700 10 memstore(/var/lib/ceph/osd/ceph-0) _omap_setkeys 1.50_head #1:0a000000::::head# ~423
2017-07-07 21:40:08.147344 7fc1280c9700 10 memstore(/var/lib/ceph/osd/ceph-0) _do_transaction 0
2017-07-07 21:40:08.147348 7fc1280c9700 10 memstore(/var/lib/ceph/osd/ceph-0) _touch 1.45_head #1:a33962cd:::benchmark_data_gdb1_2999_object78:head#
2017-07-07 21:40:08.148068 7fc12b0cf700 10 memstore(/var/lib/ceph/osd/ceph-0) _do_transaction 0
2017-07-07 21:40:08.148071 7fc12b0cf700 10 memstore(/var/lib/ceph/osd/ceph-0) _touch 1.3a_head #1:5cef3155:::benchmark_data_gdb1_2999_object79:head#
2017-07-07 21:40:08.148108 7fc1280c9700 10 memstore(/var/lib/ceph/osd/ceph-0) _setattrs 1.45_head #1:a33962cd:::benchmark_data_gdb1_2999_object78:head# ~319
2017-07-07 21:40:08.148113 7fc1280c9700 10 memstore(/var/lib/ceph/osd/ceph-0) _write 1.45_head #1:a33962cd:::benchmark_data_gdb1_2999_object78:head# 0~1048576
2017-07-07 21:40:08.148642 7fc12b0cf700 10 memstore(/var/lib/ceph/osd/ceph-0) _setattrs 1.3a_head #1:5cef3155:::benchmark_data_gdb1_2999_object79:head# ~319
2017-07-07 21:40:08.148648 7fc12b0cf700 10 memstore(/var/lib/ceph/osd/ceph-0) _write 1.3a_head #1:5cef3155:::benchmark_data_gdb1_2999_object79:head# 0~1048576
2017-07-07 21:40:08.148688 7fc1280c9700 10 memstore(/var/lib/ceph/osd/ceph-0) _omap_setkeys 1.45_head #1:a2000000::::head# ~423
2017-07-07 21:40:08.149191 7fc12b0cf700 10 memstore(/var/lib/ceph/osd/ceph-0) _omap_setkeys 1.3a_head #1:5c000000::::head# ~423
2017-07-07 21:40:08.149907 7fc1298cc700 10 memstore(/var/lib/ceph/osd/ceph-0) _do_transaction 0
2017-07-07 21:40:08.149911 7fc1298cc700 10 memstore(/var/lib/ceph/osd/ceph-0) _touch 1.29_head #1:95744934:::benchmark_data_gdb1_2999_object80:head#
2017-07-07 21:40:08.150465 7fc1298cc700 10 memstore(/var/lib/ceph/osd/ceph-0) _setattrs 1.29_head #1:95744934:::benchmark_data_gdb1_2999_object80:head# ~319
2017-07-07 21:40:08.150470 7fc1298cc700 10 memstore(/var/lib/ceph/osd/ceph-0) _write 1.29_head #1:95744934:::benchmark_data_gdb1_2999_object80:head# 0~1048576
2017-07-07 21:40:08.150672 7fc12a8ce700 10 memstore(/var/lib/ceph/osd/ceph-0) _do_transaction 0
2017-07-07 21:40:08.150675 7fc12a8ce700 10 memstore(/var/lib/ceph/osd/ceph-0) _touch 1.9_head #1:91f63c54:::benchmark_data_gdb1_2999_object81:head#
2017-07-07 21:40:08.151198 7fc1298cc700 10 memstore(/var/lib/ceph/osd/ceph-0) _omap_setkeys 1.29_head #1:94000000::::head# ~423
2017-07-07 21:40:08.151515 7fc1280c9700 10 memstore(/var/lib/ceph/osd/ceph-0) _do_transaction 0
2017-07-07 21:40:08.151517 7fc1280c9700 10 memstore(/var/lib/ceph/osd/ceph-0) _touch 1.2c_head #1:36722250:::benchmark_data_gdb1_2999_object82:head#
2017-07-07 21:40:08.151962 7fc12a8ce700 10 memstore(/var/lib/ceph/osd/ceph-0) _setattrs 1.9_head #1:91f63c54:::benchmark_data_gdb1_2999_object81:head# ~319
2017-07-07 21:40:08.151966 7fc12a8ce700 10 memstore(/var/lib/ceph/osd/ceph-0) _write 1.9_head #1:91f63c54:::benchmark_data_gdb1_2999_object81:head# 0~1048576
2017-07-07 21:40:08.152090 7fc1280c9700 10 memstore(/var/lib/ceph/osd/ceph-0) _setattrs 1.2c_head #1:36722250:::benchmark_data_gdb1_2999_object82:head# ~319
2017-07-07 21:40:08.152096 7fc1280c9700 10 memstore(/var/lib/ceph/osd/ceph-0) _write 1.2c_head #1:36722250:::benchmark_data_gdb1_2999_object82:head# 0~1048576
2017-07-07 21:40:08.152563 7fc12a8ce700 10 memstore(/var/lib/ceph/osd/ceph-0) _omap_setkeys 1.9_head #1:90000000::::head# ~423
2017-07-07 21:40:08.152657 7fc1280c9700 10 memstore(/var/lib/ceph/osd/ceph-0) _omap_setkeys 1.2c_head #1:34000000::::head# ~423
2017-07-07 21:40:08.153414 7fc12b8d0700 10 memstore(/var/lib/ceph/osd/ceph-0) _do_transaction 0
2017-07-07 21:40:08.153418 7fc12b8d0700 10 memstore(/var/lib/ceph/osd/ceph-0) _touch 1.20_head #1:042dc8e1:::benchmark_data_gdb1_2999_object83:head#
2017-07-07 21:40:08.153990 7fc12b8d0700 10 memstore(/var/lib/ceph/osd/ceph-0) _setattrs 1.20_head #1:042dc8e1:::benchmark_data_gdb1_2999_object83:head# ~319
2017-07-07 21:40:08.153996 7fc12b8d0700 10 memstore(/var/lib/ceph/osd/ceph-0) _write 1.20_head #1:042dc8e1:::benchmark_data_gdb1_2999_object83:head# 0~1048576
2017-07-07 21:40:08.156463 7fc12a0cd700 10 memstore(/var/lib/ceph/osd/ceph-0) _do_transaction 0
2017-07-07 21:40:08.156470 7fc12a0cd700 10 memstore(/var/lib/ceph/osd/ceph-0) _touch 1.5a_head #1:5b7c4eec:::benchmark_data_gdb1_2999_object84:head#
2017-07-07 21:40:08.156902 7fc12a0cd700 10 memstore(/var/lib/ceph/osd/ceph-0) _setattrs 1.5a_head #1:5b7c4eec:::benchmark_data_gdb1_2999_object84:head# ~319
2017-07-07 21:40:08.156906 7fc12a0cd700 10 memstore(/var/lib/ceph/osd/ceph-0) _write 1.5a_head #1:5b7c4eec:::benchmark_data_gdb1_2999_object84:head# 0~1048576
2017-07-07 21:40:08.157355 7fc12a0cd700 10 memstore(/var/lib/ceph/osd/ceph-0) _omap_setkeys 1.5a_head #1:5a000000::::head# ~423
2017-07-07 21:40:08.158183 7fc1290cb700 10 memstore(/var/lib/ceph/osd/ceph-0) _do_transaction 0
2017-07-07 21:40:08.158186 7fc1290cb700 10 memstore(/var/lib/ceph/osd/ceph-0) _touch 1.39_head #1:9e63b2cc:::benchmark_data_gdb1_2999_object85:head#
2017-07-07 21:40:08.158657 7fc1290cb700 10 memstore(/var/lib/ceph/osd/ceph-0) _setattrs 1.39_head #1:9e63b2cc:::benchmark_data_gdb1_2999_object85:head# ~319
2017-07-07 21:40:08.158661 7fc1290cb700 10 memstore(/var/lib/ceph/osd/ceph-0) _write 1.39_head #1:9e63b2cc:::benchmark_data_gdb1_2999_object85:head# 0~1048576
2017-07-07 21:40:08.159160 7fc1290cb700 10 memstore(/var/lib/ceph/osd/ceph-0) _omap_setkeys 1.39_head #1:9c000000::::head# ~423
2017-07-07 21:40:08.160090 7fc1288ca700 10 memstore(/var/lib/ceph/osd/ceph-0) _do_transaction 0
2017-07-07 21:40:08.160095 7fc1288ca700 10 memstore(/var/lib/ceph/osd/ceph-0) _touch 1.53_head #1:cad151da:::benchmark_data_gdb1_2999_object86:head#
2017-07-07 21:40:08.160630 7fc1288ca700 10 memstore(/var/lib/ceph/osd/ceph-0) _setattrs 1.53_head #1:cad151da:::benchmark_data_gdb1_2999_object86:head# ~319
2017-07-07 21:40:08.160634 7fc1288ca700 10 memstore(/var/lib/ceph/osd/ceph-0) _write 1.53_head #1:cad151da:::benchmark_data_gdb1_2999_object86:head# 0~1048576
2017-07-07 21:40:08.160910 7fc12b8d0700 10 memstore(/var/lib/ceph/osd/ceph-0) _omap_setkeys 1.20_head #1:04000000::::head# ~423
2017-07-07 21:40:08.161164 7fc1288ca700 10 memstore(/var/lib/ceph/osd/ceph-0) _omap_setkeys 1.53_head #1:ca000000::::head# ~423
2017-07-07 21:40:08.162106 7fc12c0d1700 10 memstore(/var/lib/ceph/osd/ceph-0) _do_transaction 0
2017-07-07 21:40:08.162110 7fc12c0d1700 10 memstore(/var/lib/ceph/osd/ceph-0) _touch 1.6_head #1:61bc6620:::benchmark_data_gdb1_2999_object87:head#
2017-07-07 21:40:08.162604 7fc12c0d1700 10 memstore(/var/lib/ceph/osd/ceph-0) _setattrs 1.6_head #1:61bc6620:::benchmark_data_gdb1_2999_object87:head# ~319
2017-07-07 21:40:08.162614 7fc12c0d1700 10 memstore(/var/lib/ceph/osd/ceph-0) _write 1.6_head #1:61bc6620:::benchmark_data_gdb1_2999_object87:head# 0~1048576
2017-07-07 21:40:08.163110 7fc12c0d1700 10 memstore(/var/lib/ceph/osd/ceph-0) _omap_setkeys 1.6_head #1:60000000::::head# ~423
2017-07-07 21:40:08.164317 7fc1298cc700 10 memstore(/var/lib/ceph/osd/ceph-0) _do_transaction 0
2017-07-07 21:40:08.164320 7fc1298cc700 10 memstore(/var/lib/ceph/osd/ceph-0) _touch 1.51_head #1:8aa2ef71:::benchmark_data_gdb1_2999_object88:head#
2017-07-07 21:40:08.164704 7fc12c8d2700 10 memstore(/var/lib/ceph/osd/ceph-0) _do_transaction 0
2017-07-07 21:40:08.164707 7fc12c8d2700 10 memstore(/var/lib/ceph/osd/ceph-0) _touch 1.1e_head #1:7818b42f:::benchmark_data_gdb1_2999_object89:head#
2017-07-07 21:40:08.165278 7fc12c8d2700 10 memstore(/var/lib/ceph/osd/ceph-0) _setattrs 1.1e_head #1:7818b42f:::benchmark_data_gdb1_2999_object89:head# ~319
2017-07-07 21:40:08.165284 7fc12c8d2700 10 memstore(/var/lib/ceph/osd/ceph-0) _write 1.1e_head #1:7818b42f:::benchmark_data_gdb1_2999_object89:head# 0~1048576
2017-07-07 21:40:08.165498 7fc1298cc700 10 memstore(/var/lib/ceph/osd/ceph-0) _setattrs 1.51_head #1:8aa2ef71:::benchmark_data_gdb1_2999_object88:head# ~319
2017-07-07 21:40:08.165503 7fc1298cc700 10 memstore(/var/lib/ceph/osd/ceph-0) _write 1.51_head #1:8aa2ef71:::benchmark_data_gdb1_2999_object88:head# 0~1048576
2017-07-07 21:40:08.165892 7fc12c8d2700 10 memstore(/var/lib/ceph/osd/ceph-0) _omap_setkeys 1.1e_head #1:78000000::::head# ~423
2017-07-07 21:40:08.166062 7fc1298cc700 10 memstore(/var/lib/ceph/osd/ceph-0) _omap_setkeys 1.51_head #1:8a000000::::head# ~423
2017-07-07 21:40:08.166339 7fc12a8ce700 10 memstore(/var/lib/ceph/osd/ceph-0) _do_transaction 0
2017-07-07 21:40:08.166343 7fc12a8ce700 10 memstore(/var/lib/ceph/osd/ceph-0) _touch 1.45_head #1:a2f5d23c:::benchmark_data_gdb1_2999_object90:head#
2017-07-07 21:40:08.166889 7fc12a8ce700 10 memstore(/var/lib/ceph/osd/ceph-0) _setattrs 1.45_head #1:a2f5d23c:::benchmark_data_gdb1_2999_object90:head# ~319
2017-07-07 21:40:08.166894 7fc12a8ce700 10 memstore(/var/lib/ceph/osd/ceph-0) _write 1.45_head #1:a2f5d23c:::benchmark_data_gdb1_2999_object90:head# 0~1048576
2017-07-07 21:40:08.166997 7fc12c0d1700 10 memstore(/var/lib/ceph/osd/ceph-0) _do_transaction 0
2017-07-07 21:40:08.167000 7fc12c0d1700 10 memstore(/var/lib/ceph/osd/ceph-0) _touch 1.29_head #1:95595812:::benchmark_data_gdb1_2999_object91:head#
2017-07-07 21:40:08.167537 7fc12c0d1700 10 memstore(/var/lib/ceph/osd/ceph-0) _setattrs 1.29_head #1:95595812:::benchmark_data_gdb1_2999_object91:head# ~319
2017-07-07 21:40:08.167543 7fc12c0d1700 10 memstore(/var/lib/ceph/osd/ceph-0) _write 1.29_head #1:95595812:::benchmark_data_gdb1_2999_object91:head# 0~1048576
2017-07-07 21:40:08.167702 7fc12a8ce700 10 memstore(/var/lib/ceph/osd/ceph-0) _omap_setkeys 1.45_head #1:a2000000::::head# ~423
2017-07-07 21:40:08.168101 7fc12c0d1700 10 memstore(/var/lib/ceph/osd/ceph-0) _omap_setkeys 1.29_head #1:94000000::::head# ~423
2017-07-07 21:40:08.169032 7fc1280c9700 10 memstore(/var/lib/ceph/osd/ceph-0) _do_transaction 0
2017-07-07 21:40:08.169036 7fc1280c9700 10 memstore(/var/lib/ceph/osd/ceph-0) _touch 1.4_head #1:21ea88c9:::benchmark_data_gdb1_2999_object92:head#
2017-07-07 21:40:08.169614 7fc1280c9700 10 memstore(/var/lib/ceph/osd/ceph-0) _setattrs 1.4_head #1:21ea88c9:::benchmark_data_gdb1_2999_object92:head# ~319
2017-07-07 21:40:08.169620 7fc1280c9700 10 memstore(/var/lib/ceph/osd/ceph-0) _write 1.4_head #1:21ea88c9:::benchmark_data_gdb1_2999_object92:head# 0~1048576
2017-07-07 21:40:08.169792 7fc1298cc700 10 memstore(/var/lib/ceph/osd/ceph-0) _do_transaction 0
2017-07-07 21:40:08.169795 7fc1298cc700 10 memstore(/var/lib/ceph/osd/ceph-0) _touch 1.10_head #1:08769e66:::benchmark_data_gdb1_2999_object93:head#
2017-07-07 21:40:08.170337 7fc1298cc700 10 memstore(/var/lib/ceph/osd/ceph-0) _setattrs 1.10_head #1:08769e66:::benchmark_data_gdb1_2999_object93:head# ~319
2017-07-07 21:40:08.170341 7fc1298cc700 10 memstore(/var/lib/ceph/osd/ceph-0) _write 1.10_head #1:08769e66:::benchmark_data_gdb1_2999_object93:head# 0~1048576
2017-07-07 21:40:08.170473 7fc12c0d1700 10 memstore(/var/lib/ceph/osd/ceph-0) _do_transaction 0
2017-07-07 21:40:08.170476 7fc12c0d1700 10 memstore(/var/lib/ceph/osd/ceph-0) _touch 1.38_head #1:1ddaad9a:::benchmark_data_gdb1_2999_object94:head#
2017-07-07 21:40:08.171015 7fc12c0d1700 10 memstore(/var/lib/ceph/osd/ceph-0) _setattrs 1.38_head #1:1ddaad9a:::benchmark_data_gdb1_2999_object94:head# ~319
2017-07-07 21:40:08.171020 7fc12c0d1700 10 memstore(/var/lib/ceph/osd/ceph-0) _write 1.38_head #1:1ddaad9a:::benchmark_data_gdb1_2999_object94:head# 0~1048576
2017-07-07 21:40:08.171457 7fc1298cc700 10 memstore(/var/lib/ceph/osd/ceph-0) _omap_setkeys 1.10_head #1:08000000::::head# ~423
2017-07-07 21:40:08.171502 7fc1280c9700 10 memstore(/var/lib/ceph/osd/ceph-0) _omap_setkeys 1.4_head #1:20000000::::head# ~423
2017-07-07 21:40:08.171563 7fc12c0d1700 10 memstore(/var/lib/ceph/osd/ceph-0) _omap_setkeys 1.38_head #1:1c000000::::head# ~423
2017-07-07 21:40:08.172452 7fc1298cc700 10 memstore(/var/lib/ceph/osd/ceph-0) _do_transaction 0
2017-07-07 21:40:08.172455 7fc1298cc700 10 memstore(/var/lib/ceph/osd/ceph-0) _touch 1.4c_head #1:3237112d:::benchmark_data_gdb1_2999_object95:head#
2017-07-07 21:40:08.172987 7fc1298cc700 10 memstore(/var/lib/ceph/osd/ceph-0) _setattrs 1.4c_head #1:3237112d:::benchmark_data_gdb1_2999_object95:head# ~319
2017-07-07 21:40:08.172991 7fc1298cc700 10 memstore(/var/lib/ceph/osd/ceph-0) _write 1.4c_head #1:3237112d:::benchmark_data_gdb1_2999_object95:head# 0~1048576
2017-07-07 21:40:08.173169 7fc12a8ce700 10 memstore(/var/lib/ceph/osd/ceph-0) _do_transaction 0
2017-07-07 21:40:08.173173 7fc12a8ce700 10 memstore(/var/lib/ceph/osd/ceph-0) _touch 1.27_head #1:e7a25b5b:::benchmark_data_gdb1_2999_object96:head#
2017-07-07 21:40:08.173711 7fc12a8ce700 10 memstore(/var/lib/ceph/osd/ceph-0) _setattrs 1.27_head #1:e7a25b5b:::benchmark_data_gdb1_2999_object96:head# ~319
2017-07-07 21:40:08.173715 7fc12a8ce700 10 memstore(/var/lib/ceph/osd/ceph-0) _write 1.27_head #1:e7a25b5b:::benchmark_data_gdb1_2999_object96:head# 0~1048576
2017-07-07 21:40:08.173860 7fc12a0cd700 10 memstore(/var/lib/ceph/osd/ceph-0) _do_transaction 0
2017-07-07 21:40:08.173863 7fc12a0cd700 10 memstore(/var/lib/ceph/osd/ceph-0) _touch 1.2d_head #1:b66fc066:::benchmark_data_gdb1_2999_object97:head#
2017-07-07 21:40:08.174303 7fc12a8ce700 10 memstore(/var/lib/ceph/osd/ceph-0) _omap_setkeys 1.27_head #1:e4000000::::head# ~423
2017-07-07 21:40:08.174460 7fc12a0cd700 10 memstore(/var/lib/ceph/osd/ceph-0) _setattrs 1.2d_head #1:b66fc066:::benchmark_data_gdb1_2999_object97:head# ~319
2017-07-07 21:40:08.174468 7fc12a0cd700 10 memstore(/var/lib/ceph/osd/ceph-0) _write 1.2d_head #1:b66fc066:::benchmark_data_gdb1_2999_object97:head# 0~1048576
2017-07-07 21:40:08.175038 7fc12a0cd700 10 memstore(/var/lib/ceph/osd/ceph-0) _omap_setkeys 1.2d_head #1:b4000000::::head# ~423
2017-07-07 21:40:08.175273 7fc12c0d1700 10 memstore(/var/lib/ceph/osd/ceph-0) _do_transaction 0
2017-07-07 21:40:08.175278 7fc12c0d1700 10 memstore(/var/lib/ceph/osd/ceph-0) _touch 1.60_head #1:06010fd4:::benchmark_data_gdb1_2999_object98:head#
2017-07-07 21:40:08.175775 7fc12c0d1700 10 memstore(/var/lib/ceph/osd/ceph-0) _setattrs 1.60_head #1:06010fd4:::benchmark_data_gdb1_2999_object98:head# ~319
2017-07-07 21:40:08.175787 7fc12c0d1700 10 memstore(/var/lib/ceph/osd/ceph-0) _write 1.60_head #1:06010fd4:::benchmark_data_gdb1_2999_object98:head# 0~1048576
2017-07-07 21:40:08.176304 7fc12c0d1700 10 memstore(/var/lib/ceph/osd/ceph-0) _omap_setkeys 1.60_head #1:06000000::::head# ~423
2017-07-07 21:40:08.176667 7fc1298cc700 10 memstore(/var/lib/ceph/osd/ceph-0) _omap_setkeys 1.4c_head #1:32000000::::head# ~423
2017-07-07 21:40:08.179815 7fc12c0d1700 10 memstore(/var/lib/ceph/osd/ceph-0) _do_transaction 0
2017-07-07 21:40:08.179818 7fc12c0d1700 10 memstore(/var/lib/ceph/osd/ceph-0) _touch 1.6_head #1:60976acc:::benchmark_data_gdb1_2999_object99:head#
2017-07-07 21:40:08.180300 7fc12c0d1700 10 memstore(/var/lib/ceph/osd/ceph-0) _setattrs 1.6_head #1:60976acc:::benchmark_data_gdb1_2999_object99:head# ~319
2017-07-07 21:40:08.180305 7fc12c0d1700 10 memstore(/var/lib/ceph/osd/ceph-0) _write 1.6_head #1:60976acc:::benchmark_data_gdb1_2999_object99:head# 0~1048576
2017-07-07 21:40:08.180775 7fc12c0d1700 10 memstore(/var/lib/ceph/osd/ceph-0) _omap_setkeys 1.6_head #1:60000000::::head# ~423
2017-07-07 21:40:08.181657 7fc1298cc700 10 memstore(/var/lib/ceph/osd/ceph-0) _do_transaction 0
2017-07-07 21:40:08.181660 7fc1298cc700 10 memstore(/var/lib/ceph/osd/ceph-0) _touch 1.1f_head #1:f922e207:::benchmark_data_gdb1_2999_object100:head#
2017-07-07 21:40:08.182159 7fc1298cc700 10 memstore(/var/lib/ceph/osd/ceph-0) _setattrs 1.1f_head #1:f922e207:::benchmark_data_gdb1_2999_object100:head# ~320
2017-07-07 21:40:08.182163 7fc1298cc700 10 memstore(/var/lib/ceph/osd/ceph-0) _write 1.1f_head #1:f922e207:::benchmark_data_gdb1_2999_object100:head# 0~1048576
2017-07-07 21:40:08.182656 7fc1298cc700 10 memstore(/var/lib/ceph/osd/ceph-0) _omap_setkeys 1.1f_head #1:f8000000::::head# ~424
2017-07-07 21:40:08.183552 7fc12c0d1700 10 memstore(/var/lib/ceph/osd/ceph-0) _do_transaction 0
2017-07-07 21:40:08.183556 7fc12c0d1700 10 memstore(/var/lib/ceph/osd/ceph-0) _touch 1.42_head #1:423a2415:::benchmark_data_gdb1_2999_object101:head#
2017-07-07 21:40:08.184056 7fc12c0d1700 10 memstore(/var/lib/ceph/osd/ceph-0) _setattrs 1.42_head #1:423a2415:::benchmark_data_gdb1_2999_object101:head# ~320
2017-07-07 21:40:08.184069 7fc12c0d1700 10 memstore(/var/lib/ceph/osd/ceph-0) _write 1.42_head #1:423a2415:::benchmark_data_gdb1_2999_object101:head# 0~1048576
2017-07-07 21:40:08.184568 7fc12c0d1700 10 memstore(/var/lib/ceph/osd/ceph-0) _omap_setkeys 1.42_head #1:42000000::::head# ~424
2017-07-07 21:40:08.185514 7fc1298cc700 10 memstore(/var/lib/ceph/osd/ceph-0) _do_transaction 0
2017-07-07 21:40:08.185518 7fc1298cc700 10 memstore(/var/lib/ceph/osd/ceph-0) _touch 1.1_head #1:815c07d1:::benchmark_data_gdb1_2999_object102:head#
2017-07-07 21:40:08.186057 7fc1298cc700 10 memstore(/var/lib/ceph/osd/ceph-0) _setattrs 1.1_head #1:815c07d1:::benchmark_data_gdb1_2999_object102:head# ~320
2017-07-07 21:40:08.186063 7fc1298cc700 10 memstore(/var/lib/ceph/osd/ceph-0) _write 1.1_head #1:815c07d1:::benchmark_data_gdb1_2999_object102:head# 0~1048576
2017-07-07 21:40:08.186224 7fc1280c9700 10 memstore(/var/lib/ceph/osd/ceph-0) _do_transaction 0
2017-07-07 21:40:08.186228 7fc1280c9700 10 memstore(/var/lib/ceph/osd/ceph-0) _touch 1.27_head #1:e4f7b5a3:::benchmark_data_gdb1_2999_object103:head#
2017-07-07 21:40:08.186747 7fc1280c9700 10 memstore(/var/lib/ceph/osd/ceph-0) _setattrs 1.27_head #1:e4f7b5a3:::benchmark_data_gdb1_2999_object103:head# ~320
2017-07-07 21:40:08.186755 7fc1280c9700 10 memstore(/var/lib/ceph/osd/ceph-0) _write 1.27_head #1:e4f7b5a3:::benchmark_data_gdb1_2999_object103:head# 0~1048576
2017-07-07 21:40:08.187252 7fc1280c9700 10 memstore(/var/lib/ceph/osd/ceph-0) _omap_setkeys 1.27_head #1:e4000000::::head# ~424
2017-07-07 21:40:08.187638 7fc1298cc700 10 memstore(/var/lib/ceph/osd/ceph-0) _omap_setkeys 1.1_head #1:80000000::::head# ~424
2017-07-07 21:40:08.188550 7fc12c8d2700 10 memstore(/var/lib/ceph/osd/ceph-0) _do_transaction 0
2017-07-07 21:40:08.188553 7fc12c8d2700 10 memstore(/var/lib/ceph/osd/ceph-0) _touch 1.0_head #1:00ccb3be:::benchmark_data_gdb1_2999_object104:head#
2017-07-07 21:40:08.189092 7fc12c8d2700 10 memstore(/var/lib/ceph/osd/ceph-0) _setattrs 1.0_head #1:00ccb3be:::benchmark_data_gdb1_2999_object104:head# ~320
2017-07-07 21:40:08.189097 7fc12c8d2700 10 memstore(/var/lib/ceph/osd/ceph-0) _write 1.0_head #1:00ccb3be:::benchmark_data_gdb1_2999_object104:head# 0~1048576
2017-07-07 21:40:08.189276 7fc12b0cf700 10 memstore(/var/lib/ceph/osd/ceph-0) _do_transaction 0
2017-07-07 21:40:08.189280 7fc12b0cf700 10 memstore(/var/lib/ceph/osd/ceph-0) _touch 1.2b_head #1:d424e2f8:::benchmark_data_gdb1_2999_object105:head#
2017-07-07 21:40:08.189780 7fc12b0cf700 10 memstore(/var/lib/ceph/osd/ceph-0) _setattrs 1.2b_head #1:d424e2f8:::benchmark_data_gdb1_2999_object105:head# ~320
2017-07-07 21:40:08.189791 7fc12b0cf700 10 memstore(/var/lib/ceph/osd/ceph-0) _write 1.2b_head #1:d424e2f8:::benchmark_data_gdb1_2999_object105:head# 0~1048576
2017-07-07 21:40:08.190286 7fc12b0cf700 10 memstore(/var/lib/ceph/osd/ceph-0) _omap_setkeys 1.2b_head #1:d4000000::::head# ~424
2017-07-07 21:40:08.190674 7fc12c8d2700 10 memstore(/var/lib/ceph/osd/ceph-0) _omap_setkeys 1.0_head #1:00000000::::head# ~424
2017-07-07 21:40:08.191629 7fc1288ca700 10 memstore(/var/lib/ceph/osd/ceph-0) _do_transaction 0
2017-07-07 21:40:08.191632 7fc1288ca700 10 memstore(/var/lib/ceph/osd/ceph-0) _touch 1.3_head #1:c0e37e00:::benchmark_data_gdb1_2999_object106:head#
2017-07-07 21:40:08.192226 7fc1288ca700 10 memstore(/var/lib/ceph/osd/ceph-0) _setattrs 1.3_head #1:c0e37e00:::benchmark_data_gdb1_2999_object106:head# ~320
2017-07-07 21:40:08.192232 7fc1288ca700 10 memstore(/var/lib/ceph/osd/ceph-0) _write 1.3_head #1:c0e37e00:::benchmark_data_gdb1_2999_object106:head# 0~1048576
2017-07-07 21:40:08.192401 7fc12c0d1700 10 memstore(/var/lib/ceph/osd/ceph-0) _do_transaction 0
2017-07-07 21:40:08.192404 7fc12c0d1700 10 memstore(/var/lib/ceph/osd/ceph-0) _touch 1.4c_head #1:32a3a883:::benchmark_data_gdb1_2999_object107:head#
2017-07-07 21:40:08.192804 7fc1288ca700 10 memstore(/var/lib/ceph/osd/ceph-0) _omap_setkeys 1.3_head #1:c0000000::::head# ~424
2017-07-07 21:40:08.192934 7fc12c0d1700 10 memstore(/var/lib/ceph/osd/ceph-0) _setattrs 1.4c_head #1:32a3a883:::benchmark_data_gdb1_2999_object107:head# ~320
2017-07-07 21:40:08.192944 7fc12c0d1700 10 memstore(/var/lib/ceph/osd/ceph-0) _write 1.4c_head #1:32a3a883:::benchmark_data_gdb1_2999_object107:head# 0~1048576
2017-07-07 21:40:08.193518 7fc12c0d1700 10 memstore(/var/lib/ceph/osd/ceph-0) _omap_setkeys 1.4c_head #1:32000000::::head# ~424
2017-07-07 21:40:08.194201 7fc12a0cd700 10 memstore(/var/lib/ceph/osd/ceph-0) _do_transaction 0
2017-07-07 21:40:08.194205 7fc12a0cd700 10 memstore(/var/lib/ceph/osd/ceph-0) _touch 1.46_head #1:62b8406b:::benchmark_data_gdb1_2999_object108:head#
2017-07-07 21:40:08.194904 7fc12c8d2700 10 memstore(/var/lib/ceph/osd/ceph-0) _do_transaction 0
2017-07-07 21:40:08.194909 7fc12c8d2700 10 memstore(/var/lib/ceph/osd/ceph-0) _touch 1.3c_head #1:3c198396:::benchmark_data_gdb1_2999_object109:head#
2017-07-07 21:40:08.194968 7fc12a0cd700 10 memstore(/var/lib/ceph/osd/ceph-0) _setattrs 1.46_head #1:62b8406b:::benchmark_data_gdb1_2999_object108:head# ~320
2017-07-07 21:40:08.194973 7fc12a0cd700 10 memstore(/var/lib/ceph/osd/ceph-0) _write 1.46_head #1:62b8406b:::benchmark_data_gdb1_2999_object108:head# 0~1048576
2017-07-07 21:40:08.195486 7fc12c8d2700 10 memstore(/var/lib/ceph/osd/ceph-0) _setattrs 1.3c_head #1:3c198396:::benchmark_data_gdb1_2999_object109:head# ~320
2017-07-07 21:40:08.195492 7fc12c8d2700 10 memstore(/var/lib/ceph/osd/ceph-0) _write 1.3c_head #1:3c198396:::benchmark_data_gdb1_2999_object109:head# 0~1048576
2017-07-07 21:40:08.195560 7fc12a0cd700 10 memstore(/var/lib/ceph/osd/ceph-0) _omap_setkeys 1.46_head #1:62000000::::head# ~424
2017-07-07 21:40:08.196025 7fc12c8d2700 10 memstore(/var/lib/ceph/osd/ceph-0) _omap_setkeys 1.3c_head #1:3c000000::::head# ~424
2017-07-07 21:40:08.196852 7fc1290cb700 10 memstore(/var/lib/ceph/osd/ceph-0) _do_transaction 0
2017-07-07 21:40:08.196856 7fc1290cb700 10 memstore(/var/lib/ceph/osd/ceph-0) _touch 1.4d_head #1:b2b1c707:::benchmark_data_gdb1_2999_object110:head#
2017-07-07 21:40:08.197428 7fc1290cb700 10 memstore(/var/lib/ceph/osd/ceph-0) _setattrs 1.4d_head #1:b2b1c707:::benchmark_data_gdb1_2999_object110:head# ~320
2017-07-07 21:40:08.197433 7fc1290cb700 10 memstore(/var/lib/ceph/osd/ceph-0) _write 1.4d_head #1:b2b1c707:::benchmark_data_gdb1_2999_object110:head# 0~1048576
2017-07-07 21:40:08.197598 7fc12a0cd700 10 memstore(/var/lib/ceph/osd/ceph-0) _do_transaction 0
2017-07-07 21:40:08.197601 7fc12a0cd700 10 memstore(/var/lib/ceph/osd/ceph-0) _touch 1.41_head #1:828cbdf8:::benchmark_data_gdb1_2999_object111:head#
2017-07-07 21:40:08.198152 7fc12a0cd700 10 memstore(/var/lib/ceph/osd/ceph-0) _setattrs 1.41_head #1:828cbdf8:::benchmark_data_gdb1_2999_object111:head# ~320
2017-07-07 21:40:08.198157 7fc12a0cd700 10 memstore(/var/lib/ceph/osd/ceph-0) _write 1.41_head #1:828cbdf8:::benchmark_data_gdb1_2999_object111:head# 0~1048576
2017-07-07 21:40:08.198745 7fc12b0cf700 10 memstore(/var/lib/ceph/osd/ceph-0) _do_transaction 0
2017-07-07 21:40:08.198749 7fc12b0cf700 10 memstore(/var/lib/ceph/osd/ceph-0) _touch 1.3_head #1:c0f5e130:::benchmark_data_gdb1_2999_object112:head#
2017-07-07 21:40:08.199287 7fc12b0cf700 10 memstore(/var/lib/ceph/osd/ceph-0) _setattrs 1.3_head #1:c0f5e130:::benchmark_data_gdb1_2999_object112:head# ~320
2017-07-07 21:40:08.199291 7fc12b0cf700 10 memstore(/var/lib/ceph/osd/ceph-0) _write 1.3_head #1:c0f5e130:::benchmark_data_gdb1_2999_object112:head# 0~1048576
2017-07-07 21:40:08.199448 7fc1288ca700 10 memstore(/var/lib/ceph/osd/ceph-0) _do_transaction 0
2017-07-07 21:40:08.199451 7fc1288ca700 10 memstore(/var/lib/ceph/osd/ceph-0) _touch 1.8_head #1:1196a6f1:::benchmark_data_gdb1_2999_object113:head#
2017-07-07 21:40:08.199842 7fc12b0cf700 10 memstore(/var/lib/ceph/osd/ceph-0) _omap_setkeys 1.3_head #1:c0000000::::head# ~424
2017-07-07 21:40:08.200439 7fc12a0cd700 10 memstore(/var/lib/ceph/osd/ceph-0) _omap_setkeys 1.41_head #1:82000000::::head# ~424
2017-07-07 21:40:08.200552 7fc1288ca700 10 memstore(/var/lib/ceph/osd/ceph-0) _setattrs 1.8_head #1:1196a6f1:::benchmark_data_gdb1_2999_object113:head# ~320
2017-07-07 21:40:08.200582 7fc1288ca700 10 memstore(/var/lib/ceph/osd/ceph-0) _write 1.8_head #1:1196a6f1:::benchmark_data_gdb1_2999_object113:head# 0~1048576
2017-07-07 21:40:08.202106 7fc1288ca700 10 memstore(/var/lib/ceph/osd/ceph-0) _omap_setkeys 1.8_head #1:10000000::::head# ~424
2017-07-07 21:40:08.202216 7fc1290cb700 10 memstore(/var/lib/ceph/osd/ceph-0) _omap_setkeys 1.4d_head #1:b2000000::::head# ~424
2017-07-07 21:40:08.205922 7fc12b8d0700 10 memstore(/var/lib/ceph/osd/ceph-0) _do_transaction 0
2017-07-07 21:40:08.205925 7fc12b8d0700 10 memstore(/var/lib/ceph/osd/ceph-0) _touch 1.1b_head #1:d9d8a64c:::benchmark_data_gdb1_2999_object114:head#
2017-07-07 21:40:08.206404 7fc12b8d0700 10 memstore(/var/lib/ceph/osd/ceph-0) _setattrs 1.1b_head #1:d9d8a64c:::benchmark_data_gdb1_2999_object114:head# ~320
2017-07-07 21:40:08.206409 7fc12b8d0700 10 memstore(/var/lib/ceph/osd/ceph-0) _write 1.1b_head #1:d9d8a64c:::benchmark_data_gdb1_2999_object114:head# 0~1048576
2017-07-07 21:40:08.206939 7fc12b8d0700 10 memstore(/var/lib/ceph/osd/ceph-0) _omap_setkeys 1.1b_head #1:d8000000::::head# ~424
2017-07-07 21:40:08.207131 7fc12b8d0700 10 memstore(/var/lib/ceph/osd/ceph-0) _do_transaction 0
2017-07-07 21:40:08.207134 7fc12b8d0700 10 memstore(/var/lib/ceph/osd/ceph-0) _touch 1.2_head #1:400296f6:::benchmark_data_gdb1_2999_object115:head#
2017-07-07 21:40:08.207630 7fc12b8d0700 10 memstore(/var/lib/ceph/osd/ceph-0) _setattrs 1.2_head #1:400296f6:::benchmark_data_gdb1_2999_object115:head# ~320
2017-07-07 21:40:08.207634 7fc12b8d0700 10 memstore(/var/lib/ceph/osd/ceph-0) _write 1.2_head #1:400296f6:::benchmark_data_gdb1_2999_object115:head# 0~1048576
2017-07-07 21:40:08.208159 7fc12b8d0700 10 memstore(/var/lib/ceph/osd/ceph-0) _omap_setkeys 1.2_head #1:40000000::::head# ~424
2017-07-07 21:40:08.208690 7fc12a8ce700 10 memstore(/var/lib/ceph/osd/ceph-0) _do_transaction 0
2017-07-07 21:40:08.208694 7fc12a8ce700 10 memstore(/var/lib/ceph/osd/ceph-0) _touch 1.27_head #1:e6e34685:::benchmark_data_gdb1_2999_object116:head#
2017-07-07 21:40:08.209194 7fc12a8ce700 10 memstore(/var/lib/ceph/osd/ceph-0) _setattrs 1.27_head #1:e6e34685:::benchmark_data_gdb1_2999_object116:head# ~320
2017-07-07 21:40:08.209204 7fc12a8ce700 10 memstore(/var/lib/ceph/osd/ceph-0) _write 1.27_head #1:e6e34685:::benchmark_data_gdb1_2999_object116:head# 0~1048576
2017-07-07 21:40:08.209702 7fc12a8ce700 10 memstore(/var/lib/ceph/osd/ceph-0) _omap_setkeys 1.27_head #1:e4000000::::head# ~424
2017-07-07 21:40:08.210617 7fc12c8d2700 10 memstore(/var/lib/ceph/osd/ceph-0) _do_transaction 0
2017-07-07 21:40:08.210621 7fc12c8d2700 10 memstore(/var/lib/ceph/osd/ceph-0) _touch 1.19_head #1:99471968:::benchmark_data_gdb1_2999_object117:head#
2017-07-07 21:40:08.211148 7fc12c8d2700 10 memstore(/var/lib/ceph/osd/ceph-0) _setattrs 1.19_head #1:99471968:::benchmark_data_gdb1_2999_object117:head# ~320
2017-07-07 21:40:08.211160 7fc12c8d2700 10 memstore(/var/lib/ceph/osd/ceph-0) _write 1.19_head #1:99471968:::benchmark_data_gdb1_2999_object117:head# 0~1048576
2017-07-07 21:40:08.211683 7fc12c8d2700 10 memstore(/var/lib/ceph/osd/ceph-0) _omap_setkeys 1.19_head #1:98000000::::head# ~424
2017-07-07 21:40:08.212671 7fc12b0cf700 10 memstore(/var/lib/ceph/osd/ceph-0) _do_transaction 0
2017-07-07 21:40:08.212675 7fc12b0cf700 10 memstore(/var/lib/ceph/osd/ceph-0) _touch 1.30_head #1:0d21bdee:::benchmark_data_gdb1_2999_object118:head#
2017-07-07 21:40:08.213270 7fc12b0cf700 10 memstore(/var/lib/ceph/osd/ceph-0) _setattrs 1.30_head #1:0d21bdee:::benchmark_data_gdb1_2999_object118:head# ~320
2017-07-07 21:40:08.213275 7fc12b0cf700 10 memstore(/var/lib/ceph/osd/ceph-0) _write 1.30_head #1:0d21bdee:::benchmark_data_gdb1_2999_object118:head# 0~1048576
2017-07-07 21:40:08.213456 7fc1280c9700 10 memstore(/var/lib/ceph/osd/ceph-0) _do_transaction 0
2017-07-07 21:40:08.213459 7fc1280c9700 10 memstore(/var/lib/ceph/osd/ceph-0) _touch 1.e_head #1:7037f1a0:::benchmark_data_gdb1_2999_object119:head#
2017-07-07 21:40:08.213981 7fc1280c9700 10 memstore(/var/lib/ceph/osd/ceph-0) _setattrs 1.e_head #1:7037f1a0:::benchmark_data_gdb1_2999_object119:head# ~320
2017-07-07 21:40:08.213994 7fc1280c9700 10 memstore(/var/lib/ceph/osd/ceph-0) _write 1.e_head #1:7037f1a0:::benchmark_data_gdb1_2999_object119:head# 0~1048576
2017-07-07 21:40:08.214398 7fc12b0cf700 10 memstore(/var/lib/ceph/osd/ceph-0) _omap_setkeys 1.30_head #1:0c000000::::head# ~424
2017-07-07 21:40:08.214594 7fc1280c9700 10 memstore(/var/lib/ceph/osd/ceph-0) _omap_setkeys 1.e_head #1:70000000::::head# ~424
2017-07-07 21:40:08.215540 7fc1288ca700 10 memstore(/var/lib/ceph/osd/ceph-0) _do_transaction 0
2017-07-07 21:40:08.215543 7fc1288ca700 10 memstore(/var/lib/ceph/osd/ceph-0) _touch 1.3f_head #1:fff57584:::benchmark_data_gdb1_2999_object120:head#
2017-07-07 21:40:08.216122 7fc1288ca700 10 memstore(/var/lib/ceph/osd/ceph-0) _setattrs 1.3f_head #1:fff57584:::benchmark_data_gdb1_2999_object120:head# ~320
2017-07-07 21:40:08.216127 7fc1288ca700 10 memstore(/var/lib/ceph/osd/ceph-0) _write 1.3f_head #1:fff57584:::benchmark_data_gdb1_2999_object120:head# 0~1048576
2017-07-07 21:40:08.216307 7fc12a8ce700 10 memstore(/var/lib/ceph/osd/ceph-0) _do_transaction 0
2017-07-07 21:40:08.216311 7fc12a8ce700 10 memstore(/var/lib/ceph/osd/ceph-0) _touch 1.3b_head #1:dc1a41be:::benchmark_data_gdb1_2999_object121:head#
2017-07-07 21:40:08.216695 7fc1288ca700 10 memstore(/var/lib/ceph/osd/ceph-0) _omap_setkeys 1.3f_head #1:fc000000::::head# ~424
2017-07-07 21:40:08.216849 7fc12a8ce700 10 memstore(/var/lib/ceph/osd/ceph-0) _setattrs 1.3b_head #1:dc1a41be:::benchmark_data_gdb1_2999_object121:head# ~320
2017-07-07 21:40:08.216861 7fc12a8ce700 10 memstore(/var/lib/ceph/osd/ceph-0) _write 1.3b_head #1:dc1a41be:::benchmark_data_gdb1_2999_object121:head# 0~1048576
2017-07-07 21:40:08.217433 7fc12a8ce700 10 memstore(/var/lib/ceph/osd/ceph-0) _omap_setkeys 1.3b_head #1:dc000000::::head# ~424
2017-07-07 21:40:08.218367 7fc1290cb700 10 memstore(/var/lib/ceph/osd/ceph-0) _do_transaction 0
2017-07-07 21:40:08.218370 7fc1290cb700 10 memstore(/var/lib/ceph/osd/ceph-0) _touch 1.1b_head #1:d83bf682:::benchmark_data_gdb1_2999_object122:head#
2017-07-07 21:40:08.218934 7fc1290cb700 10 memstore(/var/lib/ceph/osd/ceph-0) _setattrs 1.1b_head #1:d83bf682:::benchmark_data_gdb1_2999_object122:head# ~320
2017-07-07 21:40:08.218939 7fc1290cb700 10 memstore(/var/lib/ceph/osd/ceph-0) _write 1.1b_head #1:d83bf682:::benchmark_data_gdb1_2999_object122:head# 0~1048576
2017-07-07 21:40:08.219088 7fc12a0cd700 10 memstore(/var/lib/ceph/osd/ceph-0) _do_transaction 0
2017-07-07 21:40:08.219091 7fc12a0cd700 10 memstore(/var/lib/ceph/osd/ceph-0) _touch 1.1e_head #1:79ffc614:::benchmark_data_gdb1_2999_object123:head#
2017-07-07 21:40:08.219527 7fc1290cb700 10 memstore(/var/lib/ceph/osd/ceph-0) _omap_setkeys 1.1b_head #1:d8000000::::head# ~424
2017-07-07 21:40:08.219652 7fc12a0cd700 10 memstore(/var/lib/ceph/osd/ceph-0) _setattrs 1.1e_head #1:79ffc614:::benchmark_data_gdb1_2999_object123:head# ~320
2017-07-07 21:40:08.219663 7fc12a0cd700 10 memstore(/var/lib/ceph/osd/ceph-0) _write 1.1e_head #1:79ffc614:::benchmark_data_gdb1_2999_object123:head# 0~1048576
2017-07-07 21:40:08.220274 7fc12a0cd700 10 memstore(/var/lib/ceph/osd/ceph-0) _omap_setkeys 1.1e_head #1:78000000::::head# ~424
2017-07-07 21:40:08.220617 7fc1280c9700 10 memstore(/var/lib/ceph/osd/ceph-0) _do_transaction 0
2017-07-07 21:40:08.220620 7fc1280c9700 10 memstore(/var/lib/ceph/osd/ceph-0) _touch 1.27_head #1:e52e8d67:::benchmark_data_gdb1_2999_object124:head#
2017-07-07 21:40:08.221119 7fc1280c9700 10 memstore(/var/lib/ceph/osd/ceph-0) _setattrs 1.27_head #1:e52e8d67:::benchmark_data_gdb1_2999_object124:head# ~320
2017-07-07 21:40:08.221130 7fc1280c9700 10 memstore(/var/lib/ceph/osd/ceph-0) _write 1.27_head #1:e52e8d67:::benchmark_data_gdb1_2999_object124:head# 0~1048576
2017-07-07 21:40:08.221664 7fc1280c9700 10 memstore(/var/lib/ceph/osd/ceph-0) _omap_setkeys 1.27_head #1:e4000000::::head# ~424
2017-07-07 21:40:08.222413 7fc12b8d0700 10 memstore(/var/lib/ceph/osd/ceph-0) _do_transaction 0
2017-07-07 21:40:08.222418 7fc12b8d0700 10 memstore(/var/lib/ceph/osd/ceph-0) _touch 1.52_head #1:4bfbc164:::benchmark_data_gdb1_2999_object125:head#
2017-07-07 21:40:08.222912 7fc12b8d0700 10 memstore(/var/lib/ceph/osd/ceph-0) _setattrs 1.52_head #1:4bfbc164:::benchmark_data_gdb1_2999_object125:head# ~320
2017-07-07 21:40:08.222922 7fc12b8d0700 10 memstore(/var/lib/ceph/osd/ceph-0) _write 1.52_head #1:4bfbc164:::benchmark_data_gdb1_2999_object125:head# 0~1048576
2017-07-07 21:40:08.223433 7fc12b8d0700 10 memstore(/var/lib/ceph/osd/ceph-0) _omap_setkeys 1.52_head #1:4a000000::::head# ~424
2017-07-07 21:40:08.224360 7fc1298cc700 10 memstore(/var/lib/ceph/osd/ceph-0) _do_transaction 0
2017-07-07 21:40:08.224364 7fc1298cc700 10 memstore(/var/lib/ceph/osd/ceph-0) _touch 1.2e_head #1:7781a6c2:::benchmark_data_gdb1_2999_object126:head#
2017-07-07 21:40:08.224914 7fc1298cc700 10 memstore(/var/lib/ceph/osd/ceph-0) _setattrs 1.2e_head #1:7781a6c2:::benchmark_data_gdb1_2999_object126:head# ~320
2017-07-07 21:40:08.224919 7fc1298cc700 10 memstore(/var/lib/ceph/osd/ceph-0) _write 1.2e_head #1:7781a6c2:::benchmark_data_gdb1_2999_object126:head# 0~1048576
2017-07-07 21:40:08.226056 7fc1298cc700 10 memstore(/var/lib/ceph/osd/ceph-0) _omap_setkeys 1.2e_head #1:74000000::::head# ~424
2017-07-07 21:40:08.229659 7fc1290cb700 10 memstore(/var/lib/ceph/osd/ceph-0) _do_transaction 0
2017-07-07 21:40:08.229662 7fc1290cb700 10 memstore(/var/lib/ceph/osd/ceph-0) _touch 1.2f_head #1:f55d67e1:::benchmark_data_gdb1_2999_object127:head#
2017-07-07 21:40:08.230164 7fc1290cb700 10 memstore(/var/lib/ceph/osd/ceph-0) _setattrs 1.2f_head #1:f55d67e1:::benchmark_data_gdb1_2999_object127:head# ~320
2017-07-07 21:40:08.230169 7fc1290cb700 10 memstore(/var/lib/ceph/osd/ceph-0) _write 1.2f_head #1:f55d67e1:::benchmark_data_gdb1_2999_object127:head# 0~1048576
2017-07-07 21:40:08.230666 7fc1290cb700 10 memstore(/var/lib/ceph/osd/ceph-0) _omap_setkeys 1.2f_head #1:f4000000::::head# ~424
2017-07-07 21:40:08.231406 7fc12c8d2700 10 memstore(/var/lib/ceph/osd/ceph-0) _do_transaction 0
2017-07-07 21:40:08.231409 7fc12c8d2700 10 memstore(/var/lib/ceph/osd/ceph-0) _touch 1.14_head #1:2938e1e5:::benchmark_data_gdb1_2999_object128:head#
2017-07-07 21:40:08.231914 7fc12c8d2700 10 memstore(/var/lib/ceph/osd/ceph-0) _setattrs 1.14_head #1:2938e1e5:::benchmark_data_gdb1_2999_object128:head# ~320
2017-07-07 21:40:08.231918 7fc12c8d2700 10 memstore(/var/lib/ceph/osd/ceph-0) _write 1.14_head #1:2938e1e5:::benchmark_data_gdb1_2999_object128:head# 0~1048576
2017-07-07 21:40:08.232414 7fc12c8d2700 10 memstore(/var/lib/ceph/osd/ceph-0) _omap_setkeys 1.14_head #1:28000000::::head# ~424
2017-07-07 21:40:08.232879 7fc12c0d1700 10 memstore(/var/lib/ceph/osd/ceph-0) _do_transaction 0
2017-07-07 21:40:08.232883 7fc12c0d1700 10 memstore(/var/lib/ceph/osd/ceph-0) _touch 1.47_head #1:e37c9952:::benchmark_data_gdb1_2999_object129:head#
2017-07-07 21:40:08.233416 7fc12c0d1700 10 memstore(/var/lib/ceph/osd/ceph-0) _setattrs 1.47_head #1:e37c9952:::benchmark_data_gdb1_2999_object129:head# ~320
2017-07-07 21:40:08.233421 7fc12c0d1700 10 memstore(/var/lib/ceph/osd/ceph-0) _write 1.47_head #1:e37c9952:::benchmark_data_gdb1_2999_object129:head# 0~1048576
2017-07-07 21:40:08.233887 7fc12b0cf700 10 memstore(/var/lib/ceph/osd/ceph-0) _do_transaction 0
2017-07-07 21:40:08.233891 7fc12b0cf700 10 memstore(/var/lib/ceph/osd/ceph-0) _touch 1.3f_head #1:feecd370:::benchmark_data_gdb1_2999_object130:head#
2017-07-07 21:40:08.234418 7fc12b0cf700 10 memstore(/var/lib/ceph/osd/ceph-0) _setattrs 1.3f_head #1:feecd370:::benchmark_data_gdb1_2999_object130:head# ~320
2017-07-07 21:40:08.234431 7fc12b0cf700 10 memstore(/var/lib/ceph/osd/ceph-0) _write 1.3f_head #1:feecd370:::benchmark_data_gdb1_2999_object130:head# 0~1048576
2017-07-07 21:40:08.234928 7fc12b0cf700 10 memstore(/var/lib/ceph/osd/ceph-0) _omap_setkeys 1.3f_head #1:fc000000::::head# ~424
2017-07-07 21:40:08.234999 7fc12c0d1700 10 memstore(/var/lib/ceph/osd/ceph-0) _omap_setkeys 1.47_head #1:e2000000::::head# ~424
2017-07-07 21:40:08.235904 7fc12b8d0700 10 memstore(/var/lib/ceph/osd/ceph-0) _do_transaction 0
2017-07-07 21:40:08.235910 7fc12b8d0700 10 memstore(/var/lib/ceph/osd/ceph-0) _touch 1.3e_head #1:7d6c6a50:::benchmark_data_gdb1_2999_object131:head#
2017-07-07 21:40:08.236457 7fc12b8d0700 10 memstore(/var/lib/ceph/osd/ceph-0) _setattrs 1.3e_head #1:7d6c6a50:::benchmark_data_gdb1_2999_object131:head# ~320
2017-07-07 21:40:08.236461 7fc12b8d0700 10 memstore(/var/lib/ceph/osd/ceph-0) _write 1.3e_head #1:7d6c6a50:::benchmark_data_gdb1_2999_object131:head# 0~1048576
2017-07-07 21:40:08.236908 7fc1298cc700 10 memstore(/var/lib/ceph/osd/ceph-0) _do_transaction 0
2017-07-07 21:40:08.236911 7fc1298cc700 10 memstore(/var/lib/ceph/osd/ceph-0) _touch 1.b_head #1:d1ccb8e0:::benchmark_data_gdb1_2999_object132:head#
2017-07-07 21:40:08.237196 7fc12b8d0700 10 memstore(/var/lib/ceph/osd/ceph-0) _omap_setkeys 1.3e_head #1:7c000000::::head# ~424
2017-07-07 21:40:08.237451 7fc1298cc700 10 memstore(/var/lib/ceph/osd/ceph-0) _setattrs 1.b_head #1:d1ccb8e0:::benchmark_data_gdb1_2999_object132:head# ~320
2017-07-07 21:40:08.237463 7fc1298cc700 10 memstore(/var/lib/ceph/osd/ceph-0) _write 1.b_head #1:d1ccb8e0:::benchmark_data_gdb1_2999_object132:head# 0~1048576
2017-07-07 21:40:08.238044 7fc1298cc700 10 memstore(/var/lib/ceph/osd/ceph-0) _omap_setkeys 1.b_head #1:d0000000::::head# ~424
2017-07-07 21:40:08.238358 7fc12a0cd700 10 memstore(/var/lib/ceph/osd/ceph-0) _do_transaction 0
2017-07-07 21:40:08.238362 7fc12a0cd700 10 memstore(/var/lib/ceph/osd/ceph-0) _touch 1.23_head #1:c40e63c0:::benchmark_data_gdb1_2999_object133:head#
2017-07-07 21:40:08.238915 7fc12a0cd700 10 memstore(/var/lib/ceph/osd/ceph-0) _setattrs 1.23_head #1:c40e63c0:::benchmark_data_gdb1_2999_object133:head# ~320
2017-07-07 21:40:08.238919 7fc12a0cd700 10 memstore(/var/lib/ceph/osd/ceph-0) _write 1.23_head #1:c40e63c0:::benchmark_data_gdb1_2999_object133:head# 0~1048576
2017-07-07 21:40:08.239140 7fc1288ca700 10 memstore(/var/lib/ceph/osd/ceph-0) _do_transaction 0
2017-07-07 21:40:08.239143 7fc1288ca700 10 memstore(/var/lib/ceph/osd/ceph-0) _touch 1.d_head #1:b1646354:::benchmark_data_gdb1_2999_object134:head#
2017-07-07 21:40:08.239690 7fc1288ca700 10 memstore(/var/lib/ceph/osd/ceph-0) _setattrs 1.d_head #1:b1646354:::benchmark_data_gdb1_2999_object134:head# ~320
2017-07-07 21:40:08.239694 7fc1288ca700 10 memstore(/var/lib/ceph/osd/ceph-0) _write 1.d_head #1:b1646354:::benchmark_data_gdb1_2999_object134:head# 0~1048576
2017-07-07 21:40:08.239893 7fc12a8ce700 10 memstore(/var/lib/ceph/osd/ceph-0) _do_transaction 0
2017-07-07 21:40:08.239897 7fc12a8ce700 10 memstore(/var/lib/ceph/osd/ceph-0) _touch 1.13_head #1:c8bee802:::benchmark_data_gdb1_2999_object135:head#
2017-07-07 21:40:08.240251 7fc1288ca700 10 memstore(/var/lib/ceph/osd/ceph-0) _omap_setkeys 1.d_head #1:b0000000::::head# ~424
2017-07-07 21:40:08.240442 7fc12a8ce700 10 memstore(/var/lib/ceph/osd/ceph-0) _setattrs 1.13_head #1:c8bee802:::benchmark_data_gdb1_2999_object135:head# ~320
2017-07-07 21:40:08.240447 7fc12a8ce700 10 memstore(/var/lib/ceph/osd/ceph-0) _write 1.13_head #1:c8bee802:::benchmark_data_gdb1_2999_object135:head# 0~1048576
2017-07-07 21:40:08.240931 7fc12a0cd700 10 memstore(/var/lib/ceph/osd/ceph-0) _omap_setkeys 1.23_head #1:c4000000::::head# ~424
2017-07-07 21:40:08.241597 7fc12a8ce700 10 memstore(/var/lib/ceph/osd/ceph-0) _omap_setkeys 1.13_head #1:c8000000::::head# ~424
2017-07-07 21:40:08.241894 7fc1290cb700 10 memstore(/var/lib/ceph/osd/ceph-0) _do_transaction 0
2017-07-07 21:40:08.241897 7fc1290cb700 10 memstore(/var/lib/ceph/osd/ceph-0) _touch 1.2_head #1:40f27f9a:::benchmark_data_gdb1_2999_object136:head#
2017-07-07 21:40:08.242430 7fc1290cb700 10 memstore(/var/lib/ceph/osd/ceph-0) _setattrs 1.2_head #1:40f27f9a:::benchmark_data_gdb1_2999_object136:head# ~320
2017-07-07 21:40:08.242434 7fc1290cb700 10 memstore(/var/lib/ceph/osd/ceph-0) _write 1.2_head #1:40f27f9a:::benchmark_data_gdb1_2999_object136:head# 0~1048576
2017-07-07 21:40:08.242604 7fc12c0d1700 10 memstore(/var/lib/ceph/osd/ceph-0) _do_transaction 0
2017-07-07 21:40:08.242608 7fc12c0d1700 10 memstore(/var/lib/ceph/osd/ceph-0) _touch 1.2e_head #1:75c37892:::benchmark_data_gdb1_2999_object137:head#
2017-07-07 21:40:08.243011 7fc1290cb700 10 memstore(/var/lib/ceph/osd/ceph-0) _omap_setkeys 1.2_head #1:40000000::::head# ~424
2017-07-07 21:40:08.243137 7fc12c0d1700 10 memstore(/var/lib/ceph/osd/ceph-0) _setattrs 1.2e_head #1:75c37892:::benchmark_data_gdb1_2999_object137:head# ~320
2017-07-07 21:40:08.243149 7fc12c0d1700 10 memstore(/var/lib/ceph/osd/ceph-0) _write 1.2e_head #1:75c37892:::benchmark_data_gdb1_2999_object137:head# 0~1048576
2017-07-07 21:40:08.243742 7fc12c0d1700 10 memstore(/var/lib/ceph/osd/ceph-0) _omap_setkeys 1.2e_head #1:74000000::::head# ~424
2017-07-07 21:40:08.244065 7fc1298cc700 10 memstore(/var/lib/ceph/osd/ceph-0) _do_transaction 0
2017-07-07 21:40:08.244068 7fc1298cc700 10 memstore(/var/lib/ceph/osd/ceph-0) _touch 1.29_head #1:961991ac:::benchmark_data_gdb1_2999_object138:head#
2017-07-07 21:40:08.244564 7fc1298cc700 10 memstore(/var/lib/ceph/osd/ceph-0) _setattrs 1.29_head #1:961991ac:::benchmark_data_gdb1_2999_object138:head# ~320
2017-07-07 21:40:08.244578 7fc1298cc700 10 memstore(/var/lib/ceph/osd/ceph-0) _write 1.29_head #1:961991ac:::benchmark_data_gdb1_2999_object138:head# 0~1048576
2017-07-07 21:40:08.245090 7fc1298cc700 10 memstore(/var/lib/ceph/osd/ceph-0) _omap_setkeys 1.29_head #1:94000000::::head# ~424
2017-07-07 21:40:08.245818 7fc12c0d1700 10 memstore(/var/lib/ceph/osd/ceph-0) _do_transaction 0
2017-07-07 21:40:08.245821 7fc12c0d1700 10 memstore(/var/lib/ceph/osd/ceph-0) _touch 1.38_head #1:1f8ad56e:::benchmark_data_gdb1_2999_object139:head#
2017-07-07 21:40:08.246381 7fc12c0d1700 10 memstore(/var/lib/ceph/osd/ceph-0) _setattrs 1.38_head #1:1f8ad56e:::benchmark_data_gdb1_2999_object139:head# ~320
2017-07-07 21:40:08.246386 7fc12c0d1700 10 memstore(/var/lib/ceph/osd/ceph-0) _write 1.38_head #1:1f8ad56e:::benchmark_data_gdb1_2999_object139:head# 0~1048576
2017-07-07 21:40:08.246559 7fc12b8d0700 10 memstore(/var/lib/ceph/osd/ceph-0) _do_transaction 0
2017-07-07 21:40:08.246562 7fc12b8d0700 10 memstore(/var/lib/ceph/osd/ceph-0) _touch 1.2a_head #1:5757d4d1:::benchmark_data_gdb1_2999_object140:head#
2017-07-07 21:40:08.247145 7fc12b8d0700 10 memstore(/var/lib/ceph/osd/ceph-0) _setattrs 1.2a_head #1:5757d4d1:::benchmark_data_gdb1_2999_object140:head# ~320
2017-07-07 21:40:08.247153 7fc12b8d0700 10 memstore(/var/lib/ceph/osd/ceph-0) _write 1.2a_head #1:5757d4d1:::benchmark_data_gdb1_2999_object140:head# 0~1048576
2017-07-07 21:40:08.247177 7fc12c0d1700 10 memstore(/var/lib/ceph/osd/ceph-0) _omap_setkeys 1.38_head #1:1c000000::::head# ~424
2017-07-07 21:40:08.247677 7fc12b8d0700 10 memstore(/var/lib/ceph/osd/ceph-0) _omap_setkeys 1.2a_head #1:54000000::::head# ~424
2017-07-07 21:40:08.248475 7fc1298cc700 10 memstore(/var/lib/ceph/osd/ceph-0) _do_transaction 0
2017-07-07 21:40:08.248480 7fc1298cc700 10 memstore(/var/lib/ceph/osd/ceph-0) _touch 1.1_head #1:81c703a8:::benchmark_data_gdb1_2999_object141:head#
2017-07-07 21:40:08.249089 7fc1298cc700 10 memstore(/var/lib/ceph/osd/ceph-0) _setattrs 1.1_head #1:81c703a8:::benchmark_data_gdb1_2999_object141:head# ~320
2017-07-07 21:40:08.249097 7fc1298cc700 10 memstore(/var/lib/ceph/osd/ceph-0) _write 1.1_head #1:81c703a8:::benchmark_data_gdb1_2999_object141:head# 0~1048576
2017-07-07 21:40:08.250185 7fc1298cc700 10 memstore(/var/lib/ceph/osd/ceph-0) _omap_setkeys 1.1_head #1:80000000::::head# ~424
2017-07-07 21:40:08.253805 7fc1290cb700 10 memstore(/var/lib/ceph/osd/ceph-0) _do_transaction 0
2017-07-07 21:40:08.253809 7fc1290cb700 10 memstore(/var/lib/ceph/osd/ceph-0) _touch 1.16_head #1:686b0659:::benchmark_data_gdb1_2999_object142:head#
2017-07-07 21:40:08.254370 7fc1290cb700 10 memstore(/var/lib/ceph/osd/ceph-0) _setattrs 1.16_head #1:686b0659:::benchmark_data_gdb1_2999_object142:head# ~320
2017-07-07 21:40:08.254375 7fc1290cb700 10 memstore(/var/lib/ceph/osd/ceph-0) _write 1.16_head #1:686b0659:::benchmark_data_gdb1_2999_object142:head# 0~1048576
2017-07-07 21:40:08.254878 7fc1290cb700 10 memstore(/var/lib/ceph/osd/ceph-0) _omap_setkeys 1.16_head #1:68000000::::head# ~424
2017-07-07 21:40:08.256081 7fc12c0d1700 10 memstore(/var/lib/ceph/osd/ceph-0) _do_transaction 0
2017-07-07 21:40:08.256084 7fc12c0d1700 10 memstore(/var/lib/ceph/osd/ceph-0) _touch 1.33_head #1:cc5fb6ba:::benchmark_data_gdb1_2999_object143:head#
2017-07-07 21:40:08.256387 7fc12b8d0700 10 memstore(/var/lib/ceph/osd/ceph-0) _do_transaction 0
2017-07-07 21:40:08.256390 7fc12b8d0700 10 memstore(/var/lib/ceph/osd/ceph-0) _touch 1.4d_head #1:b3e451ea:::benchmark_data_gdb1_2999_object144:head#
2017-07-07 21:40:08.257027 7fc12c0d1700 10 memstore(/var/lib/ceph/osd/ceph-0) _setattrs 1.33_head #1:cc5fb6ba:::benchmark_data_gdb1_2999_object143:head# ~320
2017-07-07 21:40:08.257033 7fc12c0d1700 10 memstore(/var/lib/ceph/osd/ceph-0) _write 1.33_head #1:cc5fb6ba:::benchmark_data_gdb1_2999_object143:head# 0~1048576
2017-07-07 21:40:08.257044 7fc12b8d0700 10 memstore(/var/lib/ceph/osd/ceph-0) _setattrs 1.4d_head #1:b3e451ea:::benchmark_data_gdb1_2999_object144:head# ~320
2017-07-07 21:40:08.257051 7fc12b8d0700 10 memstore(/var/lib/ceph/osd/ceph-0) _write 1.4d_head #1:b3e451ea:::benchmark_data_gdb1_2999_object144:head# 0~1048576
2017-07-07 21:40:08.257589 7fc12c0d1700 10 memstore(/var/lib/ceph/osd/ceph-0) _omap_setkeys 1.33_head #1:cc000000::::head# ~424
