2017-07-07 21:40:08.479923 7fc12a8ce700 10 memstore(/var/lib/ceph/osd/ceph-0) _touch 1.59_head #1:9b8a3206:::benchmark_data_gdb1_2999_object289:head#
2017-07-07 21:40:08.480497 7fc12a8ce700 10 memstore(/var/lib/ceph/osd/ceph-0) _setattrs 1.59_head #1:9b8a3206:::benchmark_data_gdb1_2999_object289:head# ~320
2017-07-07 21:40:08.480501 7fc12a8ce700 10 memstore(/var/lib/ceph/osd/ceph-0) _write 1.59_head #1:9b8a3206:::benchmark_data_gdb1_2999_object289:head# 0~1048576
2017-07-07 21:40:08.480674 7fc12b0cf700 10 memstore(/var/lib/ceph/osd/ceph-0) _do_transaction 0
2017-07-07 21:40:08.480678 7fc12b0cf700 10 memstore(/var/lib/ceph/osd/ceph-0) _touch 1.21_head #1:85687b46:::benchmark_data_gdb1_2999_object290:head#
2017-07-07 21:40:08.481061 7fc12a8ce700 10 memstore(/var/lib/ceph/osd/ceph-0) _omap_setkeys 1.59_head #1:9a000000::::head# ~424
2017-07-07 21:40:08.481245 7fc12b0cf700 10 memstore(/var/lib/ceph/osd/ceph-0) _setattrs 1.21_head #1:85687b46:::benchmark_data_gdb1_2999_object290:head# ~320
2017-07-07 21:40:08.481256 7fc12b0cf700 10 memstore(/var/lib/ceph/osd/ceph-0) _write 1.21_head #1:85687b46:::benchmark_data_gdb1_2999_object290:head# 0~1048576
2017-07-07 21:40:08.481786 7fc12b0cf700 10 memstore(/var/lib/ceph/osd/ceph-0) _omap_setkeys 1.21_head #1:84000000::::head# ~424
2017-07-07 21:40:08.482756 7fc1298cc700 10 memstore(/var/lib/ceph/osd/ceph-0) _do_transaction 0
2017-07-07 21:40:08.482759 7fc1298cc700 10 memstore(/var/lib/ceph/osd/ceph-0) _touch 1.29_head #1:95e6f3b9:::benchmark_data_gdb1_2999_object291:head#
2017-07-07 21:40:08.483317 7fc1298cc700 10 memstore(/var/lib/ceph/osd/ceph-0) _setattrs 1.29_head #1:95e6f3b9:::benchmark_data_gdb1_2999_object291:head# ~320
2017-07-07 21:40:08.483322 7fc1298cc700 10 memstore(/var/lib/ceph/osd/ceph-0) _write 1.29_head #1:95e6f3b9:::benchmark_data_gdb1_2999_object291:head# 0~1048576
2017-07-07 21:40:08.483498 7fc12c8d2700 10 memstore(/var/lib/ceph/osd/ceph-0) _do_transaction 0
2017-07-07 21:40:08.483501 7fc12c8d2700 10 memstore(/var/lib/ceph/osd/ceph-0) _touch 1.f_head #1:f151ca67:::benchmark_data_gdb1_2999_object292:head#
2017-07-07 21:40:08.484093 7fc12c8d2700 10 memstore(/var/lib/ceph/osd/ceph-0) _setattrs 1.f_head #1:f151ca67:::benchmark_data_gdb1_2999_object292:head# ~320
2017-07-07 21:40:08.484102 7fc12c8d2700 10 memstore(/var/lib/ceph/osd/ceph-0) _write 1.f_head #1:f151ca67:::benchmark_data_gdb1_2999_object292:head# 0~1048576
2017-07-07 21:40:08.484123 7fc1298cc700 10 memstore(/var/lib/ceph/osd/ceph-0) _omap_setkeys 1.29_head #1:94000000::::head# ~424
2017-07-07 21:40:08.484622 7fc12c8d2700 10 memstore(/var/lib/ceph/osd/ceph-0) _omap_setkeys 1.f_head #1:f0000000::::head# ~424
2017-07-07 21:40:08.485493 7fc12c0d1700 10 memstore(/var/lib/ceph/osd/ceph-0) _do_transaction 0
2017-07-07 21:40:08.485496 7fc12c0d1700 10 memstore(/var/lib/ceph/osd/ceph-0) _touch 1.3d_head #1:be6ff50c:::benchmark_data_gdb1_2999_object293:head#
2017-07-07 21:40:08.486071 7fc12c0d1700 10 memstore(/var/lib/ceph/osd/ceph-0) _setattrs 1.3d_head #1:be6ff50c:::benchmark_data_gdb1_2999_object293:head# ~320
2017-07-07 21:40:08.486080 7fc12c0d1700 10 memstore(/var/lib/ceph/osd/ceph-0) _write 1.3d_head #1:be6ff50c:::benchmark_data_gdb1_2999_object293:head# 0~1048576
2017-07-07 21:40:08.487480 7fc12c0d1700 10 memstore(/var/lib/ceph/osd/ceph-0) _omap_setkeys 1.3d_head #1:bc000000::::head# ~424
2017-07-07 21:40:08.491304 7fc1280c9700 10 memstore(/var/lib/ceph/osd/ceph-0) _do_transaction 0
2017-07-07 21:40:08.491308 7fc1280c9700 10 memstore(/var/lib/ceph/osd/ceph-0) _touch 1.3b_head #1:dd5f0355:::benchmark_data_gdb1_2999_object294:head#
2017-07-07 21:40:08.491815 7fc1280c9700 10 memstore(/var/lib/ceph/osd/ceph-0) _setattrs 1.3b_head #1:dd5f0355:::benchmark_data_gdb1_2999_object294:head# ~320
2017-07-07 21:40:08.491819 7fc1280c9700 10 memstore(/var/lib/ceph/osd/ceph-0) _write 1.3b_head #1:dd5f0355:::benchmark_data_gdb1_2999_object294:head# 0~1048576
2017-07-07 21:40:08.492337 7fc1280c9700 10 memstore(/var/lib/ceph/osd/ceph-0) _omap_setkeys 1.3b_head #1:dc000000::::head# ~424
2017-07-07 21:40:08.492540 7fc12a0cd700 10 memstore(/var/lib/ceph/osd/ceph-0) _do_transaction 0
2017-07-07 21:40:08.492544 7fc12a0cd700 10 memstore(/var/lib/ceph/osd/ceph-0) _touch 1.14_head #1:29a67c9b:::benchmark_data_gdb1_2999_object295:head#
2017-07-07 21:40:08.493042 7fc12a0cd700 10 memstore(/var/lib/ceph/osd/ceph-0) _setattrs 1.14_head #1:29a67c9b:::benchmark_data_gdb1_2999_object295:head# ~320
2017-07-07 21:40:08.493046 7fc12a0cd700 10 memstore(/var/lib/ceph/osd/ceph-0) _write 1.14_head #1:29a67c9b:::benchmark_data_gdb1_2999_object295:head# 0~1048576
2017-07-07 21:40:08.493578 7fc12a0cd700 10 memstore(/var/lib/ceph/osd/ceph-0) _omap_setkeys 1.14_head #1:28000000::::head# ~424
2017-07-07 21:40:08.493775 7fc1290cb700 10 memstore(/var/lib/ceph/osd/ceph-0) _do_transaction 0
2017-07-07 21:40:08.493780 7fc1290cb700 10 memstore(/var/lib/ceph/osd/ceph-0) _touch 1.61_head #1:878f7ea1:::benchmark_data_gdb1_2999_object296:head#
2017-07-07 21:40:08.494283 7fc1290cb700 10 memstore(/var/lib/ceph/osd/ceph-0) _setattrs 1.61_head #1:878f7ea1:::benchmark_data_gdb1_2999_object296:head# ~320
2017-07-07 21:40:08.494287 7fc1290cb700 10 memstore(/var/lib/ceph/osd/ceph-0) _write 1.61_head #1:878f7ea1:::benchmark_data_gdb1_2999_object296:head# 0~1048576
2017-07-07 21:40:08.494788 7fc1290cb700 10 memstore(/var/lib/ceph/osd/ceph-0) _omap_setkeys 1.61_head #1:86000000::::head# ~424
2017-07-07 21:40:08.495232 7fc12b8d0700 10 memstore(/var/lib/ceph/osd/ceph-0) _do_transaction 0
2017-07-07 21:40:08.495235 7fc12b8d0700 10 memstore(/var/lib/ceph/osd/ceph-0) _touch 1.1b_head #1:d82b7320:::benchmark_data_gdb1_2999_object297:head#
2017-07-07 21:40:08.495742 7fc12b8d0700 10 memstore(/var/lib/ceph/osd/ceph-0) _setattrs 1.1b_head #1:d82b7320:::benchmark_data_gdb1_2999_object297:head# ~320
2017-07-07 21:40:08.495746 7fc12b8d0700 10 memstore(/var/lib/ceph/osd/ceph-0) _write 1.1b_head #1:d82b7320:::benchmark_data_gdb1_2999_object297:head# 0~1048576
2017-07-07 21:40:08.496280 7fc12b8d0700 10 memstore(/var/lib/ceph/osd/ceph-0) _omap_setkeys 1.1b_head #1:d8000000::::head# ~424
2017-07-07 21:40:08.496464 7fc12a8ce700 10 memstore(/var/lib/ceph/osd/ceph-0) _do_transaction 0
2017-07-07 21:40:08.496468 7fc12a8ce700 10 memstore(/var/lib/ceph/osd/ceph-0) _touch 1.31_head #1:8d0792b7:::benchmark_data_gdb1_2999_object298:head#
2017-07-07 21:40:08.497082 7fc12a8ce700 10 memstore(/var/lib/ceph/osd/ceph-0) _setattrs 1.31_head #1:8d0792b7:::benchmark_data_gdb1_2999_object298:head# ~320
2017-07-07 21:40:08.497090 7fc12a8ce700 10 memstore(/var/lib/ceph/osd/ceph-0) _write 1.31_head #1:8d0792b7:::benchmark_data_gdb1_2999_object298:head# 0~1048576
2017-07-07 21:40:08.497668 7fc12a8ce700 10 memstore(/var/lib/ceph/osd/ceph-0) _omap_setkeys 1.31_head #1:8c000000::::head# ~424
2017-07-07 21:40:08.497852 7fc1280c9700 10 memstore(/var/lib/ceph/osd/ceph-0) _do_transaction 0
2017-07-07 21:40:08.497855 7fc1280c9700 10 memstore(/var/lib/ceph/osd/ceph-0) _touch 1.31_head #1:8c7ef574:::benchmark_data_gdb1_2999_object299:head#
2017-07-07 21:40:08.498082 7fc1288ca700 10 memstore(/var/lib/ceph/osd/ceph-0) _do_transaction 0
2017-07-07 21:40:08.498086 7fc1288ca700 10 memstore(/var/lib/ceph/osd/ceph-0) _touch 1.4e_head #1:73bbd667:::benchmark_data_gdb1_2999_object300:head#
2017-07-07 21:40:08.498797 7fc1290cb700 10 memstore(/var/lib/ceph/osd/ceph-0) _do_transaction 0
2017-07-07 21:40:08.498800 7fc1290cb700 10 memstore(/var/lib/ceph/osd/ceph-0) _touch 1.39_head #1:9ffecf77:::benchmark_data_gdb1_2999_object301:head#
2017-07-07 21:40:08.499075 7fc1280c9700 10 memstore(/var/lib/ceph/osd/ceph-0) _setattrs 1.31_head #1:8c7ef574:::benchmark_data_gdb1_2999_object299:head# ~320
2017-07-07 21:40:08.499080 7fc1280c9700 10 memstore(/var/lib/ceph/osd/ceph-0) _write 1.31_head #1:8c7ef574:::benchmark_data_gdb1_2999_object299:head# 0~1048576
2017-07-07 21:40:08.499374 7fc1290cb700 10 memstore(/var/lib/ceph/osd/ceph-0) _setattrs 1.39_head #1:9ffecf77:::benchmark_data_gdb1_2999_object301:head# ~320
2017-07-07 21:40:08.499381 7fc1290cb700 10 memstore(/var/lib/ceph/osd/ceph-0) _write 1.39_head #1:9ffecf77:::benchmark_data_gdb1_2999_object301:head# 0~1048576
2017-07-07 21:40:08.499672 7fc1280c9700 10 memstore(/var/lib/ceph/osd/ceph-0) _omap_setkeys 1.31_head #1:8c000000::::head# ~424
2017-07-07 21:40:08.499957 7fc1290cb700 10 memstore(/var/lib/ceph/osd/ceph-0) _omap_setkeys 1.39_head #1:9c000000::::head# ~424
2017-07-07 21:40:08.500293 7fc1288ca700 10 memstore(/var/lib/ceph/osd/ceph-0) _setattrs 1.4e_head #1:73bbd667:::benchmark_data_gdb1_2999_object300:head# ~320
2017-07-07 21:40:08.500297 7fc1288ca700 10 memstore(/var/lib/ceph/osd/ceph-0) _write 1.4e_head #1:73bbd667:::benchmark_data_gdb1_2999_object300:head# 0~1048576
2017-07-07 21:40:08.500592 7fc12b8d0700 10 memstore(/var/lib/ceph/osd/ceph-0) _do_transaction 0
2017-07-07 21:40:08.500595 7fc12b8d0700 10 memstore(/var/lib/ceph/osd/ceph-0) _touch 1.2a_head #1:55d09550:::benchmark_data_gdb1_2999_object302:head#
2017-07-07 21:40:08.501042 7fc1288ca700 10 memstore(/var/lib/ceph/osd/ceph-0) _omap_setkeys 1.4e_head #1:72000000::::head# ~424
2017-07-07 21:40:08.501175 7fc12b8d0700 10 memstore(/var/lib/ceph/osd/ceph-0) _setattrs 1.2a_head #1:55d09550:::benchmark_data_gdb1_2999_object302:head# ~320
2017-07-07 21:40:08.501185 7fc12b8d0700 10 memstore(/var/lib/ceph/osd/ceph-0) _write 1.2a_head #1:55d09550:::benchmark_data_gdb1_2999_object302:head# 0~1048576
2017-07-07 21:40:08.501824 7fc12b8d0700 10 memstore(/var/lib/ceph/osd/ceph-0) _omap_setkeys 1.2a_head #1:54000000::::head# ~424
2017-07-07 21:40:08.501991 7fc12c8d2700 10 memstore(/var/lib/ceph/osd/ceph-0) _do_transaction 0
2017-07-07 21:40:08.501995 7fc12c8d2700 10 memstore(/var/lib/ceph/osd/ceph-0) _touch 1.1e_head #1:78a6406d:::benchmark_data_gdb1_2999_object303:head#
2017-07-07 21:40:08.502497 7fc12c8d2700 10 memstore(/var/lib/ceph/osd/ceph-0) _setattrs 1.1e_head #1:78a6406d:::benchmark_data_gdb1_2999_object303:head# ~320
2017-07-07 21:40:08.502511 7fc12c8d2700 10 memstore(/var/lib/ceph/osd/ceph-0) _write 1.1e_head #1:78a6406d:::benchmark_data_gdb1_2999_object303:head# 0~1048576
2017-07-07 21:40:08.503082 7fc12c8d2700 10 memstore(/var/lib/ceph/osd/ceph-0) _omap_setkeys 1.1e_head #1:78000000::::head# ~424
2017-07-07 21:40:08.504032 7fc12a8ce700 10 memstore(/var/lib/ceph/osd/ceph-0) _do_transaction 0
2017-07-07 21:40:08.504036 7fc12a8ce700 10 memstore(/var/lib/ceph/osd/ceph-0) _touch 1.9_head #1:91b3a29f:::benchmark_data_gdb1_2999_object304:head#
2017-07-07 21:40:08.504586 7fc12a8ce700 10 memstore(/var/lib/ceph/osd/ceph-0) _setattrs 1.9_head #1:91b3a29f:::benchmark_data_gdb1_2999_object304:head# ~320
2017-07-07 21:40:08.504591 7fc12a8ce700 10 memstore(/var/lib/ceph/osd/ceph-0) _write 1.9_head #1:91b3a29f:::benchmark_data_gdb1_2999_object304:head# 0~1048576
2017-07-07 21:40:08.504759 7fc1290cb700 10 memstore(/var/lib/ceph/osd/ceph-0) _do_transaction 0
2017-07-07 21:40:08.504762 7fc1290cb700 10 memstore(/var/lib/ceph/osd/ceph-0) _touch 1.52_head #1:4b7b4868:::benchmark_data_gdb1_2999_object305:head#
2017-07-07 21:40:08.505329 7fc1290cb700 10 memstore(/var/lib/ceph/osd/ceph-0) _setattrs 1.52_head #1:4b7b4868:::benchmark_data_gdb1_2999_object305:head# ~320
2017-07-07 21:40:08.505334 7fc1290cb700 10 memstore(/var/lib/ceph/osd/ceph-0) _write 1.52_head #1:4b7b4868:::benchmark_data_gdb1_2999_object305:head# 0~1048576
2017-07-07 21:40:08.505493 7fc12b8d0700 10 memstore(/var/lib/ceph/osd/ceph-0) _do_transaction 0
2017-07-07 21:40:08.505496 7fc12b8d0700 10 memstore(/var/lib/ceph/osd/ceph-0) _touch 1.5c_head #1:3bf9dcae:::benchmark_data_gdb1_2999_object306:head#
2017-07-07 21:40:08.506037 7fc12b8d0700 10 memstore(/var/lib/ceph/osd/ceph-0) _setattrs 1.5c_head #1:3bf9dcae:::benchmark_data_gdb1_2999_object306:head# ~320
2017-07-07 21:40:08.506042 7fc12b8d0700 10 memstore(/var/lib/ceph/osd/ceph-0) _write 1.5c_head #1:3bf9dcae:::benchmark_data_gdb1_2999_object306:head# 0~1048576
2017-07-07 21:40:08.506227 7fc12b0cf700 10 memstore(/var/lib/ceph/osd/ceph-0) _do_transaction 0
2017-07-07 21:40:08.506231 7fc12b0cf700 10 memstore(/var/lib/ceph/osd/ceph-0) _touch 1.3a_head #1:5df09685:::benchmark_data_gdb1_2999_object307:head#
2017-07-07 21:40:08.506585 7fc12b8d0700 10 memstore(/var/lib/ceph/osd/ceph-0) _omap_setkeys 1.5c_head #1:3a000000::::head# ~424
2017-07-07 21:40:08.506808 7fc12b0cf700 10 memstore(/var/lib/ceph/osd/ceph-0) _setattrs 1.3a_head #1:5df09685:::benchmark_data_gdb1_2999_object307:head# ~320
2017-07-07 21:40:08.506813 7fc12b0cf700 10 memstore(/var/lib/ceph/osd/ceph-0) _write 1.3a_head #1:5df09685:::benchmark_data_gdb1_2999_object307:head# 0~1048576
2017-07-07 21:40:08.507476 7fc12b0cf700 10 memstore(/var/lib/ceph/osd/ceph-0) _omap_setkeys 1.3a_head #1:5c000000::::head# ~424
2017-07-07 21:40:08.508031 7fc1290cb700 10 memstore(/var/lib/ceph/osd/ceph-0) _omap_setkeys 1.52_head #1:4a000000::::head# ~424
2017-07-07 21:40:08.508245 7fc12a0cd700 10 memstore(/var/lib/ceph/osd/ceph-0) _do_transaction 0
2017-07-07 21:40:08.508248 7fc12a0cd700 10 memstore(/var/lib/ceph/osd/ceph-0) _touch 1.55_head #1:ab54efd4:::benchmark_data_gdb1_2999_object308:head#
2017-07-07 21:40:08.508894 7fc12a0cd700 10 memstore(/var/lib/ceph/osd/ceph-0) _setattrs 1.55_head #1:ab54efd4:::benchmark_data_gdb1_2999_object308:head# ~320
2017-07-07 21:40:08.508900 7fc12a0cd700 10 memstore(/var/lib/ceph/osd/ceph-0) _write 1.55_head #1:ab54efd4:::benchmark_data_gdb1_2999_object308:head# 0~1048576
2017-07-07 21:40:08.508914 7fc12a8ce700 10 memstore(/var/lib/ceph/osd/ceph-0) _omap_setkeys 1.9_head #1:90000000::::head# ~424
2017-07-07 21:40:08.510162 7fc12a0cd700 10 memstore(/var/lib/ceph/osd/ceph-0) _omap_setkeys 1.55_head #1:aa000000::::head# ~424
2017-07-07 21:40:08.515425 7fc12c8d2700 10 memstore(/var/lib/ceph/osd/ceph-0) _do_transaction 0
2017-07-07 21:40:08.515430 7fc12c8d2700 10 memstore(/var/lib/ceph/osd/ceph-0) _touch 1.5f_head #1:fa27410f:::benchmark_data_gdb1_2999_object310:head#
2017-07-07 21:40:08.515598 7fc1298cc700 10 memstore(/var/lib/ceph/osd/ceph-0) _do_transaction 0
2017-07-07 21:40:08.515607 7fc1298cc700 10 memstore(/var/lib/ceph/osd/ceph-0) _touch 1.38_head #1:1dbc3956:::benchmark_data_gdb1_2999_object309:head#
2017-07-07 21:40:08.515990 7fc12c8d2700 10 memstore(/var/lib/ceph/osd/ceph-0) _setattrs 1.5f_head #1:fa27410f:::benchmark_data_gdb1_2999_object310:head# ~320
2017-07-07 21:40:08.515995 7fc12c8d2700 10 memstore(/var/lib/ceph/osd/ceph-0) _write 1.5f_head #1:fa27410f:::benchmark_data_gdb1_2999_object310:head# 0~1048576
2017-07-07 21:40:08.516166 7fc1298cc700 10 memstore(/var/lib/ceph/osd/ceph-0) _setattrs 1.38_head #1:1dbc3956:::benchmark_data_gdb1_2999_object309:head# ~320
2017-07-07 21:40:08.516170 7fc1298cc700 10 memstore(/var/lib/ceph/osd/ceph-0) _write 1.38_head #1:1dbc3956:::benchmark_data_gdb1_2999_object309:head# 0~1048576
2017-07-07 21:40:08.516528 7fc12c8d2700 10 memstore(/var/lib/ceph/osd/ceph-0) _omap_setkeys 1.5f_head #1:fa000000::::head# ~424
2017-07-07 21:40:08.516778 7fc1298cc700 10 memstore(/var/lib/ceph/osd/ceph-0) _omap_setkeys 1.38_head #1:1c000000::::head# ~424
2017-07-07 21:40:08.517470 7fc1280c9700 10 memstore(/var/lib/ceph/osd/ceph-0) _do_transaction 0
2017-07-07 21:40:08.517473 7fc1280c9700 10 memstore(/var/lib/ceph/osd/ceph-0) _touch 1.22_head #1:459d40fb:::benchmark_data_gdb1_2999_object311:head#
2017-07-07 21:40:08.518449 7fc1280c9700 10 memstore(/var/lib/ceph/osd/ceph-0) _setattrs 1.22_head #1:459d40fb:::benchmark_data_gdb1_2999_object311:head# ~320
2017-07-07 21:40:08.518455 7fc1280c9700 10 memstore(/var/lib/ceph/osd/ceph-0) _write 1.22_head #1:459d40fb:::benchmark_data_gdb1_2999_object311:head# 0~1048576
2017-07-07 21:40:08.518971 7fc1280c9700 10 memstore(/var/lib/ceph/osd/ceph-0) _omap_setkeys 1.22_head #1:44000000::::head# ~424
2017-07-07 21:40:08.519193 7fc1290cb700 10 memstore(/var/lib/ceph/osd/ceph-0) _do_transaction 0
2017-07-07 21:40:08.519196 7fc1290cb700 10 memstore(/var/lib/ceph/osd/ceph-0) _touch 1.5c_head #1:3bd7d71a:::benchmark_data_gdb1_2999_object312:head#
2017-07-07 21:40:08.519613 7fc12c0d1700 10 memstore(/var/lib/ceph/osd/ceph-0) _do_transaction 0
2017-07-07 21:40:08.519617 7fc12c0d1700 10 memstore(/var/lib/ceph/osd/ceph-0) _touch 1.56_head #1:6bdd82ee:::benchmark_data_gdb1_2999_object314:head#
2017-07-07 21:40:08.520171 7fc12c0d1700 10 memstore(/var/lib/ceph/osd/ceph-0) _setattrs 1.56_head #1:6bdd82ee:::benchmark_data_gdb1_2999_object314:head# ~320
2017-07-07 21:40:08.520176 7fc12c0d1700 10 memstore(/var/lib/ceph/osd/ceph-0) _write 1.56_head #1:6bdd82ee:::benchmark_data_gdb1_2999_object314:head# 0~1048576
2017-07-07 21:40:08.520350 7fc12a8ce700 10 memstore(/var/lib/ceph/osd/ceph-0) _do_transaction 0
2017-07-07 21:40:08.520354 7fc12a8ce700 10 memstore(/var/lib/ceph/osd/ceph-0) _touch 1.2c_head #1:370418a2:::benchmark_data_gdb1_2999_object315:head#
2017-07-07 21:40:08.520538 7fc12b8d0700 10 memstore(/var/lib/ceph/osd/ceph-0) _do_transaction 0
2017-07-07 21:40:08.520542 7fc12b8d0700 10 memstore(/var/lib/ceph/osd/ceph-0) _touch 1.48_head #1:13ed690d:::benchmark_data_gdb1_2999_object313:head#
2017-07-07 21:40:08.520879 7fc12a8ce700 10 memstore(/var/lib/ceph/osd/ceph-0) _setattrs 1.2c_head #1:370418a2:::benchmark_data_gdb1_2999_object315:head# ~320
2017-07-07 21:40:08.520891 7fc12a8ce700 10 memstore(/var/lib/ceph/osd/ceph-0) _write 1.2c_head #1:370418a2:::benchmark_data_gdb1_2999_object315:head# 0~1048576
2017-07-07 21:40:08.521262 7fc12c0d1700 10 memstore(/var/lib/ceph/osd/ceph-0) _omap_setkeys 1.56_head #1:6a000000::::head# ~424
2017-07-07 21:40:08.521932 7fc12a8ce700 10 memstore(/var/lib/ceph/osd/ceph-0) _omap_setkeys 1.2c_head #1:34000000::::head# ~424
2017-07-07 21:40:08.522266 7fc1290cb700 10 memstore(/var/lib/ceph/osd/ceph-0) _setattrs 1.5c_head #1:3bd7d71a:::benchmark_data_gdb1_2999_object312:head# ~320
2017-07-07 21:40:08.522271 7fc1290cb700 10 memstore(/var/lib/ceph/osd/ceph-0) _write 1.5c_head #1:3bd7d71a:::benchmark_data_gdb1_2999_object312:head# 0~1048576
2017-07-07 21:40:08.522397 7fc1280c9700 10 memstore(/var/lib/ceph/osd/ceph-0) _do_transaction 0
2017-07-07 21:40:08.522400 7fc1280c9700 10 memstore(/var/lib/ceph/osd/ceph-0) _touch 1.4f_head #1:f35c2168:::benchmark_data_gdb1_2999_object316:head#
2017-07-07 21:40:08.523008 7fc1280c9700 10 memstore(/var/lib/ceph/osd/ceph-0) _setattrs 1.4f_head #1:f35c2168:::benchmark_data_gdb1_2999_object316:head# ~320
2017-07-07 21:40:08.523015 7fc1280c9700 10 memstore(/var/lib/ceph/osd/ceph-0) _write 1.4f_head #1:f35c2168:::benchmark_data_gdb1_2999_object316:head# 0~1048576
2017-07-07 21:40:08.523284 7fc12a0cd700 10 memstore(/var/lib/ceph/osd/ceph-0) _do_transaction 0
2017-07-07 21:40:08.523287 7fc12a0cd700 10 memstore(/var/lib/ceph/osd/ceph-0) _touch 1.50_head #1:0a62a2d2:::benchmark_data_gdb1_2999_object317:head#
2017-07-07 21:40:08.523751 7fc12a0cd700 10 memstore(/var/lib/ceph/osd/ceph-0) _setattrs 1.50_head #1:0a62a2d2:::benchmark_data_gdb1_2999_object317:head# ~320
2017-07-07 21:40:08.523758 7fc12a0cd700 10 memstore(/var/lib/ceph/osd/ceph-0) _write 1.50_head #1:0a62a2d2:::benchmark_data_gdb1_2999_object317:head# 0~1048576
2017-07-07 21:40:08.524232 7fc1280c9700 10 memstore(/var/lib/ceph/osd/ceph-0) _omap_setkeys 1.4f_head #1:f2000000::::head# ~424
2017-07-07 21:40:08.524583 7fc12a0cd700 10 memstore(/var/lib/ceph/osd/ceph-0) _omap_setkeys 1.50_head #1:0a000000::::head# ~424
2017-07-07 21:40:08.525064 7fc12b8d0700 10 memstore(/var/lib/ceph/osd/ceph-0) _setattrs 1.48_head #1:13ed690d:::benchmark_data_gdb1_2999_object313:head# ~320
2017-07-07 21:40:08.525074 7fc12b8d0700 10 memstore(/var/lib/ceph/osd/ceph-0) _write 1.48_head #1:13ed690d:::benchmark_data_gdb1_2999_object313:head# 0~1048576
2017-07-07 21:40:08.525574 7fc1290cb700 10 memstore(/var/lib/ceph/osd/ceph-0) _omap_setkeys 1.5c_head #1:3a000000::::head# ~424
2017-07-07 21:40:08.525691 7fc12b8d0700 10 memstore(/var/lib/ceph/osd/ceph-0) _omap_setkeys 1.48_head #1:12000000::::head# ~424
2017-07-07 21:40:08.525892 7fc12b8d0700 10 memstore(/var/lib/ceph/osd/ceph-0) _do_transaction 0
2017-07-07 21:40:08.525896 7fc12b8d0700 10 memstore(/var/lib/ceph/osd/ceph-0) _touch 1.2_head #1:40b4f62f:::benchmark_data_gdb1_2999_object319:head#
2017-07-07 21:40:08.525902 7fc1290cb700 10 memstore(/var/lib/ceph/osd/ceph-0) _do_transaction 0
2017-07-07 21:40:08.525906 7fc1290cb700 10 memstore(/var/lib/ceph/osd/ceph-0) _touch 1.5c_head #1:3a024be9:::benchmark_data_gdb1_2999_object318:head#
2017-07-07 21:40:08.526698 7fc1288ca700 10 memstore(/var/lib/ceph/osd/ceph-0) _do_transaction 0
2017-07-07 21:40:08.526701 7fc1288ca700 10 memstore(/var/lib/ceph/osd/ceph-0) _touch 1.49_head #1:92f7f672:::benchmark_data_gdb1_2999_object320:head#
2017-07-07 21:40:08.526853 7fc1290cb700 10 memstore(/var/lib/ceph/osd/ceph-0) _setattrs 1.5c_head #1:3a024be9:::benchmark_data_gdb1_2999_object318:head# ~320
2017-07-07 21:40:08.526865 7fc1290cb700 10 memstore(/var/lib/ceph/osd/ceph-0) _write 1.5c_head #1:3a024be9:::benchmark_data_gdb1_2999_object318:head# 0~1048576
2017-07-07 21:40:08.527716 7fc1288ca700 10 memstore(/var/lib/ceph/osd/ceph-0) _setattrs 1.49_head #1:92f7f672:::benchmark_data_gdb1_2999_object320:head# ~320
2017-07-07 21:40:08.527721 7fc1288ca700 10 memstore(/var/lib/ceph/osd/ceph-0) _write 1.49_head #1:92f7f672:::benchmark_data_gdb1_2999_object320:head# 0~1048576
2017-07-07 21:40:08.527816 7fc12b0cf700 10 memstore(/var/lib/ceph/osd/ceph-0) _do_transaction 0
2017-07-07 21:40:08.527820 7fc12b0cf700 10 memstore(/var/lib/ceph/osd/ceph-0) _touch 1.12_head #1:49f86ec6:::benchmark_data_gdb1_2999_object321:head#
2017-07-07 21:40:08.528042 7fc1288ca700 10 memstore(/var/lib/ceph/osd/ceph-0) _omap_setkeys 1.49_head #1:92000000::::head# ~424
2017-07-07 21:40:08.528262 7fc12b0cf700 10 memstore(/var/lib/ceph/osd/ceph-0) _setattrs 1.12_head #1:49f86ec6:::benchmark_data_gdb1_2999_object321:head# ~320
2017-07-07 21:40:08.528272 7fc12b0cf700 10 memstore(/var/lib/ceph/osd/ceph-0) _write 1.12_head #1:49f86ec6:::benchmark_data_gdb1_2999_object321:head# 0~1048576
2017-07-07 21:40:08.528401 7fc12b8d0700 10 memstore(/var/lib/ceph/osd/ceph-0) _setattrs 1.2_head #1:40b4f62f:::benchmark_data_gdb1_2999_object319:head# ~320
2017-07-07 21:40:08.528410 7fc12b8d0700 10 memstore(/var/lib/ceph/osd/ceph-0) _write 1.2_head #1:40b4f62f:::benchmark_data_gdb1_2999_object319:head# 0~1048576
2017-07-07 21:40:08.529478 7fc12b0cf700 10 memstore(/var/lib/ceph/osd/ceph-0) _omap_setkeys 1.12_head #1:48000000::::head# ~424
2017-07-07 21:40:08.530626 7fc12b8d0700 10 memstore(/var/lib/ceph/osd/ceph-0) _omap_setkeys 1.2_head #1:40000000::::head# ~424
2017-07-07 21:40:08.530687 7fc1290cb700 10 memstore(/var/lib/ceph/osd/ceph-0) _omap_setkeys 1.5c_head #1:3a000000::::head# ~424
2017-07-07 21:40:08.534384 7fc1298cc700 10 memstore(/var/lib/ceph/osd/ceph-0) _do_transaction 0
2017-07-07 21:40:08.534387 7fc1298cc700 10 memstore(/var/lib/ceph/osd/ceph-0) _touch 1.29_head #1:9616eeb2:::benchmark_data_gdb1_2999_object322:head#
2017-07-07 21:40:08.534890 7fc1298cc700 10 memstore(/var/lib/ceph/osd/ceph-0) _setattrs 1.29_head #1:9616eeb2:::benchmark_data_gdb1_2999_object322:head# ~320
2017-07-07 21:40:08.534894 7fc1298cc700 10 memstore(/var/lib/ceph/osd/ceph-0) _write 1.29_head #1:9616eeb2:::benchmark_data_gdb1_2999_object322:head# 0~1048576
2017-07-07 21:40:08.535415 7fc1298cc700 10 memstore(/var/lib/ceph/osd/ceph-0) _omap_setkeys 1.29_head #1:94000000::::head# ~424
2017-07-07 21:40:08.535588 7fc1298cc700 10 memstore(/var/lib/ceph/osd/ceph-0) _do_transaction 0
2017-07-07 21:40:08.535591 7fc1298cc700 10 memstore(/var/lib/ceph/osd/ceph-0) _touch 1.2e_head #1:76b1f4d2:::benchmark_data_gdb1_2999_object323:head#
2017-07-07 21:40:08.536137 7fc1298cc700 10 memstore(/var/lib/ceph/osd/ceph-0) _setattrs 1.2e_head #1:76b1f4d2:::benchmark_data_gdb1_2999_object323:head# ~320
2017-07-07 21:40:08.536142 7fc1298cc700 10 memstore(/var/lib/ceph/osd/ceph-0) _write 1.2e_head #1:76b1f4d2:::benchmark_data_gdb1_2999_object323:head# 0~1048576
2017-07-07 21:40:08.536644 7fc1298cc700 10 memstore(/var/lib/ceph/osd/ceph-0) _omap_setkeys 1.2e_head #1:74000000::::head# ~424
2017-07-07 21:40:08.536996 7fc12a8ce700 10 memstore(/var/lib/ceph/osd/ceph-0) _do_transaction 0
2017-07-07 21:40:08.537000 7fc12a8ce700 10 memstore(/var/lib/ceph/osd/ceph-0) _touch 1.e_head #1:71c04870:::benchmark_data_gdb1_2999_object324:head#
2017-07-07 21:40:08.537555 7fc12a8ce700 10 memstore(/var/lib/ceph/osd/ceph-0) _setattrs 1.e_head #1:71c04870:::benchmark_data_gdb1_2999_object324:head# ~320
2017-07-07 21:40:08.537560 7fc12a8ce700 10 memstore(/var/lib/ceph/osd/ceph-0) _write 1.e_head #1:71c04870:::benchmark_data_gdb1_2999_object324:head# 0~1048576
2017-07-07 21:40:08.538055 7fc12a8ce700 10 memstore(/var/lib/ceph/osd/ceph-0) _omap_setkeys 1.e_head #1:70000000::::head# ~424
2017-07-07 21:40:08.538284 7fc1298cc700 10 memstore(/var/lib/ceph/osd/ceph-0) _do_transaction 0
2017-07-07 21:40:08.538287 7fc1298cc700 10 memstore(/var/lib/ceph/osd/ceph-0) _touch 1.1_head #1:810e2b51:::benchmark_data_gdb1_2999_object325:head#
2017-07-07 21:40:08.538827 7fc1298cc700 10 memstore(/var/lib/ceph/osd/ceph-0) _setattrs 1.1_head #1:810e2b51:::benchmark_data_gdb1_2999_object325:head# ~320
2017-07-07 21:40:08.538832 7fc1298cc700 10 memstore(/var/lib/ceph/osd/ceph-0) _write 1.1_head #1:810e2b51:::benchmark_data_gdb1_2999_object325:head# 0~1048576
2017-07-07 21:40:08.539062 7fc1288ca700 10 memstore(/var/lib/ceph/osd/ceph-0) _do_transaction 0
2017-07-07 21:40:08.539065 7fc1288ca700 10 memstore(/var/lib/ceph/osd/ceph-0) _touch 1.12_head #1:4896775c:::benchmark_data_gdb1_2999_object326:head#
2017-07-07 21:40:08.539670 7fc1288ca700 10 memstore(/var/lib/ceph/osd/ceph-0) _setattrs 1.12_head #1:4896775c:::benchmark_data_gdb1_2999_object326:head# ~320
2017-07-07 21:40:08.539683 7fc1288ca700 10 memstore(/var/lib/ceph/osd/ceph-0) _write 1.12_head #1:4896775c:::benchmark_data_gdb1_2999_object326:head# 0~1048576
2017-07-07 21:40:08.539950 7fc12c8d2700 10 memstore(/var/lib/ceph/osd/ceph-0) _do_transaction 0
2017-07-07 21:40:08.539954 7fc12c8d2700 10 memstore(/var/lib/ceph/osd/ceph-0) _touch 1.32_head #1:4f1e3ea2:::benchmark_data_gdb1_2999_object327:head#
2017-07-07 21:40:08.540468 7fc1298cc700 10 memstore(/var/lib/ceph/osd/ceph-0) _omap_setkeys 1.1_head #1:80000000::::head# ~424
2017-07-07 21:40:08.540561 7fc12c8d2700 10 memstore(/var/lib/ceph/osd/ceph-0) _setattrs 1.32_head #1:4f1e3ea2:::benchmark_data_gdb1_2999_object327:head# ~320
2017-07-07 21:40:08.540567 7fc12c8d2700 10 memstore(/var/lib/ceph/osd/ceph-0) _write 1.32_head #1:4f1e3ea2:::benchmark_data_gdb1_2999_object327:head# 0~1048576
2017-07-07 21:40:08.541175 7fc12c8d2700 10 memstore(/var/lib/ceph/osd/ceph-0) _omap_setkeys 1.32_head #1:4c000000::::head# ~424
2017-07-07 21:40:08.541709 7fc1288ca700 10 memstore(/var/lib/ceph/osd/ceph-0) _omap_setkeys 1.12_head #1:48000000::::head# ~424
2017-07-07 21:40:08.541932 7fc12b8d0700 10 memstore(/var/lib/ceph/osd/ceph-0) _do_transaction 0
2017-07-07 21:40:08.541936 7fc12b8d0700 10 memstore(/var/lib/ceph/osd/ceph-0) _touch 1.2_head #1:41a4a256:::benchmark_data_gdb1_2999_object328:head#
2017-07-07 21:40:08.542551 7fc12b0cf700 10 memstore(/var/lib/ceph/osd/ceph-0) _do_transaction 0
2017-07-07 21:40:08.542554 7fc12b0cf700 10 memstore(/var/lib/ceph/osd/ceph-0) _touch 1.3_head #1:c1ebcc62:::benchmark_data_gdb1_2999_object329:head#
2017-07-07 21:40:08.542740 7fc12b8d0700 10 memstore(/var/lib/ceph/osd/ceph-0) _setattrs 1.2_head #1:41a4a256:::benchmark_data_gdb1_2999_object328:head# ~320
2017-07-07 21:40:08.543277 7fc12b8d0700 10 memstore(/var/lib/ceph/osd/ceph-0) _write 1.2_head #1:41a4a256:::benchmark_data_gdb1_2999_object328:head# 0~1048576
2017-07-07 21:40:08.543129 7fc12b0cf700 10 memstore(/var/lib/ceph/osd/ceph-0) _setattrs 1.3_head #1:c1ebcc62:::benchmark_data_gdb1_2999_object329:head# ~320
2017-07-07 21:40:08.543307 7fc12b0cf700 10 memstore(/var/lib/ceph/osd/ceph-0) _write 1.3_head #1:c1ebcc62:::benchmark_data_gdb1_2999_object329:head# 0~1048576
2017-07-07 21:40:08.543569 7fc12a0cd700 10 memstore(/var/lib/ceph/osd/ceph-0) _do_transaction 0
2017-07-07 21:40:08.543572 7fc12a0cd700 10 memstore(/var/lib/ceph/osd/ceph-0) _touch 1.23_head #1:c5238066:::benchmark_data_gdb1_2999_object330:head#
2017-07-07 21:40:08.544113 7fc12a0cd700 10 memstore(/var/lib/ceph/osd/ceph-0) _setattrs 1.23_head #1:c5238066:::benchmark_data_gdb1_2999_object330:head# ~320
2017-07-07 21:40:08.544123 7fc12a0cd700 10 memstore(/var/lib/ceph/osd/ceph-0) _write 1.23_head #1:c5238066:::benchmark_data_gdb1_2999_object330:head# 0~1048576
2017-07-07 21:40:08.544525 7fc12a0cd700 10 memstore(/var/lib/ceph/osd/ceph-0) _omap_setkeys 1.23_head #1:c4000000::::head# ~424
2017-07-07 21:40:08.544709 7fc12b8d0700 10 memstore(/var/lib/ceph/osd/ceph-0) _omap_setkeys 1.2_head #1:40000000::::head# ~424
2017-07-07 21:40:08.545023 7fc12b0cf700 10 memstore(/var/lib/ceph/osd/ceph-0) _omap_setkeys 1.3_head #1:c0000000::::head# ~424
2017-07-07 21:40:08.545081 7fc12c8d2700 10 memstore(/var/lib/ceph/osd/ceph-0) _do_transaction 0
2017-07-07 21:40:08.545085 7fc12c8d2700 10 memstore(/var/lib/ceph/osd/ceph-0) _touch 1.2d_head #1:b735b263:::benchmark_data_gdb1_2999_object331:head#
2017-07-07 21:40:08.545610 7fc12c8d2700 10 memstore(/var/lib/ceph/osd/ceph-0) _setattrs 1.2d_head #1:b735b263:::benchmark_data_gdb1_2999_object331:head# ~320
2017-07-07 21:40:08.545615 7fc12c8d2700 10 memstore(/var/lib/ceph/osd/ceph-0) _write 1.2d_head #1:b735b263:::benchmark_data_gdb1_2999_object331:head# 0~1048576
2017-07-07 21:40:08.546125 7fc12c8d2700 10 memstore(/var/lib/ceph/osd/ceph-0) _omap_setkeys 1.2d_head #1:b4000000::::head# ~424
2017-07-07 21:40:08.547117 7fc1280c9700 10 memstore(/var/lib/ceph/osd/ceph-0) _do_transaction 0
2017-07-07 21:40:08.547121 7fc1280c9700 10 memstore(/var/lib/ceph/osd/ceph-0) _touch 1.e_head #1:7153d7d0:::benchmark_data_gdb1_2999_object332:head#
2017-07-07 21:40:08.547619 7fc1280c9700 10 memstore(/var/lib/ceph/osd/ceph-0) _setattrs 1.e_head #1:7153d7d0:::benchmark_data_gdb1_2999_object332:head# ~320
2017-07-07 21:40:08.547629 7fc1280c9700 10 memstore(/var/lib/ceph/osd/ceph-0) _write 1.e_head #1:7153d7d0:::benchmark_data_gdb1_2999_object332:head# 0~1048576
2017-07-07 21:40:08.548168 7fc1280c9700 10 memstore(/var/lib/ceph/osd/ceph-0) _omap_setkeys 1.e_head #1:70000000::::head# ~424
2017-07-07 21:40:08.549056 7fc12c0d1700 10 memstore(/var/lib/ceph/osd/ceph-0) _do_transaction 0
2017-07-07 21:40:08.549060 7fc12c0d1700 10 memstore(/var/lib/ceph/osd/ceph-0) _touch 1.b_head #1:d192f336:::benchmark_data_gdb1_2999_object333:head#
2017-07-07 21:40:08.549609 7fc12c0d1700 10 memstore(/var/lib/ceph/osd/ceph-0) _setattrs 1.b_head #1:d192f336:::benchmark_data_gdb1_2999_object333:head# ~320
2017-07-07 21:40:08.549614 7fc12c0d1700 10 memstore(/var/lib/ceph/osd/ceph-0) _write 1.b_head #1:d192f336:::benchmark_data_gdb1_2999_object333:head# 0~1048576
2017-07-07 21:40:08.549913 7fc12c0d1700 10 memstore(/var/lib/ceph/osd/ceph-0) _omap_setkeys 1.b_head #1:d0000000::::head# ~424
2017-07-07 21:40:08.549957 7fc1288ca700 10 memstore(/var/lib/ceph/osd/ceph-0) _do_transaction 0
2017-07-07 21:40:08.549960 7fc1288ca700 10 memstore(/var/lib/ceph/osd/ceph-0) _touch 1.5d_head #1:bad3f653:::benchmark_data_gdb1_2999_object334:head#
2017-07-07 21:40:08.550378 7fc1288ca700 10 memstore(/var/lib/ceph/osd/ceph-0) _setattrs 1.5d_head #1:bad3f653:::benchmark_data_gdb1_2999_object334:head# ~320
2017-07-07 21:40:08.550391 7fc1288ca700 10 memstore(/var/lib/ceph/osd/ceph-0) _write 1.5d_head #1:bad3f653:::benchmark_data_gdb1_2999_object334:head# 0~1048576
2017-07-07 21:40:08.550783 7fc1288ca700 10 memstore(/var/lib/ceph/osd/ceph-0) _omap_setkeys 1.5d_head #1:ba000000::::head# ~424
2017-07-07 21:40:08.554689 7fc1288ca700 10 memstore(/var/lib/ceph/osd/ceph-0) _do_transaction 0
2017-07-07 21:40:08.554693 7fc1288ca700 10 memstore(/var/lib/ceph/osd/ceph-0) _touch 1.26_head #1:6497b0af:::benchmark_data_gdb1_2999_object335:head#
2017-07-07 21:40:08.555200 7fc1288ca700 10 memstore(/var/lib/ceph/osd/ceph-0) _setattrs 1.26_head #1:6497b0af:::benchmark_data_gdb1_2999_object335:head# ~320
2017-07-07 21:40:08.555205 7fc1288ca700 10 memstore(/var/lib/ceph/osd/ceph-0) _write 1.26_head #1:6497b0af:::benchmark_data_gdb1_2999_object335:head# 0~1048576
2017-07-07 21:40:08.555693 7fc1288ca700 10 memstore(/var/lib/ceph/osd/ceph-0) _omap_setkeys 1.26_head #1:64000000::::head# ~424
2017-07-07 21:40:08.555870 7fc1288ca700 10 memstore(/var/lib/ceph/osd/ceph-0) _do_transaction 0
2017-07-07 21:40:08.555873 7fc1288ca700 10 memstore(/var/lib/ceph/osd/ceph-0) _touch 1.49_head #1:93aeed21:::benchmark_data_gdb1_2999_object336:head#
2017-07-07 21:40:08.556387 7fc1288ca700 10 memstore(/var/lib/ceph/osd/ceph-0) _setattrs 1.49_head #1:93aeed21:::benchmark_data_gdb1_2999_object336:head# ~320
2017-07-07 21:40:08.556393 7fc1288ca700 10 memstore(/var/lib/ceph/osd/ceph-0) _write 1.49_head #1:93aeed21:::benchmark_data_gdb1_2999_object336:head# 0~1048576
2017-07-07 21:40:08.556911 7fc1288ca700 10 memstore(/var/lib/ceph/osd/ceph-0) _omap_setkeys 1.49_head #1:92000000::::head# ~424
2017-07-07 21:40:08.557874 7fc1290cb700 10 memstore(/var/lib/ceph/osd/ceph-0) _do_transaction 0
2017-07-07 21:40:08.557877 7fc1290cb700 10 memstore(/var/lib/ceph/osd/ceph-0) _touch 1.25_head #1:a732ffbf:::benchmark_data_gdb1_2999_object337:head#
2017-07-07 21:40:08.558378 7fc1290cb700 10 memstore(/var/lib/ceph/osd/ceph-0) _setattrs 1.25_head #1:a732ffbf:::benchmark_data_gdb1_2999_object337:head# ~320
2017-07-07 21:40:08.558382 7fc1290cb700 10 memstore(/var/lib/ceph/osd/ceph-0) _write 1.25_head #1:a732ffbf:::benchmark_data_gdb1_2999_object337:head# 0~1048576
2017-07-07 21:40:08.558880 7fc1290cb700 10 memstore(/var/lib/ceph/osd/ceph-0) _omap_setkeys 1.25_head #1:a4000000::::head# ~424
2017-07-07 21:40:08.559791 7fc1288ca700 10 memstore(/var/lib/ceph/osd/ceph-0) _do_transaction 0
2017-07-07 21:40:08.559794 7fc1288ca700 10 memstore(/var/lib/ceph/osd/ceph-0) _touch 1.35_head #1:aeb0b94a:::benchmark_data_gdb1_2999_object338:head#
2017-07-07 21:40:08.560299 7fc1288ca700 10 memstore(/var/lib/ceph/osd/ceph-0) _setattrs 1.35_head #1:aeb0b94a:::benchmark_data_gdb1_2999_object338:head# ~320
2017-07-07 21:40:08.560312 7fc1288ca700 10 memstore(/var/lib/ceph/osd/ceph-0) _write 1.35_head #1:aeb0b94a:::benchmark_data_gdb1_2999_object338:head# 0~1048576
2017-07-07 21:40:08.560800 7fc1288ca700 10 memstore(/var/lib/ceph/osd/ceph-0) _omap_setkeys 1.35_head #1:ac000000::::head# ~424
2017-07-07 21:40:08.561742 7fc1298cc700 10 memstore(/var/lib/ceph/osd/ceph-0) _do_transaction 0
2017-07-07 21:40:08.561746 7fc1298cc700 10 memstore(/var/lib/ceph/osd/ceph-0) _touch 1.24_head #1:25180519:::benchmark_data_gdb1_2999_object339:head#
2017-07-07 21:40:08.562290 7fc1298cc700 10 memstore(/var/lib/ceph/osd/ceph-0) _setattrs 1.24_head #1:25180519:::benchmark_data_gdb1_2999_object339:head# ~320
2017-07-07 21:40:08.562295 7fc1298cc700 10 memstore(/var/lib/ceph/osd/ceph-0) _write 1.24_head #1:25180519:::benchmark_data_gdb1_2999_object339:head# 0~1048576
2017-07-07 21:40:08.562451 7fc12a8ce700 10 memstore(/var/lib/ceph/osd/ceph-0) _do_transaction 0
2017-07-07 21:40:08.562455 7fc12a8ce700 10 memstore(/var/lib/ceph/osd/ceph-0) _touch 1.1d_head #1:b9c38766:::benchmark_data_gdb1_2999_object340:head#
2017-07-07 21:40:08.562864 7fc1298cc700 10 memstore(/var/lib/ceph/osd/ceph-0) _omap_setkeys 1.24_head #1:24000000::::head# ~424
2017-07-07 21:40:08.562997 7fc12a8ce700 10 memstore(/var/lib/ceph/osd/ceph-0) _setattrs 1.1d_head #1:b9c38766:::benchmark_data_gdb1_2999_object340:head# ~320
2017-07-07 21:40:08.563409 7fc12a8ce700 10 memstore(/var/lib/ceph/osd/ceph-0) _write 1.1d_head #1:b9c38766:::benchmark_data_gdb1_2999_object340:head# 0~1048576
2017-07-07 21:40:08.563884 7fc12b8d0700 10 memstore(/var/lib/ceph/osd/ceph-0) _do_transaction 0
2017-07-07 21:40:08.563887 7fc12b8d0700 10 memstore(/var/lib/ceph/osd/ceph-0) _touch 1.16_head #1:6837dc79:::benchmark_data_gdb1_2999_object341:head#
2017-07-07 21:40:08.564439 7fc12b8d0700 10 memstore(/var/lib/ceph/osd/ceph-0) _setattrs 1.16_head #1:6837dc79:::benchmark_data_gdb1_2999_object341:head# ~320
2017-07-07 21:40:08.564443 7fc12b8d0700 10 memstore(/var/lib/ceph/osd/ceph-0) _write 1.16_head #1:6837dc79:::benchmark_data_gdb1_2999_object341:head# 0~1048576
2017-07-07 21:40:08.564579 7fc12a8ce700 10 memstore(/var/lib/ceph/osd/ceph-0) _omap_setkeys 1.1d_head #1:b8000000::::head# ~424
2017-07-07 21:40:08.565011 7fc12b8d0700 10 memstore(/var/lib/ceph/osd/ceph-0) _omap_setkeys 1.16_head #1:68000000::::head# ~424
2017-07-07 21:40:08.565423 7fc12c0d1700 10 memstore(/var/lib/ceph/osd/ceph-0) _do_transaction 0
2017-07-07 21:40:08.565427 7fc12c0d1700 10 memstore(/var/lib/ceph/osd/ceph-0) _touch 1.24_head #1:240c9606:::benchmark_data_gdb1_2999_object342:head#
2017-07-07 21:40:08.565970 7fc12c0d1700 10 memstore(/var/lib/ceph/osd/ceph-0) _setattrs 1.24_head #1:240c9606:::benchmark_data_gdb1_2999_object342:head# ~320
2017-07-07 21:40:08.565974 7fc12c0d1700 10 memstore(/var/lib/ceph/osd/ceph-0) _write 1.24_head #1:240c9606:::benchmark_data_gdb1_2999_object342:head# 0~1048576
2017-07-07 21:40:08.566224 7fc12b0cf700 10 memstore(/var/lib/ceph/osd/ceph-0) _do_transaction 0
2017-07-07 21:40:08.566227 7fc12b0cf700 10 memstore(/var/lib/ceph/osd/ceph-0) _touch 1.26_head #1:644a2c44:::benchmark_data_gdb1_2999_object343:head#
2017-07-07 21:40:08.566764 7fc12c0d1700 10 memstore(/var/lib/ceph/osd/ceph-0) _omap_setkeys 1.24_head #1:24000000::::head# ~424
2017-07-07 21:40:08.567110 7fc1290cb700 10 memstore(/var/lib/ceph/osd/ceph-0) _do_transaction 0
2017-07-07 21:40:08.567113 7fc1290cb700 10 memstore(/var/lib/ceph/osd/ceph-0) _touch 1.4d_head #1:b279c825:::benchmark_data_gdb1_2999_object344:head#
2017-07-07 21:40:08.567377 7fc12b0cf700 10 memstore(/var/lib/ceph/osd/ceph-0) _setattrs 1.26_head #1:644a2c44:::benchmark_data_gdb1_2999_object343:head# ~320
2017-07-07 21:40:08.567396 7fc12b0cf700 10 memstore(/var/lib/ceph/osd/ceph-0) _write 1.26_head #1:644a2c44:::benchmark_data_gdb1_2999_object343:head# 0~1048576
2017-07-07 21:40:08.567652 7fc1290cb700 10 memstore(/var/lib/ceph/osd/ceph-0) _setattrs 1.4d_head #1:b279c825:::benchmark_data_gdb1_2999_object344:head# ~320
2017-07-07 21:40:08.567663 7fc1290cb700 10 memstore(/var/lib/ceph/osd/ceph-0) _write 1.4d_head #1:b279c825:::benchmark_data_gdb1_2999_object344:head# 0~1048576
2017-07-07 21:40:08.568299 7fc1290cb700 10 memstore(/var/lib/ceph/osd/ceph-0) _omap_setkeys 1.4d_head #1:b2000000::::head# ~424
2017-07-07 21:40:08.568670 7fc1288ca700 10 memstore(/var/lib/ceph/osd/ceph-0) _do_transaction 0
2017-07-07 21:40:08.568674 7fc1288ca700 10 memstore(/var/lib/ceph/osd/ceph-0) _touch 1.5d_head #1:babf4d83:::benchmark_data_gdb1_2999_object345:head#
2017-07-07 21:40:08.568912 7fc12b0cf700 10 memstore(/var/lib/ceph/osd/ceph-0) _omap_setkeys 1.26_head #1:64000000::::head# ~424
2017-07-07 21:40:08.569216 7fc1288ca700 10 memstore(/var/lib/ceph/osd/ceph-0) _setattrs 1.5d_head #1:babf4d83:::benchmark_data_gdb1_2999_object345:head# ~320
2017-07-07 21:40:08.569226 7fc1288ca700 10 memstore(/var/lib/ceph/osd/ceph-0) _write 1.5d_head #1:babf4d83:::benchmark_data_gdb1_2999_object345:head# 0~1048576
2017-07-07 21:40:08.569776 7fc1288ca700 10 memstore(/var/lib/ceph/osd/ceph-0) _omap_setkeys 1.5d_head #1:ba000000::::head# ~424
2017-07-07 21:40:08.570197 7fc12b8d0700 10 memstore(/var/lib/ceph/osd/ceph-0) _do_transaction 0
2017-07-07 21:40:08.570200 7fc12b8d0700 10 memstore(/var/lib/ceph/osd/ceph-0) _touch 1.16_head #1:68243603:::benchmark_data_gdb1_2999_object346:head#
2017-07-07 21:40:08.570774 7fc12b8d0700 10 memstore(/var/lib/ceph/osd/ceph-0) _setattrs 1.16_head #1:68243603:::benchmark_data_gdb1_2999_object346:head# ~320
2017-07-07 21:40:08.570780 7fc12b8d0700 10 memstore(/var/lib/ceph/osd/ceph-0) _write 1.16_head #1:68243603:::benchmark_data_gdb1_2999_object346:head# 0~1048576
2017-07-07 21:40:08.570937 7fc12a0cd700 10 memstore(/var/lib/ceph/osd/ceph-0) _do_transaction 0
2017-07-07 21:40:08.570941 7fc12a0cd700 10 memstore(/var/lib/ceph/osd/ceph-0) _touch 1.5a_head #1:5aac2209:::benchmark_data_gdb1_2999_object347:head#
2017-07-07 21:40:08.571340 7fc12b8d0700 10 memstore(/var/lib/ceph/osd/ceph-0) _omap_setkeys 1.16_head #1:68000000::::head# ~424
2017-07-07 21:40:08.571470 7fc12a0cd700 10 memstore(/var/lib/ceph/osd/ceph-0) _setattrs 1.5a_head #1:5aac2209:::benchmark_data_gdb1_2999_object347:head# ~320
2017-07-07 21:40:08.571483 7fc12a0cd700 10 memstore(/var/lib/ceph/osd/ceph-0) _write 1.5a_head #1:5aac2209:::benchmark_data_gdb1_2999_object347:head# 0~1048576
2017-07-07 21:40:08.572018 7fc12a0cd700 10 memstore(/var/lib/ceph/osd/ceph-0) _omap_setkeys 1.5a_head #1:5a000000::::head# ~424
2017-07-07 21:40:08.572979 7fc1298cc700 10 memstore(/var/lib/ceph/osd/ceph-0) _do_transaction 0
2017-07-07 21:40:08.572982 7fc1298cc700 10 memstore(/var/lib/ceph/osd/ceph-0) _touch 1.4c_head #1:323363f5:::benchmark_data_gdb1_2999_object348:head#
2017-07-07 21:40:08.573539 7fc1298cc700 10 memstore(/var/lib/ceph/osd/ceph-0) _setattrs 1.4c_head #1:323363f5:::benchmark_data_gdb1_2999_object348:head# ~320
2017-07-07 21:40:08.573543 7fc1298cc700 10 memstore(/var/lib/ceph/osd/ceph-0) _write 1.4c_head #1:323363f5:::benchmark_data_gdb1_2999_object348:head# 0~1048576
2017-07-07 21:40:08.573857 7fc12c0d1700 10 memstore(/var/lib/ceph/osd/ceph-0) _do_transaction 0
2017-07-07 21:40:08.573858 7fc1298cc700 10 memstore(/var/lib/ceph/osd/ceph-0) _omap_setkeys 1.4c_head #1:32000000::::head# ~424
2017-07-07 21:40:08.573861 7fc12c0d1700 10 memstore(/var/lib/ceph/osd/ceph-0) _touch 1.1a_head #1:59ffad8b:::benchmark_data_gdb1_2999_object349:head#
2017-07-07 21:40:08.574321 7fc12c0d1700 10 memstore(/var/lib/ceph/osd/ceph-0) _setattrs 1.1a_head #1:59ffad8b:::benchmark_data_gdb1_2999_object349:head# ~320
2017-07-07 21:40:08.574345 7fc12c0d1700 10 memstore(/var/lib/ceph/osd/ceph-0) _write 1.1a_head #1:59ffad8b:::benchmark_data_gdb1_2999_object349:head# 0~1048576
2017-07-07 21:40:08.574884 7fc12c0d1700 10 memstore(/var/lib/ceph/osd/ceph-0) _omap_setkeys 1.1a_head #1:58000000::::head# ~424
2017-07-07 21:40:08.578781 7fc12c0d1700 10 memstore(/var/lib/ceph/osd/ceph-0) _do_transaction 0
2017-07-07 21:40:08.578785 7fc12c0d1700 10 memstore(/var/lib/ceph/osd/ceph-0) _touch 1.38_head #1:1eb00c0e:::benchmark_data_gdb1_2999_object351:head#
2017-07-07 21:40:08.579250 7fc12c0d1700 10 memstore(/var/lib/ceph/osd/ceph-0) _setattrs 1.38_head #1:1eb00c0e:::benchmark_data_gdb1_2999_object351:head# ~320
2017-07-07 21:40:08.579254 7fc12c0d1700 10 memstore(/var/lib/ceph/osd/ceph-0) _write 1.38_head #1:1eb00c0e:::benchmark_data_gdb1_2999_object351:head# 0~1048576
2017-07-07 21:40:08.579768 7fc12c0d1700 10 memstore(/var/lib/ceph/osd/ceph-0) _omap_setkeys 1.38_head #1:1c000000::::head# ~424
2017-07-07 21:40:08.579957 7fc12c0d1700 10 memstore(/var/lib/ceph/osd/ceph-0) _do_transaction 0
2017-07-07 21:40:08.579967 7fc12c0d1700 10 memstore(/var/lib/ceph/osd/ceph-0) _touch 1.29_head #1:94e0d115:::benchmark_data_gdb1_2999_object352:head#
2017-07-07 21:40:08.580559 7fc12c0d1700 10 memstore(/var/lib/ceph/osd/ceph-0) _setattrs 1.29_head #1:94e0d115:::benchmark_data_gdb1_2999_object352:head# ~320
2017-07-07 21:40:08.580564 7fc12c0d1700 10 memstore(/var/lib/ceph/osd/ceph-0) _write 1.29_head #1:94e0d115:::benchmark_data_gdb1_2999_object352:head# 0~1048576
2017-07-07 21:40:08.581200 7fc12c8d2700 10 memstore(/var/lib/ceph/osd/ceph-0) _do_transaction 0
2017-07-07 21:40:08.581203 7fc12c8d2700 10 memstore(/var/lib/ceph/osd/ceph-0) _touch 1.41_head #1:835e8e02:::benchmark_data_gdb1_2999_object350:head#
2017-07-07 21:40:08.581218 7fc12c0d1700 10 memstore(/var/lib/ceph/osd/ceph-0) _omap_setkeys 1.29_head #1:94000000::::head# ~424
2017-07-07 21:40:08.581805 7fc12c8d2700 10 memstore(/var/lib/ceph/osd/ceph-0) _setattrs 1.41_head #1:835e8e02:::benchmark_data_gdb1_2999_object350:head# ~320
2017-07-07 21:40:08.581809 7fc12c8d2700 10 memstore(/var/lib/ceph/osd/ceph-0) _write 1.41_head #1:835e8e02:::benchmark_data_gdb1_2999_object350:head# 0~1048576
2017-07-07 21:40:08.582239 7fc1290cb700 10 memstore(/var/lib/ceph/osd/ceph-0) _do_transaction 0
2017-07-07 21:40:08.582243 7fc1290cb700 10 memstore(/var/lib/ceph/osd/ceph-0) _touch 1.1b_head #1:d847e52c:::benchmark_data_gdb1_2999_object353:head#
2017-07-07 21:40:08.582756 7fc1290cb700 10 memstore(/var/lib/ceph/osd/ceph-0) _setattrs 1.1b_head #1:d847e52c:::benchmark_data_gdb1_2999_object353:head# ~320
2017-07-07 21:40:08.582761 7fc1290cb700 10 memstore(/var/lib/ceph/osd/ceph-0) _write 1.1b_head #1:d847e52c:::benchmark_data_gdb1_2999_object353:head# 0~1048576
2017-07-07 21:40:08.583266 7fc1290cb700 10 memstore(/var/lib/ceph/osd/ceph-0) _omap_setkeys 1.1b_head #1:d8000000::::head# ~424
2017-07-07 21:40:08.583284 7fc12c8d2700 10 memstore(/var/lib/ceph/osd/ceph-0) _omap_setkeys 1.41_head #1:82000000::::head# ~424
2017-07-07 21:40:08.584529 7fc12b8d0700 10 memstore(/var/lib/ceph/osd/ceph-0) _do_transaction 0
2017-07-07 21:40:08.584532 7fc12b8d0700 10 memstore(/var/lib/ceph/osd/ceph-0) _touch 1.2_head #1:41ad8678:::benchmark_data_gdb1_2999_object354:head#
2017-07-07 21:40:08.584941 7fc1290cb700 10 memstore(/var/lib/ceph/osd/ceph-0) _do_transaction 0
2017-07-07 21:40:08.584944 7fc1290cb700 10 memstore(/var/lib/ceph/osd/ceph-0) _touch 1.25_head #1:a68b5d38:::benchmark_data_gdb1_2999_object355:head#
2017-07-07 21:40:08.585095 7fc12b8d0700 10 memstore(/var/lib/ceph/osd/ceph-0) _setattrs 1.2_head #1:41ad8678:::benchmark_data_gdb1_2999_object354:head# ~320
2017-07-07 21:40:08.585103 7fc12b8d0700 10 memstore(/var/lib/ceph/osd/ceph-0) _write 1.2_head #1:41ad8678:::benchmark_data_gdb1_2999_object354:head# 0~1048576
2017-07-07 21:40:08.585503 7fc1290cb700 10 memstore(/var/lib/ceph/osd/ceph-0) _setattrs 1.25_head #1:a68b5d38:::benchmark_data_gdb1_2999_object355:head# ~320
2017-07-07 21:40:08.585508 7fc1290cb700 10 memstore(/var/lib/ceph/osd/ceph-0) _write 1.25_head #1:a68b5d38:::benchmark_data_gdb1_2999_object355:head# 0~1048576
2017-07-07 21:40:08.585656 7fc12b8d0700 10 memstore(/var/lib/ceph/osd/ceph-0) _omap_setkeys 1.2_head #1:40000000::::head# ~424
2017-07-07 21:40:08.586010 7fc1290cb700 10 memstore(/var/lib/ceph/osd/ceph-0) _omap_setkeys 1.25_head #1:a4000000::::head# ~424
2017-07-07 21:40:08.586989 7fc12a0cd700 10 memstore(/var/lib/ceph/osd/ceph-0) _do_transaction 0
2017-07-07 21:40:08.586993 7fc12a0cd700 10 memstore(/var/lib/ceph/osd/ceph-0) _touch 1.f_head #1:f02f7d55:::benchmark_data_gdb1_2999_object356:head#
2017-07-07 21:40:08.587486 7fc12a0cd700 10 memstore(/var/lib/ceph/osd/ceph-0) _setattrs 1.f_head #1:f02f7d55:::benchmark_data_gdb1_2999_object356:head# ~320
2017-07-07 21:40:08.587498 7fc12a0cd700 10 memstore(/var/lib/ceph/osd/ceph-0) _write 1.f_head #1:f02f7d55:::benchmark_data_gdb1_2999_object356:head# 0~1048576
2017-07-07 21:40:08.588006 7fc12a0cd700 10 memstore(/var/lib/ceph/osd/ceph-0) _omap_setkeys 1.f_head #1:f0000000::::head# ~424
2017-07-07 21:40:08.588979 7fc12b0cf700 10 memstore(/var/lib/ceph/osd/ceph-0) _do_transaction 0
2017-07-07 21:40:08.588983 7fc12b0cf700 10 memstore(/var/lib/ceph/osd/ceph-0) _touch 1.3a_head #1:5fac0eef:::benchmark_data_gdb1_2999_object357:head#
2017-07-07 21:40:08.589496 7fc12b0cf700 10 memstore(/var/lib/ceph/osd/ceph-0) _setattrs 1.3a_head #1:5fac0eef:::benchmark_data_gdb1_2999_object357:head# ~320
2017-07-07 21:40:08.589507 7fc12b0cf700 10 memstore(/var/lib/ceph/osd/ceph-0) _write 1.3a_head #1:5fac0eef:::benchmark_data_gdb1_2999_object357:head# 0~1048576
2017-07-07 21:40:08.590023 7fc12b0cf700 10 memstore(/var/lib/ceph/osd/ceph-0) _omap_setkeys 1.3a_head #1:5c000000::::head# ~424
2017-07-07 21:40:08.591003 7fc1280c9700 10 memstore(/var/lib/ceph/osd/ceph-0) _do_transaction 0
2017-07-07 21:40:08.591006 7fc1280c9700 10 memstore(/var/lib/ceph/osd/ceph-0) _touch 1.e_head #1:7105819e:::benchmark_data_gdb1_2999_object358:head#
2017-07-07 21:40:08.591550 7fc1280c9700 10 memstore(/var/lib/ceph/osd/ceph-0) _setattrs 1.e_head #1:7105819e:::benchmark_data_gdb1_2999_object358:head# ~320
2017-07-07 21:40:08.591554 7fc1280c9700 10 memstore(/var/lib/ceph/osd/ceph-0) _write 1.e_head #1:7105819e:::benchmark_data_gdb1_2999_object358:head# 0~1048576
2017-07-07 21:40:08.591799 7fc12c8d2700 10 memstore(/var/lib/ceph/osd/ceph-0) _do_transaction 0
2017-07-07 21:40:08.591802 7fc12c8d2700 10 memstore(/var/lib/ceph/osd/ceph-0) _touch 1.28_head #1:15c2216d:::benchmark_data_gdb1_2999_object359:head#
2017-07-07 21:40:08.592357 7fc1280c9700 10 memstore(/var/lib/ceph/osd/ceph-0) _omap_setkeys 1.e_head #1:70000000::::head# ~424
2017-07-07 21:40:08.592767 7fc12a8ce700 10 memstore(/var/lib/ceph/osd/ceph-0) _do_transaction 0
2017-07-07 21:40:08.592771 7fc12a8ce700 10 memstore(/var/lib/ceph/osd/ceph-0) _touch 1.27_head #1:e6583701:::benchmark_data_gdb1_2999_object360:head#
2017-07-07 21:40:08.593371 7fc12a8ce700 10 memstore(/var/lib/ceph/osd/ceph-0) _setattrs 1.27_head #1:e6583701:::benchmark_data_gdb1_2999_object360:head# ~320
2017-07-07 21:40:08.593383 7fc12a8ce700 10 memstore(/var/lib/ceph/osd/ceph-0) _write 1.27_head #1:e6583701:::benchmark_data_gdb1_2999_object360:head# 0~1048576
2017-07-07 21:40:08.593567 7fc12c8d2700 10 memstore(/var/lib/ceph/osd/ceph-0) _setattrs 1.28_head #1:15c2216d:::benchmark_data_gdb1_2999_object359:head# ~320
2017-07-07 21:40:08.593574 7fc12c8d2700 10 memstore(/var/lib/ceph/osd/ceph-0) _write 1.28_head #1:15c2216d:::benchmark_data_gdb1_2999_object359:head# 0~1048576
2017-07-07 21:40:08.593962 7fc12a8ce700 10 memstore(/var/lib/ceph/osd/ceph-0) _omap_setkeys 1.27_head #1:e4000000::::head# ~424
2017-07-07 21:40:08.594122 7fc12c8d2700 10 memstore(/var/lib/ceph/osd/ceph-0) _omap_setkeys 1.28_head #1:14000000::::head# ~424
2017-07-07 21:40:08.594544 7fc12c0d1700 10 memstore(/var/lib/ceph/osd/ceph-0) _do_transaction 0
2017-07-07 21:40:08.594548 7fc12c0d1700 10 memstore(/var/lib/ceph/osd/ceph-0) _touch 1.38_head #1:1f5174e0:::benchmark_data_gdb1_2999_object361:head#
