2017-07-07 21:40:08.595107 7fc12c0d1700 10 memstore(/var/lib/ceph/osd/ceph-0) _setattrs 1.38_head #1:1f5174e0:::benchmark_data_gdb1_2999_object361:head# ~320
2017-07-07 21:40:08.595113 7fc12c0d1700 10 memstore(/var/lib/ceph/osd/ceph-0) _write 1.38_head #1:1f5174e0:::benchmark_data_gdb1_2999_object361:head# 0~1048576
2017-07-07 21:40:08.595297 7fc12b8d0700 10 memstore(/var/lib/ceph/osd/ceph-0) _do_transaction 0
2017-07-07 21:40:08.595301 7fc12b8d0700 10 memstore(/var/lib/ceph/osd/ceph-0) _touch 1.16_head #1:68a808bd:::benchmark_data_gdb1_2999_object362:head#
2017-07-07 21:40:08.595688 7fc12c0d1700 10 memstore(/var/lib/ceph/osd/ceph-0) _omap_setkeys 1.38_head #1:1c000000::::head# ~424
2017-07-07 21:40:08.595828 7fc12b8d0700 10 memstore(/var/lib/ceph/osd/ceph-0) _setattrs 1.16_head #1:68a808bd:::benchmark_data_gdb1_2999_object362:head# ~320
2017-07-07 21:40:08.595839 7fc12b8d0700 10 memstore(/var/lib/ceph/osd/ceph-0) _write 1.16_head #1:68a808bd:::benchmark_data_gdb1_2999_object362:head# 0~1048576
2017-07-07 21:40:08.596352 7fc12b8d0700 10 memstore(/var/lib/ceph/osd/ceph-0) _omap_setkeys 1.16_head #1:68000000::::head# ~424
2017-07-07 21:40:08.597290 7fc1290cb700 10 memstore(/var/lib/ceph/osd/ceph-0) _do_transaction 0
2017-07-07 21:40:08.597294 7fc1290cb700 10 memstore(/var/lib/ceph/osd/ceph-0) _touch 1.34_head #1:2fece3d1:::benchmark_data_gdb1_2999_object363:head#
2017-07-07 21:40:08.597837 7fc1290cb700 10 memstore(/var/lib/ceph/osd/ceph-0) _setattrs 1.34_head #1:2fece3d1:::benchmark_data_gdb1_2999_object363:head# ~320
2017-07-07 21:40:08.597842 7fc1290cb700 10 memstore(/var/lib/ceph/osd/ceph-0) _write 1.34_head #1:2fece3d1:::benchmark_data_gdb1_2999_object363:head# 0~1048576
2017-07-07 21:40:08.597985 7fc12b8d0700 10 memstore(/var/lib/ceph/osd/ceph-0) _do_transaction 0
2017-07-07 21:40:08.597988 7fc12b8d0700 10 memstore(/var/lib/ceph/osd/ceph-0) _touch 1.39_head #1:9c79596f:::benchmark_data_gdb1_2999_object364:head#
2017-07-07 21:40:08.598415 7fc1290cb700 10 memstore(/var/lib/ceph/osd/ceph-0) _omap_setkeys 1.34_head #1:2c000000::::head# ~424
2017-07-07 21:40:08.598523 7fc12b8d0700 10 memstore(/var/lib/ceph/osd/ceph-0) _setattrs 1.39_head #1:9c79596f:::benchmark_data_gdb1_2999_object364:head# ~320
2017-07-07 21:40:08.598528 7fc12b8d0700 10 memstore(/var/lib/ceph/osd/ceph-0) _write 1.39_head #1:9c79596f:::benchmark_data_gdb1_2999_object364:head# 0~1048576
2017-07-07 21:40:08.599051 7fc12b8d0700 10 memstore(/var/lib/ceph/osd/ceph-0) _omap_setkeys 1.39_head #1:9c000000::::head# ~424
2017-07-07 21:40:08.599964 7fc12a0cd700 10 memstore(/var/lib/ceph/osd/ceph-0) _do_transaction 0
2017-07-07 21:40:08.599967 7fc12a0cd700 10 memstore(/var/lib/ceph/osd/ceph-0) _touch 1.0_head #1:00e1e9bd:::benchmark_data_gdb1_2999_object365:head#
2017-07-07 21:40:08.600515 7fc12a0cd700 10 memstore(/var/lib/ceph/osd/ceph-0) _setattrs 1.0_head #1:00e1e9bd:::benchmark_data_gdb1_2999_object365:head# ~320
2017-07-07 21:40:08.600520 7fc12a0cd700 10 memstore(/var/lib/ceph/osd/ceph-0) _write 1.0_head #1:00e1e9bd:::benchmark_data_gdb1_2999_object365:head# 0~1048576
2017-07-07 21:40:08.601638 7fc12a0cd700 10 memstore(/var/lib/ceph/osd/ceph-0) _omap_setkeys 1.0_head #1:00000000::::head# ~424
2017-07-07 21:40:08.605579 7fc1288ca700 10 memstore(/var/lib/ceph/osd/ceph-0) _do_transaction 0
2017-07-07 21:40:08.605584 7fc1288ca700 10 memstore(/var/lib/ceph/osd/ceph-0) _touch 1.d_head #1:b0efed5d:::benchmark_data_gdb1_2999_object366:head#
2017-07-07 21:40:08.606046 7fc1288ca700 10 memstore(/var/lib/ceph/osd/ceph-0) _setattrs 1.d_head #1:b0efed5d:::benchmark_data_gdb1_2999_object366:head# ~320
2017-07-07 21:40:08.606058 7fc1288ca700 10 memstore(/var/lib/ceph/osd/ceph-0) _write 1.d_head #1:b0efed5d:::benchmark_data_gdb1_2999_object366:head# 0~1048576
2017-07-07 21:40:08.606555 7fc1288ca700 10 memstore(/var/lib/ceph/osd/ceph-0) _omap_setkeys 1.d_head #1:b0000000::::head# ~424
2017-07-07 21:40:08.608010 7fc1290cb700 10 memstore(/var/lib/ceph/osd/ceph-0) _do_transaction 0
2017-07-07 21:40:08.608013 7fc1290cb700 10 memstore(/var/lib/ceph/osd/ceph-0) _touch 1.3e_head #1:7ecda5f5:::benchmark_data_gdb1_2999_object367:head#
2017-07-07 21:40:08.608139 7fc12b8d0700 10 memstore(/var/lib/ceph/osd/ceph-0) _do_transaction 0
2017-07-07 21:40:08.608142 7fc12b8d0700 10 memstore(/var/lib/ceph/osd/ceph-0) _touch 1.34_head #1:2eb94d20:::benchmark_data_gdb1_2999_object368:head#
2017-07-07 21:40:08.608537 7fc1290cb700 10 memstore(/var/lib/ceph/osd/ceph-0) _setattrs 1.3e_head #1:7ecda5f5:::benchmark_data_gdb1_2999_object367:head# ~320
2017-07-07 21:40:08.608541 7fc1290cb700 10 memstore(/var/lib/ceph/osd/ceph-0) _write 1.3e_head #1:7ecda5f5:::benchmark_data_gdb1_2999_object367:head# 0~1048576
2017-07-07 21:40:08.608663 7fc12b8d0700 10 memstore(/var/lib/ceph/osd/ceph-0) _setattrs 1.34_head #1:2eb94d20:::benchmark_data_gdb1_2999_object368:head# ~320
2017-07-07 21:40:08.608668 7fc12b8d0700 10 memstore(/var/lib/ceph/osd/ceph-0) _write 1.34_head #1:2eb94d20:::benchmark_data_gdb1_2999_object368:head# 0~1048576
2017-07-07 21:40:08.609070 7fc1290cb700 10 memstore(/var/lib/ceph/osd/ceph-0) _omap_setkeys 1.3e_head #1:7c000000::::head# ~424
2017-07-07 21:40:08.609204 7fc12b8d0700 10 memstore(/var/lib/ceph/osd/ceph-0) _omap_setkeys 1.34_head #1:2c000000::::head# ~424
2017-07-07 21:40:08.610094 7fc12b8d0700 10 memstore(/var/lib/ceph/osd/ceph-0) _do_transaction 0
2017-07-07 21:40:08.610098 7fc12b8d0700 10 memstore(/var/lib/ceph/osd/ceph-0) _touch 1.52_head #1:4b01b0a0:::benchmark_data_gdb1_2999_object369:head#
2017-07-07 21:40:08.610620 7fc12b8d0700 10 memstore(/var/lib/ceph/osd/ceph-0) _setattrs 1.52_head #1:4b01b0a0:::benchmark_data_gdb1_2999_object369:head# ~320
2017-07-07 21:40:08.610632 7fc12b8d0700 10 memstore(/var/lib/ceph/osd/ceph-0) _write 1.52_head #1:4b01b0a0:::benchmark_data_gdb1_2999_object369:head# 0~1048576
2017-07-07 21:40:08.611129 7fc12b8d0700 10 memstore(/var/lib/ceph/osd/ceph-0) _omap_setkeys 1.52_head #1:4a000000::::head# ~424
2017-07-07 21:40:08.612027 7fc12b0cf700 10 memstore(/var/lib/ceph/osd/ceph-0) _do_transaction 0
2017-07-07 21:40:08.612030 7fc12b0cf700 10 memstore(/var/lib/ceph/osd/ceph-0) _touch 1.44_head #1:2346b247:::benchmark_data_gdb1_2999_object370:head#
2017-07-07 21:40:08.612735 7fc1280c9700 10 memstore(/var/lib/ceph/osd/ceph-0) _do_transaction 0
2017-07-07 21:40:08.612739 7fc1280c9700 10 memstore(/var/lib/ceph/osd/ceph-0) _touch 1.13_head #1:c9d97209:::benchmark_data_gdb1_2999_object371:head#
2017-07-07 21:40:08.613061 7fc12b0cf700 10 memstore(/var/lib/ceph/osd/ceph-0) _setattrs 1.44_head #1:2346b247:::benchmark_data_gdb1_2999_object370:head# ~320
2017-07-07 21:40:08.613069 7fc12b0cf700 10 memstore(/var/lib/ceph/osd/ceph-0) _write 1.44_head #1:2346b247:::benchmark_data_gdb1_2999_object370:head# 0~1048576
2017-07-07 21:40:08.613351 7fc1280c9700 10 memstore(/var/lib/ceph/osd/ceph-0) _setattrs 1.13_head #1:c9d97209:::benchmark_data_gdb1_2999_object371:head# ~320
2017-07-07 21:40:08.613358 7fc1280c9700 10 memstore(/var/lib/ceph/osd/ceph-0) _write 1.13_head #1:c9d97209:::benchmark_data_gdb1_2999_object371:head# 0~1048576
2017-07-07 21:40:08.613973 7fc1280c9700 10 memstore(/var/lib/ceph/osd/ceph-0) _omap_setkeys 1.13_head #1:c8000000::::head# ~424
2017-07-07 21:40:08.614306 7fc1298cc700 10 memstore(/var/lib/ceph/osd/ceph-0) _do_transaction 0
2017-07-07 21:40:08.614309 7fc1298cc700 10 memstore(/var/lib/ceph/osd/ceph-0) _touch 1.29_head #1:9578eaea:::benchmark_data_gdb1_2999_object372:head#
2017-07-07 21:40:08.614718 7fc12b0cf700 10 memstore(/var/lib/ceph/osd/ceph-0) _omap_setkeys 1.44_head #1:22000000::::head# ~424
2017-07-07 21:40:08.614858 7fc1298cc700 10 memstore(/var/lib/ceph/osd/ceph-0) _setattrs 1.29_head #1:9578eaea:::benchmark_data_gdb1_2999_object372:head# ~320
2017-07-07 21:40:08.614868 7fc1298cc700 10 memstore(/var/lib/ceph/osd/ceph-0) _write 1.29_head #1:9578eaea:::benchmark_data_gdb1_2999_object372:head# 0~1048576
2017-07-07 21:40:08.615407 7fc1298cc700 10 memstore(/var/lib/ceph/osd/ceph-0) _omap_setkeys 1.29_head #1:94000000::::head# ~424
2017-07-07 21:40:08.615609 7fc1298cc700 10 memstore(/var/lib/ceph/osd/ceph-0) _do_transaction 0
2017-07-07 21:40:08.615612 7fc1298cc700 10 memstore(/var/lib/ceph/osd/ceph-0) _touch 1.56_head #1:6b87bb81:::benchmark_data_gdb1_2999_object373:head#
2017-07-07 21:40:08.616204 7fc1298cc700 10 memstore(/var/lib/ceph/osd/ceph-0) _setattrs 1.56_head #1:6b87bb81:::benchmark_data_gdb1_2999_object373:head# ~320
2017-07-07 21:40:08.616215 7fc1298cc700 10 memstore(/var/lib/ceph/osd/ceph-0) _write 1.56_head #1:6b87bb81:::benchmark_data_gdb1_2999_object373:head# 0~1048576
2017-07-07 21:40:08.616513 7fc1290cb700 10 memstore(/var/lib/ceph/osd/ceph-0) _do_transaction 0
2017-07-07 21:40:08.616516 7fc1290cb700 10 memstore(/var/lib/ceph/osd/ceph-0) _touch 1.61_head #1:872394e5:::benchmark_data_gdb1_2999_object374:head#
2017-07-07 21:40:08.616754 7fc1298cc700 10 memstore(/var/lib/ceph/osd/ceph-0) _omap_setkeys 1.56_head #1:6a000000::::head# ~424
2017-07-07 21:40:08.617022 7fc1290cb700 10 memstore(/var/lib/ceph/osd/ceph-0) _setattrs 1.61_head #1:872394e5:::benchmark_data_gdb1_2999_object374:head# ~320
2017-07-07 21:40:08.617027 7fc1290cb700 10 memstore(/var/lib/ceph/osd/ceph-0) _write 1.61_head #1:872394e5:::benchmark_data_gdb1_2999_object374:head# 0~1048576
2017-07-07 21:40:08.617562 7fc1290cb700 10 memstore(/var/lib/ceph/osd/ceph-0) _omap_setkeys 1.61_head #1:86000000::::head# ~424
2017-07-07 21:40:08.618603 7fc1288ca700 10 memstore(/var/lib/ceph/osd/ceph-0) _do_transaction 0
2017-07-07 21:40:08.618607 7fc1288ca700 10 memstore(/var/lib/ceph/osd/ceph-0) _touch 1.3a_head #1:5ec92333:::benchmark_data_gdb1_2999_object375:head#
2017-07-07 21:40:08.619204 7fc1288ca700 10 memstore(/var/lib/ceph/osd/ceph-0) _setattrs 1.3a_head #1:5ec92333:::benchmark_data_gdb1_2999_object375:head# ~320
2017-07-07 21:40:08.619210 7fc1288ca700 10 memstore(/var/lib/ceph/osd/ceph-0) _write 1.3a_head #1:5ec92333:::benchmark_data_gdb1_2999_object375:head# 0~1048576
2017-07-07 21:40:08.619403 7fc12b8d0700 10 memstore(/var/lib/ceph/osd/ceph-0) _do_transaction 0
2017-07-07 21:40:08.619407 7fc12b8d0700 10 memstore(/var/lib/ceph/osd/ceph-0) _touch 1.61_head #1:8663900a:::benchmark_data_gdb1_2999_object376:head#
2017-07-07 21:40:08.619973 7fc12b8d0700 10 memstore(/var/lib/ceph/osd/ceph-0) _setattrs 1.61_head #1:8663900a:::benchmark_data_gdb1_2999_object376:head# ~320
2017-07-07 21:40:08.619978 7fc12b8d0700 10 memstore(/var/lib/ceph/osd/ceph-0) _write 1.61_head #1:8663900a:::benchmark_data_gdb1_2999_object376:head# 0~1048576
2017-07-07 21:40:08.620109 7fc12c0d1700 10 memstore(/var/lib/ceph/osd/ceph-0) _do_transaction 0
2017-07-07 21:40:08.620112 7fc12c0d1700 10 memstore(/var/lib/ceph/osd/ceph-0) _touch 1.1f_head #1:f96bde8a:::benchmark_data_gdb1_2999_object377:head#
2017-07-07 21:40:08.620585 7fc12b8d0700 10 memstore(/var/lib/ceph/osd/ceph-0) _omap_setkeys 1.61_head #1:86000000::::head# ~424
2017-07-07 21:40:08.620734 7fc12c0d1700 10 memstore(/var/lib/ceph/osd/ceph-0) _setattrs 1.1f_head #1:f96bde8a:::benchmark_data_gdb1_2999_object377:head# ~320
2017-07-07 21:40:08.620741 7fc12c0d1700 10 memstore(/var/lib/ceph/osd/ceph-0) _write 1.1f_head #1:f96bde8a:::benchmark_data_gdb1_2999_object377:head# 0~1048576
2017-07-07 21:40:08.621335 7fc12c0d1700 10 memstore(/var/lib/ceph/osd/ceph-0) _omap_setkeys 1.1f_head #1:f8000000::::head# ~424
2017-07-07 21:40:08.621674 7fc12c8d2700 10 memstore(/var/lib/ceph/osd/ceph-0) _do_transaction 0
2017-07-07 21:40:08.621677 7fc12c8d2700 10 memstore(/var/lib/ceph/osd/ceph-0) _touch 1.28_head #1:16ac1103:::benchmark_data_gdb1_2999_object378:head#
2017-07-07 21:40:08.622302 7fc12c8d2700 10 memstore(/var/lib/ceph/osd/ceph-0) _setattrs 1.28_head #1:16ac1103:::benchmark_data_gdb1_2999_object378:head# ~320
2017-07-07 21:40:08.622314 7fc12c8d2700 10 memstore(/var/lib/ceph/osd/ceph-0) _write 1.28_head #1:16ac1103:::benchmark_data_gdb1_2999_object378:head# 0~1048576
2017-07-07 21:40:08.622587 7fc12a0cd700 10 memstore(/var/lib/ceph/osd/ceph-0) _do_transaction 0
2017-07-07 21:40:08.622591 7fc12a0cd700 10 memstore(/var/lib/ceph/osd/ceph-0) _touch 1.a_head #1:5141c231:::benchmark_data_gdb1_2999_object379:head#
2017-07-07 21:40:08.623050 7fc1288ca700 10 memstore(/var/lib/ceph/osd/ceph-0) _omap_setkeys 1.3a_head #1:5c000000::::head# ~424
2017-07-07 21:40:08.623498 7fc1298cc700 10 memstore(/var/lib/ceph/osd/ceph-0) _do_transaction 0
2017-07-07 21:40:08.623501 7fc1298cc700 10 memstore(/var/lib/ceph/osd/ceph-0) _touch 1.b_head #1:d03a9be3:::benchmark_data_gdb1_2999_object380:head#
2017-07-07 21:40:08.623672 7fc12c8d2700 10 memstore(/var/lib/ceph/osd/ceph-0) _omap_setkeys 1.28_head #1:14000000::::head# ~424
2017-07-07 21:40:08.624110 7fc12a0cd700 10 memstore(/var/lib/ceph/osd/ceph-0) _setattrs 1.a_head #1:5141c231:::benchmark_data_gdb1_2999_object379:head# ~320
2017-07-07 21:40:08.624125 7fc12a0cd700 10 memstore(/var/lib/ceph/osd/ceph-0) _write 1.a_head #1:5141c231:::benchmark_data_gdb1_2999_object379:head# 0~1048576
2017-07-07 21:40:08.625477 7fc12a0cd700 10 memstore(/var/lib/ceph/osd/ceph-0) _omap_setkeys 1.a_head #1:50000000::::head# ~424
2017-07-07 21:40:08.625675 7fc1298cc700 10 memstore(/var/lib/ceph/osd/ceph-0) _setattrs 1.b_head #1:d03a9be3:::benchmark_data_gdb1_2999_object380:head# ~320
2017-07-07 21:40:08.625682 7fc1298cc700 10 memstore(/var/lib/ceph/osd/ceph-0) _write 1.b_head #1:d03a9be3:::benchmark_data_gdb1_2999_object380:head# 0~1048576
2017-07-07 21:40:08.626115 7fc1298cc700 10 memstore(/var/lib/ceph/osd/ceph-0) _omap_setkeys 1.b_head #1:d0000000::::head# ~424
2017-07-07 21:40:08.630592 7fc1290cb700 10 memstore(/var/lib/ceph/osd/ceph-0) _do_transaction 0
2017-07-07 21:40:08.630596 7fc1290cb700 10 memstore(/var/lib/ceph/osd/ceph-0) _touch 1.c_head #1:31bd2aa8:::benchmark_data_gdb1_2999_object381:head#
2017-07-07 21:40:08.631130 7fc1290cb700 10 memstore(/var/lib/ceph/osd/ceph-0) _setattrs 1.c_head #1:31bd2aa8:::benchmark_data_gdb1_2999_object381:head# ~320
2017-07-07 21:40:08.631134 7fc1290cb700 10 memstore(/var/lib/ceph/osd/ceph-0) _write 1.c_head #1:31bd2aa8:::benchmark_data_gdb1_2999_object381:head# 0~1048576
2017-07-07 21:40:08.632014 7fc12a8ce700 10 memstore(/var/lib/ceph/osd/ceph-0) _do_transaction 0
2017-07-07 21:40:08.632019 7fc12a8ce700 10 memstore(/var/lib/ceph/osd/ceph-0) _touch 1.54_head #1:2a79fc4c:::benchmark_data_gdb1_2999_object383:head#
2017-07-07 21:40:08.632417 7fc12c0d1700 10 memstore(/var/lib/ceph/osd/ceph-0) _do_transaction 0
2017-07-07 21:40:08.632421 7fc12c0d1700 10 memstore(/var/lib/ceph/osd/ceph-0) _touch 1.60_head #1:07e84e79:::benchmark_data_gdb1_2999_object385:head#
2017-07-07 21:40:08.632592 7fc12b0cf700 10 memstore(/var/lib/ceph/osd/ceph-0) _do_transaction 0
2017-07-07 21:40:08.632595 7fc12b0cf700 10 memstore(/var/lib/ceph/osd/ceph-0) _touch 1.21_head #1:85f3cacd:::benchmark_data_gdb1_2999_object384:head#
2017-07-07 21:40:08.632816 7fc12b8d0700 10 memstore(/var/lib/ceph/osd/ceph-0) _do_transaction 0
2017-07-07 21:40:08.632819 7fc12b8d0700 10 memstore(/var/lib/ceph/osd/ceph-0) _touch 1.48_head #1:13af8a99:::benchmark_data_gdb1_2999_object382:head#
2017-07-07 21:40:08.633196 7fc12c0d1700 10 memstore(/var/lib/ceph/osd/ceph-0) _setattrs 1.60_head #1:07e84e79:::benchmark_data_gdb1_2999_object385:head# ~320
2017-07-07 21:40:08.633204 7fc12c0d1700 10 memstore(/var/lib/ceph/osd/ceph-0) _write 1.60_head #1:07e84e79:::benchmark_data_gdb1_2999_object385:head# 0~1048576
2017-07-07 21:40:08.633396 7fc12b8d0700 10 memstore(/var/lib/ceph/osd/ceph-0) _setattrs 1.48_head #1:13af8a99:::benchmark_data_gdb1_2999_object382:head# ~320
2017-07-07 21:40:08.633404 7fc12b8d0700 10 memstore(/var/lib/ceph/osd/ceph-0) _write 1.48_head #1:13af8a99:::benchmark_data_gdb1_2999_object382:head# 0~1048576
2017-07-07 21:40:08.633760 7fc12c0d1700 10 memstore(/var/lib/ceph/osd/ceph-0) _omap_setkeys 1.60_head #1:06000000::::head# ~424
2017-07-07 21:40:08.633914 7fc12a8ce700 10 memstore(/var/lib/ceph/osd/ceph-0) _setattrs 1.54_head #1:2a79fc4c:::benchmark_data_gdb1_2999_object383:head# ~320
2017-07-07 21:40:08.633917 7fc12a8ce700 10 memstore(/var/lib/ceph/osd/ceph-0) _write 1.54_head #1:2a79fc4c:::benchmark_data_gdb1_2999_object383:head# 0~1048576
2017-07-07 21:40:08.633948 7fc12b8d0700 10 memstore(/var/lib/ceph/osd/ceph-0) _omap_setkeys 1.48_head #1:12000000::::head# ~424
2017-07-07 21:40:08.634401 7fc12b0cf700 10 memstore(/var/lib/ceph/osd/ceph-0) _setattrs 1.21_head #1:85f3cacd:::benchmark_data_gdb1_2999_object384:head# ~320
2017-07-07 21:40:08.634410 7fc12b0cf700 10 memstore(/var/lib/ceph/osd/ceph-0) _write 1.21_head #1:85f3cacd:::benchmark_data_gdb1_2999_object384:head# 0~1048576
2017-07-07 21:40:08.634437 7fc12a8ce700 10 memstore(/var/lib/ceph/osd/ceph-0) _omap_setkeys 1.54_head #1:2a000000::::head# ~424
2017-07-07 21:40:08.635061 7fc12b0cf700 10 memstore(/var/lib/ceph/osd/ceph-0) _omap_setkeys 1.21_head #1:84000000::::head# ~424
2017-07-07 21:40:08.635439 7fc1288ca700 10 memstore(/var/lib/ceph/osd/ceph-0) _do_transaction 0
2017-07-07 21:40:08.635443 7fc1288ca700 10 memstore(/var/lib/ceph/osd/ceph-0) _touch 1.21_head #1:85a26b7b:::benchmark_data_gdb1_2999_object386:head#
2017-07-07 21:40:08.636026 7fc1288ca700 10 memstore(/var/lib/ceph/osd/ceph-0) _setattrs 1.21_head #1:85a26b7b:::benchmark_data_gdb1_2999_object386:head# ~320
2017-07-07 21:40:08.636039 7fc1288ca700 10 memstore(/var/lib/ceph/osd/ceph-0) _write 1.21_head #1:85a26b7b:::benchmark_data_gdb1_2999_object386:head# 0~1048576
2017-07-07 21:40:08.636251 7fc12b0cf700 10 memstore(/var/lib/ceph/osd/ceph-0) _do_transaction 0
2017-07-07 21:40:08.636254 7fc12b0cf700 10 memstore(/var/lib/ceph/osd/ceph-0) _touch 1.2b_head #1:d5385d83:::benchmark_data_gdb1_2999_object387:head#
2017-07-07 21:40:08.636856 7fc12b0cf700 10 memstore(/var/lib/ceph/osd/ceph-0) _setattrs 1.2b_head #1:d5385d83:::benchmark_data_gdb1_2999_object387:head# ~320
2017-07-07 21:40:08.636866 7fc12b0cf700 10 memstore(/var/lib/ceph/osd/ceph-0) _write 1.2b_head #1:d5385d83:::benchmark_data_gdb1_2999_object387:head# 0~1048576
2017-07-07 21:40:08.636985 7fc1290cb700 10 memstore(/var/lib/ceph/osd/ceph-0) _omap_setkeys 1.c_head #1:30000000::::head# ~424
2017-07-07 21:40:08.637372 7fc1288ca700 10 memstore(/var/lib/ceph/osd/ceph-0) _omap_setkeys 1.21_head #1:84000000::::head# ~424
2017-07-07 21:40:08.637474 7fc12b0cf700 10 memstore(/var/lib/ceph/osd/ceph-0) _omap_setkeys 1.2b_head #1:d4000000::::head# ~424
2017-07-07 21:40:08.637801 7fc1298cc700 10 memstore(/var/lib/ceph/osd/ceph-0) _do_transaction 0
2017-07-07 21:40:08.637804 7fc1298cc700 10 memstore(/var/lib/ceph/osd/ceph-0) _touch 1.29_head #1:96a59928:::benchmark_data_gdb1_2999_object388:head#
2017-07-07 21:40:08.638354 7fc1298cc700 10 memstore(/var/lib/ceph/osd/ceph-0) _setattrs 1.29_head #1:96a59928:::benchmark_data_gdb1_2999_object388:head# ~320
2017-07-07 21:40:08.638359 7fc1298cc700 10 memstore(/var/lib/ceph/osd/ceph-0) _write 1.29_head #1:96a59928:::benchmark_data_gdb1_2999_object388:head# 0~1048576
2017-07-07 21:40:08.638533 7fc1288ca700 10 memstore(/var/lib/ceph/osd/ceph-0) _do_transaction 0
2017-07-07 21:40:08.638537 7fc1288ca700 10 memstore(/var/lib/ceph/osd/ceph-0) _touch 1.3f_head #1:fe88c1a9:::benchmark_data_gdb1_2999_object389:head#
2017-07-07 21:40:08.638927 7fc1298cc700 10 memstore(/var/lib/ceph/osd/ceph-0) _omap_setkeys 1.29_head #1:94000000::::head# ~424
2017-07-07 21:40:08.639202 7fc1288ca700 10 memstore(/var/lib/ceph/osd/ceph-0) _setattrs 1.3f_head #1:fe88c1a9:::benchmark_data_gdb1_2999_object389:head# ~320
2017-07-07 21:40:08.639221 7fc1288ca700 10 memstore(/var/lib/ceph/osd/ceph-0) _write 1.3f_head #1:fe88c1a9:::benchmark_data_gdb1_2999_object389:head# 0~1048576
2017-07-07 21:40:08.639935 7fc12b8d0700 10 memstore(/var/lib/ceph/osd/ceph-0) _do_transaction 0
2017-07-07 21:40:08.639939 7fc12b8d0700 10 memstore(/var/lib/ceph/osd/ceph-0) _touch 1.2a_head #1:5444205a:::benchmark_data_gdb1_2999_object390:head#
2017-07-07 21:40:08.640495 7fc12b8d0700 10 memstore(/var/lib/ceph/osd/ceph-0) _setattrs 1.2a_head #1:5444205a:::benchmark_data_gdb1_2999_object390:head# ~320
2017-07-07 21:40:08.640500 7fc12b8d0700 10 memstore(/var/lib/ceph/osd/ceph-0) _write 1.2a_head #1:5444205a:::benchmark_data_gdb1_2999_object390:head# 0~1048576
2017-07-07 21:40:08.640672 7fc1280c9700 10 memstore(/var/lib/ceph/osd/ceph-0) _do_transaction 0
2017-07-07 21:40:08.640676 7fc1280c9700 10 memstore(/var/lib/ceph/osd/ceph-0) _touch 1.22_head #1:455dc6b9:::benchmark_data_gdb1_2999_object391:head#
2017-07-07 21:40:08.641080 7fc12b8d0700 10 memstore(/var/lib/ceph/osd/ceph-0) _omap_setkeys 1.2a_head #1:54000000::::head# ~424
2017-07-07 21:40:08.641204 7fc1280c9700 10 memstore(/var/lib/ceph/osd/ceph-0) _setattrs 1.22_head #1:455dc6b9:::benchmark_data_gdb1_2999_object391:head# ~320
2017-07-07 21:40:08.641215 7fc1280c9700 10 memstore(/var/lib/ceph/osd/ceph-0) _write 1.22_head #1:455dc6b9:::benchmark_data_gdb1_2999_object391:head# 0~1048576
2017-07-07 21:40:08.641272 7fc1288ca700 10 memstore(/var/lib/ceph/osd/ceph-0) _omap_setkeys 1.3f_head #1:fc000000::::head# ~424
2017-07-07 21:40:08.641766 7fc1280c9700 10 memstore(/var/lib/ceph/osd/ceph-0) _omap_setkeys 1.22_head #1:44000000::::head# ~424
2017-07-07 21:40:08.642697 7fc1290cb700 10 memstore(/var/lib/ceph/osd/ceph-0) _do_transaction 0
2017-07-07 21:40:08.642701 7fc1290cb700 10 memstore(/var/lib/ceph/osd/ceph-0) _touch 1.2f_head #1:f623ed0c:::benchmark_data_gdb1_2999_object392:head#
2017-07-07 21:40:08.643191 7fc1290cb700 10 memstore(/var/lib/ceph/osd/ceph-0) _setattrs 1.2f_head #1:f623ed0c:::benchmark_data_gdb1_2999_object392:head# ~320
2017-07-07 21:40:08.643202 7fc1290cb700 10 memstore(/var/lib/ceph/osd/ceph-0) _write 1.2f_head #1:f623ed0c:::benchmark_data_gdb1_2999_object392:head# 0~1048576
2017-07-07 21:40:08.643734 7fc1290cb700 10 memstore(/var/lib/ceph/osd/ceph-0) _omap_setkeys 1.2f_head #1:f4000000::::head# ~424
2017-07-07 21:40:08.644643 7fc12b8d0700 10 memstore(/var/lib/ceph/osd/ceph-0) _do_transaction 0
2017-07-07 21:40:08.644647 7fc12b8d0700 10 memstore(/var/lib/ceph/osd/ceph-0) _touch 1.3e_head #1:7e573105:::benchmark_data_gdb1_2999_object393:head#
2017-07-07 21:40:08.645217 7fc12b8d0700 10 memstore(/var/lib/ceph/osd/ceph-0) _setattrs 1.3e_head #1:7e573105:::benchmark_data_gdb1_2999_object393:head# ~320
2017-07-07 21:40:08.645223 7fc12b8d0700 10 memstore(/var/lib/ceph/osd/ceph-0) _write 1.3e_head #1:7e573105:::benchmark_data_gdb1_2999_object393:head# 0~1048576
2017-07-07 21:40:08.646379 7fc12b8d0700 10 memstore(/var/lib/ceph/osd/ceph-0) _omap_setkeys 1.3e_head #1:7c000000::::head# ~424
2017-07-07 21:40:08.651231 7fc12c8d2700 10 memstore(/var/lib/ceph/osd/ceph-0) _do_transaction 0
2017-07-07 21:40:08.651235 7fc12c8d2700 10 memstore(/var/lib/ceph/osd/ceph-0) _touch 1.19_head #1:98833790:::benchmark_data_gdb1_2999_object394:head#
2017-07-07 21:40:08.651796 7fc12c8d2700 10 memstore(/var/lib/ceph/osd/ceph-0) _setattrs 1.19_head #1:98833790:::benchmark_data_gdb1_2999_object394:head# ~320
2017-07-07 21:40:08.651803 7fc12c8d2700 10 memstore(/var/lib/ceph/osd/ceph-0) _write 1.19_head #1:98833790:::benchmark_data_gdb1_2999_object394:head# 0~1048576
2017-07-07 21:40:08.652321 7fc12c8d2700 10 memstore(/var/lib/ceph/osd/ceph-0) _omap_setkeys 1.19_head #1:98000000::::head# ~424
2017-07-07 21:40:08.652507 7fc12c8d2700 10 memstore(/var/lib/ceph/osd/ceph-0) _do_transaction 0
2017-07-07 21:40:08.652510 7fc12c8d2700 10 memstore(/var/lib/ceph/osd/ceph-0) _touch 1.5a_head #1:5ab1f0aa:::benchmark_data_gdb1_2999_object395:head#
2017-07-07 21:40:08.653167 7fc12c8d2700 10 memstore(/var/lib/ceph/osd/ceph-0) _setattrs 1.5a_head #1:5ab1f0aa:::benchmark_data_gdb1_2999_object395:head# ~320
2017-07-07 21:40:08.653176 7fc12c8d2700 10 memstore(/var/lib/ceph/osd/ceph-0) _write 1.5a_head #1:5ab1f0aa:::benchmark_data_gdb1_2999_object395:head# 0~1048576
2017-07-07 21:40:08.653415 7fc12a8ce700 10 memstore(/var/lib/ceph/osd/ceph-0) _do_transaction 0
2017-07-07 21:40:08.653419 7fc12a8ce700 10 memstore(/var/lib/ceph/osd/ceph-0) _touch 1.5e_head #1:7bf87d52:::benchmark_data_gdb1_2999_object396:head#
2017-07-07 21:40:08.653723 7fc12c8d2700 10 memstore(/var/lib/ceph/osd/ceph-0) _omap_setkeys 1.5a_head #1:5a000000::::head# ~424
2017-07-07 21:40:08.653942 7fc12a8ce700 10 memstore(/var/lib/ceph/osd/ceph-0) _setattrs 1.5e_head #1:7bf87d52:::benchmark_data_gdb1_2999_object396:head# ~320
2017-07-07 21:40:08.653955 7fc12a8ce700 10 memstore(/var/lib/ceph/osd/ceph-0) _write 1.5e_head #1:7bf87d52:::benchmark_data_gdb1_2999_object396:head# 0~1048576
2017-07-07 21:40:08.654447 7fc12a8ce700 10 memstore(/var/lib/ceph/osd/ceph-0) _omap_setkeys 1.5e_head #1:7a000000::::head# ~424
2017-07-07 21:40:08.655632 7fc12a0cd700 10 memstore(/var/lib/ceph/osd/ceph-0) _do_transaction 0
2017-07-07 21:40:08.655635 7fc12a0cd700 10 memstore(/var/lib/ceph/osd/ceph-0) _touch 1.28_head #1:141f1772:::benchmark_data_gdb1_2999_object397:head#
2017-07-07 21:40:08.656060 7fc1280c9700 10 memstore(/var/lib/ceph/osd/ceph-0) _do_transaction 0
2017-07-07 21:40:08.656064 7fc1280c9700 10 memstore(/var/lib/ceph/osd/ceph-0) _touch 1.1d_head #1:b881c799:::benchmark_data_gdb1_2999_object398:head#
2017-07-07 21:40:08.656616 7fc1280c9700 10 memstore(/var/lib/ceph/osd/ceph-0) _setattrs 1.1d_head #1:b881c799:::benchmark_data_gdb1_2999_object398:head# ~320
2017-07-07 21:40:08.656622 7fc1280c9700 10 memstore(/var/lib/ceph/osd/ceph-0) _write 1.1d_head #1:b881c799:::benchmark_data_gdb1_2999_object398:head# 0~1048576
2017-07-07 21:40:08.657039 7fc12c0d1700 10 memstore(/var/lib/ceph/osd/ceph-0) _do_transaction 0
2017-07-07 21:40:08.657042 7fc12c0d1700 10 memstore(/var/lib/ceph/osd/ceph-0) _touch 1.1a_head #1:5937947c:::benchmark_data_gdb1_2999_object399:head#
2017-07-07 21:40:08.657408 7fc12a0cd700 10 memstore(/var/lib/ceph/osd/ceph-0) _setattrs 1.28_head #1:141f1772:::benchmark_data_gdb1_2999_object397:head# ~320
2017-07-07 21:40:08.657417 7fc12a0cd700 10 memstore(/var/lib/ceph/osd/ceph-0) _write 1.28_head #1:141f1772:::benchmark_data_gdb1_2999_object397:head# 0~1048576
2017-07-07 21:40:08.657829 7fc12c0d1700 10 memstore(/var/lib/ceph/osd/ceph-0) _setattrs 1.1a_head #1:5937947c:::benchmark_data_gdb1_2999_object399:head# ~320
2017-07-07 21:40:08.657835 7fc12c0d1700 10 memstore(/var/lib/ceph/osd/ceph-0) _write 1.1a_head #1:5937947c:::benchmark_data_gdb1_2999_object399:head# 0~1048576
2017-07-07 21:40:08.657942 7fc12a0cd700 10 memstore(/var/lib/ceph/osd/ceph-0) _omap_setkeys 1.28_head #1:14000000::::head# ~424
2017-07-07 21:40:08.658363 7fc12c0d1700 10 memstore(/var/lib/ceph/osd/ceph-0) _omap_setkeys 1.1a_head #1:58000000::::head# ~424
2017-07-07 21:40:08.658457 7fc1280c9700 10 memstore(/var/lib/ceph/osd/ceph-0) _omap_setkeys 1.1d_head #1:b8000000::::head# ~424
2017-07-07 21:40:08.659314 7fc12b0cf700 10 memstore(/var/lib/ceph/osd/ceph-0) _do_transaction 0
2017-07-07 21:40:08.659318 7fc12b0cf700 10 memstore(/var/lib/ceph/osd/ceph-0) _touch 1.49_head #1:92751a17:::benchmark_data_gdb1_2999_object400:head#
2017-07-07 21:40:08.659886 7fc12b0cf700 10 memstore(/var/lib/ceph/osd/ceph-0) _setattrs 1.49_head #1:92751a17:::benchmark_data_gdb1_2999_object400:head# ~320
2017-07-07 21:40:08.659919 7fc12b0cf700 10 memstore(/var/lib/ceph/osd/ceph-0) _write 1.49_head #1:92751a17:::benchmark_data_gdb1_2999_object400:head# 0~1048576
2017-07-07 21:40:08.660077 7fc1290cb700 10 memstore(/var/lib/ceph/osd/ceph-0) _do_transaction 0
2017-07-07 21:40:08.660081 7fc1290cb700 10 memstore(/var/lib/ceph/osd/ceph-0) _touch 1.3e_head #1:7c22f42e:::benchmark_data_gdb1_2999_object401:head#
2017-07-07 21:40:08.660496 7fc12b0cf700 10 memstore(/var/lib/ceph/osd/ceph-0) _omap_setkeys 1.49_head #1:92000000::::head# ~424
2017-07-07 21:40:08.660616 7fc1290cb700 10 memstore(/var/lib/ceph/osd/ceph-0) _setattrs 1.3e_head #1:7c22f42e:::benchmark_data_gdb1_2999_object401:head# ~320
2017-07-07 21:40:08.660627 7fc1290cb700 10 memstore(/var/lib/ceph/osd/ceph-0) _write 1.3e_head #1:7c22f42e:::benchmark_data_gdb1_2999_object401:head# 0~1048576
2017-07-07 21:40:08.661135 7fc1290cb700 10 memstore(/var/lib/ceph/osd/ceph-0) _omap_setkeys 1.3e_head #1:7c000000::::head# ~424
2017-07-07 21:40:08.662097 7fc1288ca700 10 memstore(/var/lib/ceph/osd/ceph-0) _do_transaction 0
2017-07-07 21:40:08.662114 7fc1288ca700 10 memstore(/var/lib/ceph/osd/ceph-0) _touch 1.17_head #1:e83cfee6:::benchmark_data_gdb1_2999_object402:head#
2017-07-07 21:40:08.662701 7fc1288ca700 10 memstore(/var/lib/ceph/osd/ceph-0) _setattrs 1.17_head #1:e83cfee6:::benchmark_data_gdb1_2999_object402:head# ~320
2017-07-07 21:40:08.662728 7fc1288ca700 10 memstore(/var/lib/ceph/osd/ceph-0) _write 1.17_head #1:e83cfee6:::benchmark_data_gdb1_2999_object402:head# 0~1048576
2017-07-07 21:40:08.662864 7fc12a8ce700 10 memstore(/var/lib/ceph/osd/ceph-0) _do_transaction 0
2017-07-07 21:40:08.662868 7fc12a8ce700 10 memstore(/var/lib/ceph/osd/ceph-0) _touch 1.22_head #1:4505102c:::benchmark_data_gdb1_2999_object403:head#
2017-07-07 21:40:08.663323 7fc1288ca700 10 memstore(/var/lib/ceph/osd/ceph-0) _omap_setkeys 1.17_head #1:e8000000::::head# ~424
2017-07-07 21:40:08.663402 7fc12a8ce700 10 memstore(/var/lib/ceph/osd/ceph-0) _setattrs 1.22_head #1:4505102c:::benchmark_data_gdb1_2999_object403:head# ~320
2017-07-07 21:40:08.663409 7fc12a8ce700 10 memstore(/var/lib/ceph/osd/ceph-0) _write 1.22_head #1:4505102c:::benchmark_data_gdb1_2999_object403:head# 0~1048576
2017-07-07 21:40:08.663923 7fc12a8ce700 10 memstore(/var/lib/ceph/osd/ceph-0) _omap_setkeys 1.22_head #1:44000000::::head# ~424
2017-07-07 21:40:08.664836 7fc12c8d2700 10 memstore(/var/lib/ceph/osd/ceph-0) _do_transaction 0
2017-07-07 21:40:08.664839 7fc12c8d2700 10 memstore(/var/lib/ceph/osd/ceph-0) _touch 1.32_head #1:4e4b446f:::benchmark_data_gdb1_2999_object404:head#
2017-07-07 21:40:08.665572 7fc1280c9700 10 memstore(/var/lib/ceph/osd/ceph-0) _do_transaction 0
2017-07-07 21:40:08.665575 7fc1280c9700 10 memstore(/var/lib/ceph/osd/ceph-0) _touch 1.40_head #1:02cdeb1e:::benchmark_data_gdb1_2999_object405:head#
2017-07-07 21:40:08.666113 7fc1280c9700 10 memstore(/var/lib/ceph/osd/ceph-0) _setattrs 1.40_head #1:02cdeb1e:::benchmark_data_gdb1_2999_object405:head# ~320
2017-07-07 21:40:08.666117 7fc1280c9700 10 memstore(/var/lib/ceph/osd/ceph-0) _write 1.40_head #1:02cdeb1e:::benchmark_data_gdb1_2999_object405:head# 0~1048576
2017-07-07 21:40:08.666295 7fc1298cc700 10 memstore(/var/lib/ceph/osd/ceph-0) _do_transaction 0
2017-07-07 21:40:08.666299 7fc1298cc700 10 memstore(/var/lib/ceph/osd/ceph-0) _touch 1.24_head #1:265bf4f1:::benchmark_data_gdb1_2999_object406:head#
2017-07-07 21:40:08.666707 7fc1280c9700 10 memstore(/var/lib/ceph/osd/ceph-0) _omap_setkeys 1.40_head #1:02000000::::head# ~424
2017-07-07 21:40:08.666803 7fc12c8d2700 10 memstore(/var/lib/ceph/osd/ceph-0) _setattrs 1.32_head #1:4e4b446f:::benchmark_data_gdb1_2999_object404:head# ~320
2017-07-07 21:40:08.666818 7fc12c8d2700 10 memstore(/var/lib/ceph/osd/ceph-0) _write 1.32_head #1:4e4b446f:::benchmark_data_gdb1_2999_object404:head# 0~1048576
2017-07-07 21:40:08.666835 7fc1298cc700 10 memstore(/var/lib/ceph/osd/ceph-0) _setattrs 1.24_head #1:265bf4f1:::benchmark_data_gdb1_2999_object406:head# ~320
2017-07-07 21:40:08.666846 7fc1298cc700 10 memstore(/var/lib/ceph/osd/ceph-0) _write 1.24_head #1:265bf4f1:::benchmark_data_gdb1_2999_object406:head# 0~1048576
2017-07-07 21:40:08.667465 7fc12c8d2700 10 memstore(/var/lib/ceph/osd/ceph-0) _omap_setkeys 1.32_head #1:4c000000::::head# ~424
2017-07-07 21:40:08.667486 7fc1298cc700 10 memstore(/var/lib/ceph/osd/ceph-0) _omap_setkeys 1.24_head #1:24000000::::head# ~424
2017-07-07 21:40:08.668366 7fc12a0cd700 10 memstore(/var/lib/ceph/osd/ceph-0) _do_transaction 0
2017-07-07 21:40:08.668370 7fc12a0cd700 10 memstore(/var/lib/ceph/osd/ceph-0) _touch 1.3c_head #1:3e324146:::benchmark_data_gdb1_2999_object407:head#
2017-07-07 21:40:08.668919 7fc12a0cd700 10 memstore(/var/lib/ceph/osd/ceph-0) _setattrs 1.3c_head #1:3e324146:::benchmark_data_gdb1_2999_object407:head# ~320
2017-07-07 21:40:08.668924 7fc12a0cd700 10 memstore(/var/lib/ceph/osd/ceph-0) _write 1.3c_head #1:3e324146:::benchmark_data_gdb1_2999_object407:head# 0~1048576
2017-07-07 21:40:08.673273 7fc12c0d1700 10 memstore(/var/lib/ceph/osd/ceph-0) _do_transaction 0
2017-07-07 21:40:08.673279 7fc12c0d1700 10 memstore(/var/lib/ceph/osd/ceph-0) _touch 1.24_head #1:27277f20:::benchmark_data_gdb1_2999_object411:head#
2017-07-07 21:40:08.673744 7fc12c0d1700 10 memstore(/var/lib/ceph/osd/ceph-0) _setattrs 1.24_head #1:27277f20:::benchmark_data_gdb1_2999_object411:head# ~320
2017-07-07 21:40:08.673748 7fc12c0d1700 10 memstore(/var/lib/ceph/osd/ceph-0) _write 1.24_head #1:27277f20:::benchmark_data_gdb1_2999_object411:head# 0~1048576
2017-07-07 21:40:08.674249 7fc12c0d1700 10 memstore(/var/lib/ceph/osd/ceph-0) _omap_setkeys 1.24_head #1:24000000::::head# ~424
2017-07-07 21:40:08.676304 7fc1298cc700 10 memstore(/var/lib/ceph/osd/ceph-0) _do_transaction 0
2017-07-07 21:40:08.676308 7fc1298cc700 10 memstore(/var/lib/ceph/osd/ceph-0) _touch 1.29_head #1:9584fc17:::benchmark_data_gdb1_2999_object413:head#
2017-07-07 21:40:08.676822 7fc1298cc700 10 memstore(/var/lib/ceph/osd/ceph-0) _setattrs 1.29_head #1:9584fc17:::benchmark_data_gdb1_2999_object413:head# ~320
2017-07-07 21:40:08.676835 7fc1298cc700 10 memstore(/var/lib/ceph/osd/ceph-0) _write 1.29_head #1:9584fc17:::benchmark_data_gdb1_2999_object413:head# 0~1048576
2017-07-07 21:40:08.677373 7fc1298cc700 10 memstore(/var/lib/ceph/osd/ceph-0) _omap_setkeys 1.29_head #1:94000000::::head# ~424
2017-07-07 21:40:08.677621 7fc12a0cd700 10 memstore(/var/lib/ceph/osd/ceph-0) _omap_setkeys 1.3c_head #1:3c000000::::head# ~424
2017-07-07 21:40:08.677812 7fc12a0cd700 10 memstore(/var/lib/ceph/osd/ceph-0) _do_transaction 0
2017-07-07 21:40:08.677816 7fc12a0cd700 10 memstore(/var/lib/ceph/osd/ceph-0) _touch 1.37_head #1:eee0d211:::benchmark_data_gdb1_2999_object409:head#
2017-07-07 21:40:08.678127 7fc12a8ce700 10 memstore(/var/lib/ceph/osd/ceph-0) _do_transaction 0
2017-07-07 21:40:08.678130 7fc12a8ce700 10 memstore(/var/lib/ceph/osd/ceph-0) _touch 1.63_head #1:c7a7377e:::benchmark_data_gdb1_2999_object416:head#
2017-07-07 21:40:08.678274 7fc12b0cf700 10 memstore(/var/lib/ceph/osd/ceph-0) _do_transaction 0
2017-07-07 21:40:08.678288 7fc12b0cf700 10 memstore(/var/lib/ceph/osd/ceph-0) _touch 1.26_head #1:678f65ad:::benchmark_data_gdb1_2999_object408:head#
2017-07-07 21:40:08.678481 7fc1288ca700 10 memstore(/var/lib/ceph/osd/ceph-0) _do_transaction 0
2017-07-07 21:40:08.678484 7fc1288ca700 10 memstore(/var/lib/ceph/osd/ceph-0) _touch 1.35_head #1:affe655c:::benchmark_data_gdb1_2999_object414:head#
2017-07-07 21:40:08.678865 7fc12a8ce700 10 memstore(/var/lib/ceph/osd/ceph-0) _setattrs 1.63_head #1:c7a7377e:::benchmark_data_gdb1_2999_object416:head# ~320
2017-07-07 21:40:08.678875 7fc12a8ce700 10 memstore(/var/lib/ceph/osd/ceph-0) _write 1.63_head #1:c7a7377e:::benchmark_data_gdb1_2999_object416:head# 0~1048576
2017-07-07 21:40:08.679137 7fc12a0cd700 10 memstore(/var/lib/ceph/osd/ceph-0) _setattrs 1.37_head #1:eee0d211:::benchmark_data_gdb1_2999_object409:head# ~320
2017-07-07 21:40:08.679145 7fc12a0cd700 10 memstore(/var/lib/ceph/osd/ceph-0) _write 1.37_head #1:eee0d211:::benchmark_data_gdb1_2999_object409:head# 0~1048576
2017-07-07 21:40:08.680118 7fc12a8ce700 10 memstore(/var/lib/ceph/osd/ceph-0) _omap_setkeys 1.63_head #1:c6000000::::head# ~424
2017-07-07 21:40:08.680462 7fc12b0cf700 10 memstore(/var/lib/ceph/osd/ceph-0) _setattrs 1.26_head #1:678f65ad:::benchmark_data_gdb1_2999_object408:head# ~320
2017-07-07 21:40:08.680841 7fc1288ca700 10 memstore(/var/lib/ceph/osd/ceph-0) _setattrs 1.35_head #1:affe655c:::benchmark_data_gdb1_2999_object414:head# ~320
2017-07-07 21:40:08.680853 7fc1288ca700 10 memstore(/var/lib/ceph/osd/ceph-0) _write 1.35_head #1:affe655c:::benchmark_data_gdb1_2999_object414:head# 0~1048576
2017-07-07 21:40:08.680871 7fc12b0cf700 10 memstore(/var/lib/ceph/osd/ceph-0) _write 1.26_head #1:678f65ad:::benchmark_data_gdb1_2999_object408:head# 0~1048576
2017-07-07 21:40:08.681119 7fc12a0cd700 10 memstore(/var/lib/ceph/osd/ceph-0) _omap_setkeys 1.37_head #1:ec000000::::head# ~424
2017-07-07 21:40:08.681404 7fc12c8d2700 10 memstore(/var/lib/ceph/osd/ceph-0) _do_transaction 0
2017-07-07 21:40:08.681422 7fc12c8d2700 10 memstore(/var/lib/ceph/osd/ceph-0) _touch 1.37_head #1:eec64ee2:::benchmark_data_gdb1_2999_object410:head#
2017-07-07 21:40:08.681575 7fc12a0cd700 10 memstore(/var/lib/ceph/osd/ceph-0) _do_transaction 0
2017-07-07 21:40:08.681578 7fc12a0cd700 10 memstore(/var/lib/ceph/osd/ceph-0) _touch 1.a_head #1:51993e8f:::benchmark_data_gdb1_2999_object412:head#
2017-07-07 21:40:08.682166 7fc12c8d2700 10 memstore(/var/lib/ceph/osd/ceph-0) _setattrs 1.37_head #1:eec64ee2:::benchmark_data_gdb1_2999_object410:head# ~320
2017-07-07 21:40:08.682176 7fc12c8d2700 10 memstore(/var/lib/ceph/osd/ceph-0) _write 1.37_head #1:eec64ee2:::benchmark_data_gdb1_2999_object410:head# 0~1048576
2017-07-07 21:40:08.682383 7fc1280c9700 10 memstore(/var/lib/ceph/osd/ceph-0) _do_transaction 0
2017-07-07 21:40:08.682387 7fc1280c9700 10 memstore(/var/lib/ceph/osd/ceph-0) _touch 1.59_head #1:9a149469:::benchmark_data_gdb1_2999_object418:head#
2017-07-07 21:40:08.682965 7fc1280c9700 10 memstore(/var/lib/ceph/osd/ceph-0) _setattrs 1.59_head #1:9a149469:::benchmark_data_gdb1_2999_object418:head# ~320
2017-07-07 21:40:08.682977 7fc1280c9700 10 memstore(/var/lib/ceph/osd/ceph-0) _write 1.59_head #1:9a149469:::benchmark_data_gdb1_2999_object418:head# 0~1048576
2017-07-07 21:40:08.683410 7fc12c8d2700 10 memstore(/var/lib/ceph/osd/ceph-0) _omap_setkeys 1.37_head #1:ec000000::::head# ~424
2017-07-07 21:40:08.683601 7fc12c8d2700 10 memstore(/var/lib/ceph/osd/ceph-0) _do_transaction 0
2017-07-07 21:40:08.683604 7fc12c8d2700 10 memstore(/var/lib/ceph/osd/ceph-0) _touch 1.50_head #1:0bfdf0be:::benchmark_data_gdb1_2999_object415:head#
2017-07-07 21:40:08.683671 7fc1280c9700 10 memstore(/var/lib/ceph/osd/ceph-0) _omap_setkeys 1.59_head #1:9a000000::::head# ~424
2017-07-07 21:40:08.684237 7fc12c8d2700 10 memstore(/var/lib/ceph/osd/ceph-0) _setattrs 1.50_head #1:0bfdf0be:::benchmark_data_gdb1_2999_object415:head# ~320
2017-07-07 21:40:08.684249 7fc12c8d2700 10 memstore(/var/lib/ceph/osd/ceph-0) _write 1.50_head #1:0bfdf0be:::benchmark_data_gdb1_2999_object415:head# 0~1048576
2017-07-07 21:40:08.684341 7fc12a0cd700 10 memstore(/var/lib/ceph/osd/ceph-0) _setattrs 1.a_head #1:51993e8f:::benchmark_data_gdb1_2999_object412:head# ~320
2017-07-07 21:40:08.684350 7fc12a0cd700 10 memstore(/var/lib/ceph/osd/ceph-0) _write 1.a_head #1:51993e8f:::benchmark_data_gdb1_2999_object412:head# 0~1048576
2017-07-07 21:40:08.684977 7fc12a0cd700 10 memstore(/var/lib/ceph/osd/ceph-0) _omap_setkeys 1.a_head #1:50000000::::head# ~424
2017-07-07 21:40:08.685064 7fc1288ca700 10 memstore(/var/lib/ceph/osd/ceph-0) _omap_setkeys 1.35_head #1:ac000000::::head# ~424
2017-07-07 21:40:08.685216 7fc12b0cf700 10 memstore(/var/lib/ceph/osd/ceph-0) _omap_setkeys 1.26_head #1:64000000::::head# ~424
2017-07-07 21:40:08.685287 7fc1288ca700 10 memstore(/var/lib/ceph/osd/ceph-0) _do_transaction 0
2017-07-07 21:40:08.685290 7fc1288ca700 10 memstore(/var/lib/ceph/osd/ceph-0) _touch 1.30_head #1:0dd59b6e:::benchmark_data_gdb1_2999_object417:head#
2017-07-07 21:40:08.685888 7fc1288ca700 10 memstore(/var/lib/ceph/osd/ceph-0) _setattrs 1.30_head #1:0dd59b6e:::benchmark_data_gdb1_2999_object417:head# ~320
2017-07-07 21:40:08.685899 7fc1288ca700 10 memstore(/var/lib/ceph/osd/ceph-0) _write 1.30_head #1:0dd59b6e:::benchmark_data_gdb1_2999_object417:head# 0~1048576
2017-07-07 21:40:08.686411 7fc12c8d2700 10 memstore(/var/lib/ceph/osd/ceph-0) _omap_setkeys 1.50_head #1:0a000000::::head# ~424
2017-07-07 21:40:08.686555 7fc1288ca700 10 memstore(/var/lib/ceph/osd/ceph-0) _omap_setkeys 1.30_head #1:0c000000::::head# ~424
2017-07-07 21:40:08.686862 7fc12b0cf700 10 memstore(/var/lib/ceph/osd/ceph-0) _do_transaction 0
2017-07-07 21:40:08.686881 7fc12b0cf700 10 memstore(/var/lib/ceph/osd/ceph-0) _touch 1.58_head #1:1b196bd3:::benchmark_data_gdb1_2999_object419:head#
2017-07-07 21:40:08.687452 7fc12b0cf700 10 memstore(/var/lib/ceph/osd/ceph-0) _setattrs 1.58_head #1:1b196bd3:::benchmark_data_gdb1_2999_object419:head# ~320
2017-07-07 21:40:08.687476 7fc12b0cf700 10 memstore(/var/lib/ceph/osd/ceph-0) _write 1.58_head #1:1b196bd3:::benchmark_data_gdb1_2999_object419:head# 0~1048576
2017-07-07 21:40:08.687623 7fc12c0d1700 10 memstore(/var/lib/ceph/osd/ceph-0) _do_transaction 0
2017-07-07 21:40:08.687626 7fc12c0d1700 10 memstore(/var/lib/ceph/osd/ceph-0) _touch 1.51_head #1:8b7215a2:::benchmark_data_gdb1_2999_object420:head#
2017-07-07 21:40:08.688113 7fc12b0cf700 10 memstore(/var/lib/ceph/osd/ceph-0) _omap_setkeys 1.58_head #1:1a000000::::head# ~424
2017-07-07 21:40:08.688205 7fc12c0d1700 10 memstore(/var/lib/ceph/osd/ceph-0) _setattrs 1.51_head #1:8b7215a2:::benchmark_data_gdb1_2999_object420:head# ~320
2017-07-07 21:40:08.688215 7fc12c0d1700 10 memstore(/var/lib/ceph/osd/ceph-0) _write 1.51_head #1:8b7215a2:::benchmark_data_gdb1_2999_object420:head# 0~1048576
2017-07-07 21:40:08.688753 7fc12c0d1700 10 memstore(/var/lib/ceph/osd/ceph-0) _omap_setkeys 1.51_head #1:8a000000::::head# ~424
2017-07-07 21:40:08.689716 7fc12a0cd700 10 memstore(/var/lib/ceph/osd/ceph-0) _do_transaction 0
2017-07-07 21:40:08.689734 7fc12a0cd700 10 memstore(/var/lib/ceph/osd/ceph-0) _touch 1.3c_head #1:3cfb004c:::benchmark_data_gdb1_2999_object421:head#
2017-07-07 21:40:08.690333 7fc12a0cd700 10 memstore(/var/lib/ceph/osd/ceph-0) _setattrs 1.3c_head #1:3cfb004c:::benchmark_data_gdb1_2999_object421:head# ~320
2017-07-07 21:40:08.690358 7fc12a0cd700 10 memstore(/var/lib/ceph/osd/ceph-0) _write 1.3c_head #1:3cfb004c:::benchmark_data_gdb1_2999_object421:head# 0~1048576
2017-07-07 21:40:08.692280 7fc12a0cd700 10 memstore(/var/lib/ceph/osd/ceph-0) _omap_setkeys 1.3c_head #1:3c000000::::head# ~424
2017-07-07 21:40:08.692440 7fc1288ca700 10 memstore(/var/lib/ceph/osd/ceph-0) _do_transaction 0
2017-07-07 21:40:08.692456 7fc1288ca700 10 memstore(/var/lib/ceph/osd/ceph-0) _touch 1.2b_head #1:d59609cb:::benchmark_data_gdb1_2999_object422:head#
2017-07-07 21:40:08.692930 7fc1288ca700 10 memstore(/var/lib/ceph/osd/ceph-0) _setattrs 1.2b_head #1:d59609cb:::benchmark_data_gdb1_2999_object422:head# ~320
2017-07-07 21:40:08.692948 7fc1288ca700 10 memstore(/var/lib/ceph/osd/ceph-0) _write 1.2b_head #1:d59609cb:::benchmark_data_gdb1_2999_object422:head# 0~1048576
2017-07-07 21:40:08.693425 7fc1288ca700 10 memstore(/var/lib/ceph/osd/ceph-0) _omap_setkeys 1.2b_head #1:d4000000::::head# ~424
2017-07-07 21:40:08.696000 7fc1298cc700 10 memstore(/var/lib/ceph/osd/ceph-0) _do_transaction 0
2017-07-07 21:40:08.696003 7fc1298cc700 10 memstore(/var/lib/ceph/osd/ceph-0) _touch 1.38_head #1:1e42549d:::benchmark_data_gdb1_2999_object423:head#
2017-07-07 21:40:08.696523 7fc1298cc700 10 memstore(/var/lib/ceph/osd/ceph-0) _setattrs 1.38_head #1:1e42549d:::benchmark_data_gdb1_2999_object423:head# ~320
2017-07-07 21:40:08.696528 7fc1298cc700 10 memstore(/var/lib/ceph/osd/ceph-0) _write 1.38_head #1:1e42549d:::benchmark_data_gdb1_2999_object423:head# 0~1048576
2017-07-07 21:40:08.697049 7fc1298cc700 10 memstore(/var/lib/ceph/osd/ceph-0) _omap_setkeys 1.38_head #1:1c000000::::head# ~424
2017-07-07 21:40:08.698093 7fc12b8d0700 10 memstore(/var/lib/ceph/osd/ceph-0) _do_transaction 0
2017-07-07 21:40:08.698097 7fc12b8d0700 10 memstore(/var/lib/ceph/osd/ceph-0) _touch 1.34_head #1:2ea331b9:::benchmark_data_gdb1_2999_object424:head#
2017-07-07 21:40:08.699131 7fc12b8d0700 10 memstore(/var/lib/ceph/osd/ceph-0) _setattrs 1.34_head #1:2ea331b9:::benchmark_data_gdb1_2999_object424:head# ~320
2017-07-07 21:40:08.699140 7fc12b8d0700 10 memstore(/var/lib/ceph/osd/ceph-0) _write 1.34_head #1:2ea331b9:::benchmark_data_gdb1_2999_object424:head# 0~1048576
2017-07-07 21:40:08.699659 7fc12b8d0700 10 memstore(/var/lib/ceph/osd/ceph-0) _omap_setkeys 1.34_head #1:2c000000::::head# ~424
2017-07-07 21:40:08.700211 7fc12c0d1700 10 memstore(/var/lib/ceph/osd/ceph-0) _do_transaction 0
2017-07-07 21:40:08.700214 7fc12c0d1700 10 memstore(/var/lib/ceph/osd/ceph-0) _touch 1.1a_head #1:59341777:::benchmark_data_gdb1_2999_object427:head#
2017-07-07 21:40:08.700391 7fc12b0cf700 10 memstore(/var/lib/ceph/osd/ceph-0) _do_transaction 0
2017-07-07 21:40:08.700406 7fc12b0cf700 10 memstore(/var/lib/ceph/osd/ceph-0) _touch 1.3f_head #1:ff940720:::benchmark_data_gdb1_2999_object425:head#
2017-07-07 21:40:08.700779 7fc12c0d1700 10 memstore(/var/lib/ceph/osd/ceph-0) _setattrs 1.1a_head #1:59341777:::benchmark_data_gdb1_2999_object427:head# ~320
2017-07-07 21:40:08.700790 7fc12c0d1700 10 memstore(/var/lib/ceph/osd/ceph-0) _write 1.1a_head #1:59341777:::benchmark_data_gdb1_2999_object427:head# 0~1048576
2017-07-07 21:40:08.701019 7fc12b0cf700 10 memstore(/var/lib/ceph/osd/ceph-0) _setattrs 1.3f_head #1:ff940720:::benchmark_data_gdb1_2999_object425:head# ~320
2017-07-07 21:40:08.701037 7fc12b0cf700 10 memstore(/var/lib/ceph/osd/ceph-0) _write 1.3f_head #1:ff940720:::benchmark_data_gdb1_2999_object425:head# 0~1048576
2017-07-07 21:40:08.701339 7fc12c0d1700 10 memstore(/var/lib/ceph/osd/ceph-0) _omap_setkeys 1.1a_head #1:58000000::::head# ~424
2017-07-07 21:40:08.701666 7fc12b0cf700 10 memstore(/var/lib/ceph/osd/ceph-0) _omap_setkeys 1.3f_head #1:fc000000::::head# ~424
2017-07-07 21:40:08.701957 7fc1288ca700 10 memstore(/var/lib/ceph/osd/ceph-0) _do_transaction 0
2017-07-07 21:40:08.701974 7fc1288ca700 10 memstore(/var/lib/ceph/osd/ceph-0) _touch 1.4e_head #1:72ed10f3:::benchmark_data_gdb1_2999_object426:head#
2017-07-07 21:40:08.702279 7fc12a8ce700 10 memstore(/var/lib/ceph/osd/ceph-0) _do_transaction 0
2017-07-07 21:40:08.702283 7fc12a8ce700 10 memstore(/var/lib/ceph/osd/ceph-0) _touch 1.9_head #1:90419bcb:::benchmark_data_gdb1_2999_object428:head#
2017-07-07 21:40:08.702586 7fc1288ca700 10 memstore(/var/lib/ceph/osd/ceph-0) _setattrs 1.4e_head #1:72ed10f3:::benchmark_data_gdb1_2999_object426:head# ~320
2017-07-07 21:40:08.702603 7fc1288ca700 10 memstore(/var/lib/ceph/osd/ceph-0) _write 1.4e_head #1:72ed10f3:::benchmark_data_gdb1_2999_object426:head# 0~1048576
2017-07-07 21:40:08.702834 7fc12a8ce700 10 memstore(/var/lib/ceph/osd/ceph-0) _setattrs 1.9_head #1:90419bcb:::benchmark_data_gdb1_2999_object428:head# ~320
2017-07-07 21:40:08.702845 7fc12a8ce700 10 memstore(/var/lib/ceph/osd/ceph-0) _write 1.9_head #1:90419bcb:::benchmark_data_gdb1_2999_object428:head# 0~1048576
2017-07-07 21:40:08.703459 7fc12a8ce700 10 memstore(/var/lib/ceph/osd/ceph-0) _omap_setkeys 1.9_head #1:90000000::::head# ~424
2017-07-07 21:40:08.703852 7fc1298cc700 10 memstore(/var/lib/ceph/osd/ceph-0) _do_transaction 0
2017-07-07 21:40:08.703856 7fc1298cc700 10 memstore(/var/lib/ceph/osd/ceph-0) _touch 1.10_head #1:09358dfc:::benchmark_data_gdb1_2999_object429:head#
2017-07-07 21:40:08.704395 7fc1298cc700 10 memstore(/var/lib/ceph/osd/ceph-0) _setattrs 1.10_head #1:09358dfc:::benchmark_data_gdb1_2999_object429:head# ~320
2017-07-07 21:40:08.704399 7fc1298cc700 10 memstore(/var/lib/ceph/osd/ceph-0) _write 1.10_head #1:09358dfc:::benchmark_data_gdb1_2999_object429:head# 0~1048576
2017-07-07 21:40:08.704607 7fc1280c9700 10 memstore(/var/lib/ceph/osd/ceph-0) _do_transaction 0
2017-07-07 21:40:08.704611 7fc1280c9700 10 memstore(/var/lib/ceph/osd/ceph-0) _touch 1.4f_head #1:f2140b46:::benchmark_data_gdb1_2999_object430:head#
2017-07-07 21:40:08.704968 7fc1288ca700 10 memstore(/var/lib/ceph/osd/ceph-0) _omap_setkeys 1.4e_head #1:72000000::::head# ~424
2017-07-07 21:40:08.705127 7fc1280c9700 10 memstore(/var/lib/ceph/osd/ceph-0) _setattrs 1.4f_head #1:f2140b46:::benchmark_data_gdb1_2999_object430:head# ~320
2017-07-07 21:40:08.705140 7fc1280c9700 10 memstore(/var/lib/ceph/osd/ceph-0) _write 1.4f_head #1:f2140b46:::benchmark_data_gdb1_2999_object430:head# 0~1048576
2017-07-07 21:40:08.705538 7fc1298cc700 10 memstore(/var/lib/ceph/osd/ceph-0) _omap_setkeys 1.10_head #1:08000000::::head# ~424
2017-07-07 21:40:08.705819 7fc1280c9700 10 memstore(/var/lib/ceph/osd/ceph-0) _omap_setkeys 1.4f_head #1:f2000000::::head# ~424
2017-07-07 21:40:08.706499 7fc1290cb700 10 memstore(/var/lib/ceph/osd/ceph-0) _do_transaction 0
2017-07-07 21:40:08.706502 7fc1290cb700 10 memstore(/var/lib/ceph/osd/ceph-0) _touch 1.34_head #1:2e3ac30e:::benchmark_data_gdb1_2999_object431:head#
2017-07-07 21:40:08.707041 7fc1290cb700 10 memstore(/var/lib/ceph/osd/ceph-0) _setattrs 1.34_head #1:2e3ac30e:::benchmark_data_gdb1_2999_object431:head# ~320
2017-07-07 21:40:08.707045 7fc1290cb700 10 memstore(/var/lib/ceph/osd/ceph-0) _write 1.34_head #1:2e3ac30e:::benchmark_data_gdb1_2999_object431:head# 0~1048576
2017-07-07 21:40:08.707209 7fc12c8d2700 10 memstore(/var/lib/ceph/osd/ceph-0) _do_transaction 0
2017-07-07 21:40:08.707213 7fc12c8d2700 10 memstore(/var/lib/ceph/osd/ceph-0) _touch 1.3c_head #1:3e570a9f:::benchmark_data_gdb1_2999_object432:head#
2017-07-07 21:40:08.707724 7fc12c8d2700 10 memstore(/var/lib/ceph/osd/ceph-0) _setattrs 1.3c_head #1:3e570a9f:::benchmark_data_gdb1_2999_object432:head# ~320
2017-07-07 21:40:08.707736 7fc12c8d2700 10 memstore(/var/lib/ceph/osd/ceph-0) _write 1.3c_head #1:3e570a9f:::benchmark_data_gdb1_2999_object432:head# 0~1048576
2017-07-07 21:40:08.708157 7fc1290cb700 10 memstore(/var/lib/ceph/osd/ceph-0) _omap_setkeys 1.34_head #1:2c000000::::head# ~424
2017-07-07 21:40:08.708391 7fc12c8d2700 10 memstore(/var/lib/ceph/osd/ceph-0) _omap_setkeys 1.3c_head #1:3c000000::::head# ~424
2017-07-07 21:40:08.709074 7fc12c0d1700 10 memstore(/var/lib/ceph/osd/ceph-0) _do_transaction 0
2017-07-07 21:40:08.709078 7fc12c0d1700 10 memstore(/var/lib/ceph/osd/ceph-0) _touch 1.42_head #1:43b10352:::benchmark_data_gdb1_2999_object433:head#
2017-07-07 21:40:08.709615 7fc12c0d1700 10 memstore(/var/lib/ceph/osd/ceph-0) _setattrs 1.42_head #1:43b10352:::benchmark_data_gdb1_2999_object433:head# ~320
