2017-07-07 21:40:07.873424 7fc1268c6700 10 memstore(/var/lib/ceph/osd/ceph-0) statfs
2017-07-07 21:40:07.873441 7fc1268c6700 10 memstore(/var/lib/ceph/osd/ceph-0) statfs: used_bytes: 24641/4294967296
2017-07-07 21:40:08.023212 7fc1280c9700 10 memstore(/var/lib/ceph/osd/ceph-0) _do_transaction 0
2017-07-07 21:40:08.023217 7fc1280c9700 10 memstore(/var/lib/ceph/osd/ceph-0) _touch 1.2c_head #1:3743cf08:::benchmark_data_gdb1_2999_object0:head#
2017-07-07 21:40:08.023780 7fc1280c9700 10 memstore(/var/lib/ceph/osd/ceph-0) _setattrs 1.2c_head #1:3743cf08:::benchmark_data_gdb1_2999_object0:head# ~318
2017-07-07 21:40:08.023786 7fc1280c9700 10 memstore(/var/lib/ceph/osd/ceph-0) _write 1.2c_head #1:3743cf08:::benchmark_data_gdb1_2999_object0:head# 0~1048576
2017-07-07 21:40:08.024328 7fc1280c9700 10 memstore(/var/lib/ceph/osd/ceph-0) _omap_setkeys 1.2c_head #1:34000000::::head# ~422
2017-07-07 21:40:08.025666 7fc12a8ce700 10 memstore(/var/lib/ceph/osd/ceph-0) _do_transaction 0
2017-07-07 21:40:08.025671 7fc12a8ce700 10 memstore(/var/lib/ceph/osd/ceph-0) _touch 1.3b_head #1:de5227ad:::benchmark_data_gdb1_2999_object1:head#
2017-07-07 21:40:08.026377 7fc12c0d1700 10 memstore(/var/lib/ceph/osd/ceph-0) _do_transaction 0
2017-07-07 21:40:08.026381 7fc12c0d1700 10 memstore(/var/lib/ceph/osd/ceph-0) _touch 1.b_head #1:d18fca9f:::benchmark_data_gdb1_2999_object2:head#
2017-07-07 21:40:08.026928 7fc12c0d1700 10 memstore(/var/lib/ceph/osd/ceph-0) _setattrs 1.b_head #1:d18fca9f:::benchmark_data_gdb1_2999_object2:head# ~318
2017-07-07 21:40:08.026938 7fc12c0d1700 10 memstore(/var/lib/ceph/osd/ceph-0) _write 1.b_head #1:d18fca9f:::benchmark_data_gdb1_2999_object2:head# 0~1048576
2017-07-07 21:40:08.027438 7fc12c0d1700 10 memstore(/var/lib/ceph/osd/ceph-0) _omap_setkeys 1.b_head #1:d0000000::::head# ~422
2017-07-07 21:40:08.027589 7fc12a8ce700 10 memstore(/var/lib/ceph/osd/ceph-0) _setattrs 1.3b_head #1:de5227ad:::benchmark_data_gdb1_2999_object1:head# ~318
2017-07-07 21:40:08.027593 7fc12a8ce700 10 memstore(/var/lib/ceph/osd/ceph-0) _write 1.3b_head #1:de5227ad:::benchmark_data_gdb1_2999_object1:head# 0~1048576
2017-07-07 21:40:08.028126 7fc12a8ce700 10 memstore(/var/lib/ceph/osd/ceph-0) _omap_setkeys 1.3b_head #1:dc000000::::head# ~422
2017-07-07 21:40:08.029050 7fc12c8d2700 10 memstore(/var/lib/ceph/osd/ceph-0) _do_transaction 0
2017-07-07 21:40:08.029053 7fc12c8d2700 10 memstore(/var/lib/ceph/osd/ceph-0) _touch 1.3c_head #1:3c74fe23:::benchmark_data_gdb1_2999_object3:head#
2017-07-07 21:40:08.029658 7fc12c8d2700 10 memstore(/var/lib/ceph/osd/ceph-0) _setattrs 1.3c_head #1:3c74fe23:::benchmark_data_gdb1_2999_object3:head# ~318
2017-07-07 21:40:08.029664 7fc12c8d2700 10 memstore(/var/lib/ceph/osd/ceph-0) _write 1.3c_head #1:3c74fe23:::benchmark_data_gdb1_2999_object3:head# 0~1048576
2017-07-07 21:40:08.029803 7fc1290cb700 10 memstore(/var/lib/ceph/osd/ceph-0) _do_transaction 0
2017-07-07 21:40:08.029806 7fc1290cb700 10 memstore(/var/lib/ceph/osd/ceph-0) _touch 1.25_head #1:a72346f7:::benchmark_data_gdb1_2999_object4:head#
2017-07-07 21:40:08.030346 7fc1290cb700 10 memstore(/var/lib/ceph/osd/ceph-0) _setattrs 1.25_head #1:a72346f7:::benchmark_data_gdb1_2999_object4:head# ~318
2017-07-07 21:40:08.030358 7fc1290cb700 10 memstore(/var/lib/ceph/osd/ceph-0) _write 1.25_head #1:a72346f7:::benchmark_data_gdb1_2999_object4:head# 0~1048576
2017-07-07 21:40:08.031169 7fc12c8d2700 10 memstore(/var/lib/ceph/osd/ceph-0) _omap_setkeys 1.3c_head #1:3c000000::::head# ~422
2017-07-07 21:40:08.031445 7fc1290cb700 10 memstore(/var/lib/ceph/osd/ceph-0) _omap_setkeys 1.25_head #1:a4000000::::head# ~422
2017-07-07 21:40:08.031674 7fc12a0cd700 10 memstore(/var/lib/ceph/osd/ceph-0) _do_transaction 0
2017-07-07 21:40:08.031678 7fc12a0cd700 10 memstore(/var/lib/ceph/osd/ceph-0) _touch 1.3c_head #1:3df6191e:::benchmark_data_gdb1_2999_object5:head#
2017-07-07 21:40:08.032173 7fc12a0cd700 10 memstore(/var/lib/ceph/osd/ceph-0) _setattrs 1.3c_head #1:3df6191e:::benchmark_data_gdb1_2999_object5:head# ~318
2017-07-07 21:40:08.032177 7fc12a0cd700 10 memstore(/var/lib/ceph/osd/ceph-0) _write 1.3c_head #1:3df6191e:::benchmark_data_gdb1_2999_object5:head# 0~1048576
2017-07-07 21:40:08.032709 7fc12a0cd700 10 memstore(/var/lib/ceph/osd/ceph-0) _omap_setkeys 1.3c_head #1:3c000000::::head# ~422
2017-07-07 21:40:08.033618 7fc12b0cf700 10 memstore(/var/lib/ceph/osd/ceph-0) _do_transaction 0
2017-07-07 21:40:08.033622 7fc12b0cf700 10 memstore(/var/lib/ceph/osd/ceph-0) _touch 1.5d_head #1:bb3355f6:::benchmark_data_gdb1_2999_object6:head#
2017-07-07 21:40:08.034191 7fc12b0cf700 10 memstore(/var/lib/ceph/osd/ceph-0) _setattrs 1.5d_head #1:bb3355f6:::benchmark_data_gdb1_2999_object6:head# ~318
2017-07-07 21:40:08.034199 7fc12b0cf700 10 memstore(/var/lib/ceph/osd/ceph-0) _write 1.5d_head #1:bb3355f6:::benchmark_data_gdb1_2999_object6:head# 0~1048576
2017-07-07 21:40:08.034389 7fc12b8d0700 10 memstore(/var/lib/ceph/osd/ceph-0) _do_transaction 0
2017-07-07 21:40:08.034393 7fc12b8d0700 10 memstore(/var/lib/ceph/osd/ceph-0) _touch 1.43_head #1:c25e0555:::benchmark_data_gdb1_2999_object7:head#
2017-07-07 21:40:08.034930 7fc12b8d0700 10 memstore(/var/lib/ceph/osd/ceph-0) _setattrs 1.43_head #1:c25e0555:::benchmark_data_gdb1_2999_object7:head# ~318
2017-07-07 21:40:08.034941 7fc12b8d0700 10 memstore(/var/lib/ceph/osd/ceph-0) _write 1.43_head #1:c25e0555:::benchmark_data_gdb1_2999_object7:head# 0~1048576
2017-07-07 21:40:08.035613 7fc12b8d0700 10 memstore(/var/lib/ceph/osd/ceph-0) _omap_setkeys 1.43_head #1:c2000000::::head# ~422
2017-07-07 21:40:08.035929 7fc1280c9700 10 memstore(/var/lib/ceph/osd/ceph-0) _do_transaction 0
2017-07-07 21:40:08.035932 7fc1280c9700 10 memstore(/var/lib/ceph/osd/ceph-0) _touch 1.4_head #1:20e17e87:::benchmark_data_gdb1_2999_object8:head#
2017-07-07 21:40:08.036057 7fc12b0cf700 10 memstore(/var/lib/ceph/osd/ceph-0) _omap_setkeys 1.5d_head #1:ba000000::::head# ~422
2017-07-07 21:40:08.036451 7fc1280c9700 10 memstore(/var/lib/ceph/osd/ceph-0) _setattrs 1.4_head #1:20e17e87:::benchmark_data_gdb1_2999_object8:head# ~318
2017-07-07 21:40:08.036456 7fc1280c9700 10 memstore(/var/lib/ceph/osd/ceph-0) _write 1.4_head #1:20e17e87:::benchmark_data_gdb1_2999_object8:head# 0~1048576
2017-07-07 21:40:08.036971 7fc1280c9700 10 memstore(/var/lib/ceph/osd/ceph-0) _omap_setkeys 1.4_head #1:20000000::::head# ~422
2017-07-07 21:40:08.037910 7fc12a8ce700 10 memstore(/var/lib/ceph/osd/ceph-0) _do_transaction 0
2017-07-07 21:40:08.037913 7fc12a8ce700 10 memstore(/var/lib/ceph/osd/ceph-0) _touch 1.59_head #1:9be9a5b1:::benchmark_data_gdb1_2999_object9:head#
2017-07-07 21:40:08.038516 7fc12a8ce700 10 memstore(/var/lib/ceph/osd/ceph-0) _setattrs 1.59_head #1:9be9a5b1:::benchmark_data_gdb1_2999_object9:head# ~318
2017-07-07 21:40:08.038525 7fc12a8ce700 10 memstore(/var/lib/ceph/osd/ceph-0) _write 1.59_head #1:9be9a5b1:::benchmark_data_gdb1_2999_object9:head# 0~1048576
2017-07-07 21:40:08.039083 7fc12a8ce700 10 memstore(/var/lib/ceph/osd/ceph-0) _omap_setkeys 1.59_head #1:9a000000::::head# ~422
2017-07-07 21:40:08.040071 7fc1298cc700 10 memstore(/var/lib/ceph/osd/ceph-0) _do_transaction 0
2017-07-07 21:40:08.040075 7fc1298cc700 10 memstore(/var/lib/ceph/osd/ceph-0) _touch 1.60_head #1:0749e71f:::benchmark_data_gdb1_2999_object10:head#
2017-07-07 21:40:08.040594 7fc1298cc700 10 memstore(/var/lib/ceph/osd/ceph-0) _setattrs 1.60_head #1:0749e71f:::benchmark_data_gdb1_2999_object10:head# ~319
2017-07-07 21:40:08.040598 7fc1298cc700 10 memstore(/var/lib/ceph/osd/ceph-0) _write 1.60_head #1:0749e71f:::benchmark_data_gdb1_2999_object10:head# 0~1048576
2017-07-07 21:40:08.040695 7fc1280c9700 10 memstore(/var/lib/ceph/osd/ceph-0) _do_transaction 0
2017-07-07 21:40:08.040698 7fc1280c9700 10 memstore(/var/lib/ceph/osd/ceph-0) _touch 1.4f_head #1:f2d7f3ab:::benchmark_data_gdb1_2999_object11:head#
2017-07-07 21:40:08.041395 7fc1280c9700 10 memstore(/var/lib/ceph/osd/ceph-0) _setattrs 1.4f_head #1:f2d7f3ab:::benchmark_data_gdb1_2999_object11:head# ~319
2017-07-07 21:40:08.041402 7fc1280c9700 10 memstore(/var/lib/ceph/osd/ceph-0) _write 1.4f_head #1:f2d7f3ab:::benchmark_data_gdb1_2999_object11:head# 0~1048576
2017-07-07 21:40:08.041928 7fc1280c9700 10 memstore(/var/lib/ceph/osd/ceph-0) _omap_setkeys 1.4f_head #1:f2000000::::head# ~423
2017-07-07 21:40:08.042371 7fc12c0d1700 10 memstore(/var/lib/ceph/osd/ceph-0) _do_transaction 0
2017-07-07 21:40:08.042374 7fc12c0d1700 10 memstore(/var/lib/ceph/osd/ceph-0) _touch 1.2e_head #1:74854209:::benchmark_data_gdb1_2999_object13:head#
2017-07-07 21:40:08.044555 7fc1298cc700 10 memstore(/var/lib/ceph/osd/ceph-0) _omap_setkeys 1.60_head #1:06000000::::head# ~423
2017-07-07 21:40:08.045317 7fc12c0d1700 10 memstore(/var/lib/ceph/osd/ceph-0) _setattrs 1.2e_head #1:74854209:::benchmark_data_gdb1_2999_object13:head# ~319
2017-07-07 21:40:08.045324 7fc12c0d1700 10 memstore(/var/lib/ceph/osd/ceph-0) _write 1.2e_head #1:74854209:::benchmark_data_gdb1_2999_object13:head# 0~1048576
2017-07-07 21:40:08.045377 7fc12c8d2700 10 memstore(/var/lib/ceph/osd/ceph-0) _do_transaction 0
2017-07-07 21:40:08.045381 7fc12c8d2700 10 memstore(/var/lib/ceph/osd/ceph-0) _touch 1.28_head #1:16d56e22:::benchmark_data_gdb1_2999_object12:head#
2017-07-07 21:40:08.045959 7fc12c8d2700 10 memstore(/var/lib/ceph/osd/ceph-0) _setattrs 1.28_head #1:16d56e22:::benchmark_data_gdb1_2999_object12:head# ~319
2017-07-07 21:40:08.045967 7fc12c8d2700 10 memstore(/var/lib/ceph/osd/ceph-0) _write 1.28_head #1:16d56e22:::benchmark_data_gdb1_2999_object12:head# 0~1048576
2017-07-07 21:40:08.046266 7fc1298cc700 10 memstore(/var/lib/ceph/osd/ceph-0) _do_transaction 0
2017-07-07 21:40:08.046270 7fc1298cc700 10 memstore(/var/lib/ceph/osd/ceph-0) _touch 1.10_head #1:0982a562:::benchmark_data_gdb1_2999_object14:head#
2017-07-07 21:40:08.046835 7fc1298cc700 10 memstore(/var/lib/ceph/osd/ceph-0) _setattrs 1.10_head #1:0982a562:::benchmark_data_gdb1_2999_object14:head# ~319
2017-07-07 21:40:08.046842 7fc1298cc700 10 memstore(/var/lib/ceph/osd/ceph-0) _write 1.10_head #1:0982a562:::benchmark_data_gdb1_2999_object14:head# 0~1048576
2017-07-07 21:40:08.047946 7fc1280c9700 10 memstore(/var/lib/ceph/osd/ceph-0) _do_transaction 0
2017-07-07 21:40:08.047950 7fc1280c9700 10 memstore(/var/lib/ceph/osd/ceph-0) _touch 1.13_head #1:c87df6b5:::benchmark_data_gdb1_2999_object15:head#
2017-07-07 21:40:08.048324 7fc1298cc700 10 memstore(/var/lib/ceph/osd/ceph-0) _omap_setkeys 1.10_head #1:08000000::::head# ~423
2017-07-07 21:40:08.048512 7fc1280c9700 10 memstore(/var/lib/ceph/osd/ceph-0) _setattrs 1.13_head #1:c87df6b5:::benchmark_data_gdb1_2999_object15:head# ~319
2017-07-07 21:40:08.048547 7fc1280c9700 10 memstore(/var/lib/ceph/osd/ceph-0) _write 1.13_head #1:c87df6b5:::benchmark_data_gdb1_2999_object15:head# 0~1048576
2017-07-07 21:40:08.049284 7fc12a8ce700 10 memstore(/var/lib/ceph/osd/ceph-0) _do_transaction 0
2017-07-07 21:40:08.049288 7fc12a8ce700 10 memstore(/var/lib/ceph/osd/ceph-0) _touch 1.3b_head #1:df22fdf2:::benchmark_data_gdb1_2999_object16:head#
2017-07-07 21:40:08.049591 7fc12c8d2700 10 memstore(/var/lib/ceph/osd/ceph-0) _omap_setkeys 1.28_head #1:14000000::::head# ~423
2017-07-07 21:40:08.049659 7fc1280c9700 10 memstore(/var/lib/ceph/osd/ceph-0) _omap_setkeys 1.13_head #1:c8000000::::head# ~423
2017-07-07 21:40:08.050005 7fc12a8ce700 10 memstore(/var/lib/ceph/osd/ceph-0) _setattrs 1.3b_head #1:df22fdf2:::benchmark_data_gdb1_2999_object16:head# ~319
2017-07-07 21:40:08.050014 7fc12a8ce700 10 memstore(/var/lib/ceph/osd/ceph-0) _write 1.3b_head #1:df22fdf2:::benchmark_data_gdb1_2999_object16:head# 0~1048576
2017-07-07 21:40:08.050204 7fc1288ca700 10 memstore(/var/lib/ceph/osd/ceph-0) _do_transaction 0
2017-07-07 21:40:08.050208 7fc1288ca700 10 memstore(/var/lib/ceph/osd/ceph-0) _touch 1.30_head #1:0c81ad45:::benchmark_data_gdb1_2999_object17:head#
2017-07-07 21:40:08.050618 7fc12a8ce700 10 memstore(/var/lib/ceph/osd/ceph-0) _omap_setkeys 1.3b_head #1:dc000000::::head# ~423
2017-07-07 21:40:08.050791 7fc1288ca700 10 memstore(/var/lib/ceph/osd/ceph-0) _setattrs 1.30_head #1:0c81ad45:::benchmark_data_gdb1_2999_object17:head# ~319
2017-07-07 21:40:08.050798 7fc1288ca700 10 memstore(/var/lib/ceph/osd/ceph-0) _write 1.30_head #1:0c81ad45:::benchmark_data_gdb1_2999_object17:head# 0~1048576
2017-07-07 21:40:08.051374 7fc1288ca700 10 memstore(/var/lib/ceph/osd/ceph-0) _omap_setkeys 1.30_head #1:0c000000::::head# ~423
2017-07-07 21:40:08.051660 7fc12c0d1700 10 memstore(/var/lib/ceph/osd/ceph-0) _omap_setkeys 1.2e_head #1:74000000::::head# ~423
2017-07-07 21:40:08.052434 7fc1280c9700 10 memstore(/var/lib/ceph/osd/ceph-0) _do_transaction 0
2017-07-07 21:40:08.052437 7fc1280c9700 10 memstore(/var/lib/ceph/osd/ceph-0) _touch 1.54_head #1:2aeff555:::benchmark_data_gdb1_2999_object18:head#
2017-07-07 21:40:08.052995 7fc1280c9700 10 memstore(/var/lib/ceph/osd/ceph-0) _setattrs 1.54_head #1:2aeff555:::benchmark_data_gdb1_2999_object18:head# ~319
2017-07-07 21:40:08.052999 7fc1280c9700 10 memstore(/var/lib/ceph/osd/ceph-0) _write 1.54_head #1:2aeff555:::benchmark_data_gdb1_2999_object18:head# 0~1048576
2017-07-07 21:40:08.053244 7fc12a0cd700 10 memstore(/var/lib/ceph/osd/ceph-0) _do_transaction 0
2017-07-07 21:40:08.053247 7fc12a0cd700 10 memstore(/var/lib/ceph/osd/ceph-0) _touch 1.a_head #1:5151a86b:::benchmark_data_gdb1_2999_object19:head#
2017-07-07 21:40:08.053824 7fc12a0cd700 10 memstore(/var/lib/ceph/osd/ceph-0) _setattrs 1.a_head #1:5151a86b:::benchmark_data_gdb1_2999_object19:head# ~319
2017-07-07 21:40:08.053829 7fc12a0cd700 10 memstore(/var/lib/ceph/osd/ceph-0) _write 1.a_head #1:5151a86b:::benchmark_data_gdb1_2999_object19:head# 0~1048576
2017-07-07 21:40:08.054017 7fc12b0cf700 10 memstore(/var/lib/ceph/osd/ceph-0) _do_transaction 0
2017-07-07 21:40:08.054021 7fc12b0cf700 10 memstore(/var/lib/ceph/osd/ceph-0) _touch 1.3f_head #1:fcd6bbfb:::benchmark_data_gdb1_2999_object20:head#
2017-07-07 21:40:08.054419 7fc12a0cd700 10 memstore(/var/lib/ceph/osd/ceph-0) _omap_setkeys 1.a_head #1:50000000::::head# ~423
2017-07-07 21:40:08.054592 7fc12b0cf700 10 memstore(/var/lib/ceph/osd/ceph-0) _setattrs 1.3f_head #1:fcd6bbfb:::benchmark_data_gdb1_2999_object20:head# ~319
2017-07-07 21:40:08.054597 7fc12b0cf700 10 memstore(/var/lib/ceph/osd/ceph-0) _write 1.3f_head #1:fcd6bbfb:::benchmark_data_gdb1_2999_object20:head# 0~1048576
2017-07-07 21:40:08.055053 7fc1280c9700 10 memstore(/var/lib/ceph/osd/ceph-0) _omap_setkeys 1.54_head #1:2a000000::::head# ~423
2017-07-07 21:40:08.055148 7fc12b0cf700 10 memstore(/var/lib/ceph/osd/ceph-0) _omap_setkeys 1.3f_head #1:fc000000::::head# ~423
2017-07-07 21:40:08.056076 7fc1290cb700 10 memstore(/var/lib/ceph/osd/ceph-0) _do_transaction 0
2017-07-07 21:40:08.056079 7fc1290cb700 10 memstore(/var/lib/ceph/osd/ceph-0) _touch 1.48_head #1:1282976a:::benchmark_data_gdb1_2999_object21:head#
2017-07-07 21:40:08.056644 7fc1290cb700 10 memstore(/var/lib/ceph/osd/ceph-0) _setattrs 1.48_head #1:1282976a:::benchmark_data_gdb1_2999_object21:head# ~319
2017-07-07 21:40:08.056661 7fc1290cb700 10 memstore(/var/lib/ceph/osd/ceph-0) _write 1.48_head #1:1282976a:::benchmark_data_gdb1_2999_object21:head# 0~1048576
2017-07-07 21:40:08.056834 7fc1298cc700 10 memstore(/var/lib/ceph/osd/ceph-0) _do_transaction 0
2017-07-07 21:40:08.056838 7fc1298cc700 10 memstore(/var/lib/ceph/osd/ceph-0) _touch 1.10_head #1:08cb700e:::benchmark_data_gdb1_2999_object22:head#
2017-07-07 21:40:08.057468 7fc1298cc700 10 memstore(/var/lib/ceph/osd/ceph-0) _setattrs 1.10_head #1:08cb700e:::benchmark_data_gdb1_2999_object22:head# ~319
2017-07-07 21:40:08.057474 7fc1298cc700 10 memstore(/var/lib/ceph/osd/ceph-0) _write 1.10_head #1:08cb700e:::benchmark_data_gdb1_2999_object22:head# 0~1048576
2017-07-07 21:40:08.057654 7fc12b8d0700 10 memstore(/var/lib/ceph/osd/ceph-0) _do_transaction 0
2017-07-07 21:40:08.057658 7fc12b8d0700 10 memstore(/var/lib/ceph/osd/ceph-0) _touch 1.52_head #1:4bb3adc5:::benchmark_data_gdb1_2999_object23:head#
2017-07-07 21:40:08.058305 7fc1290cb700 10 memstore(/var/lib/ceph/osd/ceph-0) _omap_setkeys 1.48_head #1:12000000::::head# ~423
2017-07-07 21:40:08.058872 7fc12b8d0700 10 memstore(/var/lib/ceph/osd/ceph-0) _setattrs 1.52_head #1:4bb3adc5:::benchmark_data_gdb1_2999_object23:head# ~319
2017-07-07 21:40:08.058877 7fc12b8d0700 10 memstore(/var/lib/ceph/osd/ceph-0) _write 1.52_head #1:4bb3adc5:::benchmark_data_gdb1_2999_object23:head# 0~1048576
2017-07-07 21:40:08.059735 7fc12b8d0700 10 memstore(/var/lib/ceph/osd/ceph-0) _omap_setkeys 1.52_head #1:4a000000::::head# ~423
2017-07-07 21:40:08.060095 7fc12c8d2700 10 memstore(/var/lib/ceph/osd/ceph-0) _do_transaction 0
2017-07-07 21:40:08.060099 7fc12c8d2700 10 memstore(/var/lib/ceph/osd/ceph-0) _touch 1.32_head #1:4f197f75:::benchmark_data_gdb1_2999_object24:head#
2017-07-07 21:40:08.060580 7fc12c8d2700 10 memstore(/var/lib/ceph/osd/ceph-0) _setattrs 1.32_head #1:4f197f75:::benchmark_data_gdb1_2999_object24:head# ~319
2017-07-07 21:40:08.060584 7fc12c8d2700 10 memstore(/var/lib/ceph/osd/ceph-0) _write 1.32_head #1:4f197f75:::benchmark_data_gdb1_2999_object24:head# 0~1048576
2017-07-07 21:40:08.061072 7fc12c8d2700 10 memstore(/var/lib/ceph/osd/ceph-0) _omap_setkeys 1.32_head #1:4c000000::::head# ~423
2017-07-07 21:40:08.061315 7fc1298cc700 10 memstore(/var/lib/ceph/osd/ceph-0) _omap_setkeys 1.10_head #1:08000000::::head# ~423
2017-07-07 21:40:08.065332 7fc12c0d1700 10 memstore(/var/lib/ceph/osd/ceph-0) _do_transaction 0
2017-07-07 21:40:08.065335 7fc12c0d1700 10 memstore(/var/lib/ceph/osd/ceph-0) _touch 1.2e_head #1:7437e86f:::benchmark_data_gdb1_2999_object25:head#
2017-07-07 21:40:08.065815 7fc12c0d1700 10 memstore(/var/lib/ceph/osd/ceph-0) _setattrs 1.2e_head #1:7437e86f:::benchmark_data_gdb1_2999_object25:head# ~319
2017-07-07 21:40:08.065819 7fc12c0d1700 10 memstore(/var/lib/ceph/osd/ceph-0) _write 1.2e_head #1:7437e86f:::benchmark_data_gdb1_2999_object25:head# 0~1048576
2017-07-07 21:40:08.065976 7fc1290cb700 10 memstore(/var/lib/ceph/osd/ceph-0) _do_transaction 0
2017-07-07 21:40:08.065979 7fc1290cb700 10 memstore(/var/lib/ceph/osd/ceph-0) _touch 1.16_head #1:687e874b:::benchmark_data_gdb1_2999_object26:head#
2017-07-07 21:40:08.066352 7fc12c0d1700 10 memstore(/var/lib/ceph/osd/ceph-0) _omap_setkeys 1.2e_head #1:74000000::::head# ~423
2017-07-07 21:40:08.066539 7fc1290cb700 10 memstore(/var/lib/ceph/osd/ceph-0) _setattrs 1.16_head #1:687e874b:::benchmark_data_gdb1_2999_object26:head# ~319
2017-07-07 21:40:08.066549 7fc1290cb700 10 memstore(/var/lib/ceph/osd/ceph-0) _write 1.16_head #1:687e874b:::benchmark_data_gdb1_2999_object26:head# 0~1048576
2017-07-07 21:40:08.067079 7fc1290cb700 10 memstore(/var/lib/ceph/osd/ceph-0) _omap_setkeys 1.16_head #1:68000000::::head# ~423
2017-07-07 21:40:08.068013 7fc12a0cd700 10 memstore(/var/lib/ceph/osd/ceph-0) _do_transaction 0
2017-07-07 21:40:08.068016 7fc12a0cd700 10 memstore(/var/lib/ceph/osd/ceph-0) _touch 1.2d_head #1:b6c89b1f:::benchmark_data_gdb1_2999_object27:head#
2017-07-07 21:40:08.068520 7fc12a0cd700 10 memstore(/var/lib/ceph/osd/ceph-0) _setattrs 1.2d_head #1:b6c89b1f:::benchmark_data_gdb1_2999_object27:head# ~319
2017-07-07 21:40:08.068531 7fc12a0cd700 10 memstore(/var/lib/ceph/osd/ceph-0) _write 1.2d_head #1:b6c89b1f:::benchmark_data_gdb1_2999_object27:head# 0~1048576
2017-07-07 21:40:08.069084 7fc12a0cd700 10 memstore(/var/lib/ceph/osd/ceph-0) _omap_setkeys 1.2d_head #1:b4000000::::head# ~423
2017-07-07 21:40:08.070040 7fc12c8d2700 10 memstore(/var/lib/ceph/osd/ceph-0) _do_transaction 0
2017-07-07 21:40:08.070044 7fc12c8d2700 10 memstore(/var/lib/ceph/osd/ceph-0) _touch 1.4b_head #1:d3ac8521:::benchmark_data_gdb1_2999_object28:head#
2017-07-07 21:40:08.070541 7fc12c8d2700 10 memstore(/var/lib/ceph/osd/ceph-0) _setattrs 1.4b_head #1:d3ac8521:::benchmark_data_gdb1_2999_object28:head# ~319
2017-07-07 21:40:08.070550 7fc12c8d2700 10 memstore(/var/lib/ceph/osd/ceph-0) _write 1.4b_head #1:d3ac8521:::benchmark_data_gdb1_2999_object28:head# 0~1048576
2017-07-07 21:40:08.071046 7fc12c8d2700 10 memstore(/var/lib/ceph/osd/ceph-0) _omap_setkeys 1.4b_head #1:d2000000::::head# ~423
2017-07-07 21:40:08.072037 7fc1298cc700 10 memstore(/var/lib/ceph/osd/ceph-0) _do_transaction 0
2017-07-07 21:40:08.072041 7fc1298cc700 10 memstore(/var/lib/ceph/osd/ceph-0) _touch 1.38_head #1:1c478c8b:::benchmark_data_gdb1_2999_object29:head#
2017-07-07 21:40:08.072689 7fc1288ca700 10 memstore(/var/lib/ceph/osd/ceph-0) _do_transaction 0
2017-07-07 21:40:08.072692 7fc1288ca700 10 memstore(/var/lib/ceph/osd/ceph-0) _touch 1.58_head #1:1a01d122:::benchmark_data_gdb1_2999_object30:head#
2017-07-07 21:40:08.073259 7fc1288ca700 10 memstore(/var/lib/ceph/osd/ceph-0) _setattrs 1.58_head #1:1a01d122:::benchmark_data_gdb1_2999_object30:head# ~319
2017-07-07 21:40:08.073264 7fc1288ca700 10 memstore(/var/lib/ceph/osd/ceph-0) _write 1.58_head #1:1a01d122:::benchmark_data_gdb1_2999_object30:head# 0~1048576
2017-07-07 21:40:08.073403 7fc1298cc700 10 memstore(/var/lib/ceph/osd/ceph-0) _setattrs 1.38_head #1:1c478c8b:::benchmark_data_gdb1_2999_object29:head# ~319
2017-07-07 21:40:08.073407 7fc1298cc700 10 memstore(/var/lib/ceph/osd/ceph-0) _write 1.38_head #1:1c478c8b:::benchmark_data_gdb1_2999_object29:head# 0~1048576
2017-07-07 21:40:08.073878 7fc1288ca700 10 memstore(/var/lib/ceph/osd/ceph-0) _omap_setkeys 1.58_head #1:1a000000::::head# ~423
2017-07-07 21:40:08.073980 7fc1298cc700 10 memstore(/var/lib/ceph/osd/ceph-0) _omap_setkeys 1.38_head #1:1c000000::::head# ~423
2017-07-07 21:40:08.074300 7fc12a8ce700 10 memstore(/var/lib/ceph/osd/ceph-0) _do_transaction 0
2017-07-07 21:40:08.074303 7fc12a8ce700 10 memstore(/var/lib/ceph/osd/ceph-0) _touch 1.31_head #1:8f5ea2f7:::benchmark_data_gdb1_2999_object31:head#
2017-07-07 21:40:08.074872 7fc12a8ce700 10 memstore(/var/lib/ceph/osd/ceph-0) _setattrs 1.31_head #1:8f5ea2f7:::benchmark_data_gdb1_2999_object31:head# ~319
2017-07-07 21:40:08.074878 7fc12a8ce700 10 memstore(/var/lib/ceph/osd/ceph-0) _write 1.31_head #1:8f5ea2f7:::benchmark_data_gdb1_2999_object31:head# 0~1048576
2017-07-07 21:40:08.075071 7fc12c0d1700 10 memstore(/var/lib/ceph/osd/ceph-0) _do_transaction 0
2017-07-07 21:40:08.075074 7fc12c0d1700 10 memstore(/var/lib/ceph/osd/ceph-0) _touch 1.6_head #1:6021e727:::benchmark_data_gdb1_2999_object32:head#
2017-07-07 21:40:08.075628 7fc12c0d1700 10 memstore(/var/lib/ceph/osd/ceph-0) _setattrs 1.6_head #1:6021e727:::benchmark_data_gdb1_2999_object32:head# ~319
2017-07-07 21:40:08.075633 7fc12c0d1700 10 memstore(/var/lib/ceph/osd/ceph-0) _write 1.6_head #1:6021e727:::benchmark_data_gdb1_2999_object32:head# 0~1048576
2017-07-07 21:40:08.075852 7fc12a0cd700 10 memstore(/var/lib/ceph/osd/ceph-0) _do_transaction 0
2017-07-07 21:40:08.075856 7fc12a0cd700 10 memstore(/var/lib/ceph/osd/ceph-0) _touch 1.46_head #1:63d4c27e:::benchmark_data_gdb1_2999_object33:head#
2017-07-07 21:40:08.076185 7fc12c0d1700 10 memstore(/var/lib/ceph/osd/ceph-0) _omap_setkeys 1.6_head #1:60000000::::head# ~423
2017-07-07 21:40:08.076480 7fc12a0cd700 10 memstore(/var/lib/ceph/osd/ceph-0) _setattrs 1.46_head #1:63d4c27e:::benchmark_data_gdb1_2999_object33:head# ~319
2017-07-07 21:40:08.076486 7fc12a0cd700 10 memstore(/var/lib/ceph/osd/ceph-0) _write 1.46_head #1:63d4c27e:::benchmark_data_gdb1_2999_object33:head# 0~1048576
2017-07-07 21:40:08.077042 7fc12a0cd700 10 memstore(/var/lib/ceph/osd/ceph-0) _omap_setkeys 1.46_head #1:62000000::::head# ~423
2017-07-07 21:40:08.077255 7fc12b0cf700 10 memstore(/var/lib/ceph/osd/ceph-0) _do_transaction 0
2017-07-07 21:40:08.077258 7fc12b0cf700 10 memstore(/var/lib/ceph/osd/ceph-0) _touch 1.2b_head #1:d5a9521f:::benchmark_data_gdb1_2999_object34:head#
2017-07-07 21:40:08.077851 7fc12b0cf700 10 memstore(/var/lib/ceph/osd/ceph-0) _setattrs 1.2b_head #1:d5a9521f:::benchmark_data_gdb1_2999_object34:head# ~319
2017-07-07 21:40:08.077857 7fc12b0cf700 10 memstore(/var/lib/ceph/osd/ceph-0) _write 1.2b_head #1:d5a9521f:::benchmark_data_gdb1_2999_object34:head# 0~1048576
2017-07-07 21:40:08.078026 7fc1280c9700 10 memstore(/var/lib/ceph/osd/ceph-0) _do_transaction 0
2017-07-07 21:40:08.078029 7fc1280c9700 10 memstore(/var/lib/ceph/osd/ceph-0) _touch 1.40_head #1:02ed4568:::benchmark_data_gdb1_2999_object35:head#
2017-07-07 21:40:08.078574 7fc1280c9700 10 memstore(/var/lib/ceph/osd/ceph-0) _setattrs 1.40_head #1:02ed4568:::benchmark_data_gdb1_2999_object35:head# ~319
2017-07-07 21:40:08.078579 7fc1280c9700 10 memstore(/var/lib/ceph/osd/ceph-0) _write 1.40_head #1:02ed4568:::benchmark_data_gdb1_2999_object35:head# 0~1048576
2017-07-07 21:40:08.078591 7fc12a8ce700 10 memstore(/var/lib/ceph/osd/ceph-0) _omap_setkeys 1.31_head #1:8c000000::::head# ~423
2017-07-07 21:40:08.079127 7fc1280c9700 10 memstore(/var/lib/ceph/osd/ceph-0) _omap_setkeys 1.40_head #1:02000000::::head# ~423
2017-07-07 21:40:08.079506 7fc12b0cf700 10 memstore(/var/lib/ceph/osd/ceph-0) _omap_setkeys 1.2b_head #1:d4000000::::head# ~423
2017-07-07 21:40:08.080438 7fc1288ca700 10 memstore(/var/lib/ceph/osd/ceph-0) _do_transaction 0
2017-07-07 21:40:08.080441 7fc1288ca700 10 memstore(/var/lib/ceph/osd/ceph-0) _touch 1.3_head #1:c01e48ba:::benchmark_data_gdb1_2999_object36:head#
2017-07-07 21:40:08.080978 7fc1288ca700 10 memstore(/var/lib/ceph/osd/ceph-0) _setattrs 1.3_head #1:c01e48ba:::benchmark_data_gdb1_2999_object36:head# ~319
2017-07-07 21:40:08.080983 7fc1288ca700 10 memstore(/var/lib/ceph/osd/ceph-0) _write 1.3_head #1:c01e48ba:::benchmark_data_gdb1_2999_object36:head# 0~1048576
2017-07-07 21:40:08.081441 7fc12a8ce700 10 memstore(/var/lib/ceph/osd/ceph-0) _do_transaction 0
2017-07-07 21:40:08.081444 7fc12a8ce700 10 memstore(/var/lib/ceph/osd/ceph-0) _touch 1.36_head #1:6fbfe531:::benchmark_data_gdb1_2999_object37:head#
2017-07-07 21:40:08.081553 7fc1288ca700 10 memstore(/var/lib/ceph/osd/ceph-0) _omap_setkeys 1.3_head #1:c0000000::::head# ~423
2017-07-07 21:40:08.081951 7fc12a8ce700 10 memstore(/var/lib/ceph/osd/ceph-0) _setattrs 1.36_head #1:6fbfe531:::benchmark_data_gdb1_2999_object37:head# ~319
2017-07-07 21:40:08.081962 7fc12a8ce700 10 memstore(/var/lib/ceph/osd/ceph-0) _write 1.36_head #1:6fbfe531:::benchmark_data_gdb1_2999_object37:head# 0~1048576
2017-07-07 21:40:08.082546 7fc12a8ce700 10 memstore(/var/lib/ceph/osd/ceph-0) _omap_setkeys 1.36_head #1:6c000000::::head# ~423
2017-07-07 21:40:08.082759 7fc12b8d0700 10 memstore(/var/lib/ceph/osd/ceph-0) _do_transaction 0
2017-07-07 21:40:08.082762 7fc12b8d0700 10 memstore(/var/lib/ceph/osd/ceph-0) _touch 1.c_head #1:317766fa:::benchmark_data_gdb1_2999_object38:head#
2017-07-07 21:40:08.083257 7fc12b8d0700 10 memstore(/var/lib/ceph/osd/ceph-0) _setattrs 1.c_head #1:317766fa:::benchmark_data_gdb1_2999_object38:head# ~319
2017-07-07 21:40:08.083268 7fc12b8d0700 10 memstore(/var/lib/ceph/osd/ceph-0) _write 1.c_head #1:317766fa:::benchmark_data_gdb1_2999_object38:head# 0~1048576
2017-07-07 21:40:08.083794 7fc12b8d0700 10 memstore(/var/lib/ceph/osd/ceph-0) _omap_setkeys 1.c_head #1:30000000::::head# ~423
2017-07-07 21:40:08.087141 7fc1290cb700 10 memstore(/var/lib/ceph/osd/ceph-0) _do_transaction 0
2017-07-07 21:40:08.087145 7fc1290cb700 10 memstore(/var/lib/ceph/osd/ceph-0) _touch 1.34_head #1:2c411e8d:::benchmark_data_gdb1_2999_object39:head#
2017-07-07 21:40:08.087591 7fc1290cb700 10 memstore(/var/lib/ceph/osd/ceph-0) _setattrs 1.34_head #1:2c411e8d:::benchmark_data_gdb1_2999_object39:head# ~319
2017-07-07 21:40:08.087596 7fc1290cb700 10 memstore(/var/lib/ceph/osd/ceph-0) _write 1.34_head #1:2c411e8d:::benchmark_data_gdb1_2999_object39:head# 0~1048576
2017-07-07 21:40:08.088082 7fc1290cb700 10 memstore(/var/lib/ceph/osd/ceph-0) _omap_setkeys 1.34_head #1:2c000000::::head# ~423
2017-07-07 21:40:08.088976 7fc12c8d2700 10 memstore(/var/lib/ceph/osd/ceph-0) _do_transaction 0
2017-07-07 21:40:08.088980 7fc12c8d2700 10 memstore(/var/lib/ceph/osd/ceph-0) _touch 1.2d_head #1:b72e34a4:::benchmark_data_gdb1_2999_object40:head#
2017-07-07 21:40:08.089482 7fc12c8d2700 10 memstore(/var/lib/ceph/osd/ceph-0) _setattrs 1.2d_head #1:b72e34a4:::benchmark_data_gdb1_2999_object40:head# ~319
2017-07-07 21:40:08.089491 7fc12c8d2700 10 memstore(/var/lib/ceph/osd/ceph-0) _write 1.2d_head #1:b72e34a4:::benchmark_data_gdb1_2999_object40:head# 0~1048576
2017-07-07 21:40:08.089987 7fc12c8d2700 10 memstore(/var/lib/ceph/osd/ceph-0) _omap_setkeys 1.2d_head #1:b4000000::::head# ~423
2017-07-07 21:40:08.090947 7fc1280c9700 10 memstore(/var/lib/ceph/osd/ceph-0) _do_transaction 0
2017-07-07 21:40:08.090950 7fc1280c9700 10 memstore(/var/lib/ceph/osd/ceph-0) _touch 1.45_head #1:a2dd8b8d:::benchmark_data_gdb1_2999_object41:head#
2017-07-07 21:40:08.091470 7fc1280c9700 10 memstore(/var/lib/ceph/osd/ceph-0) _setattrs 1.45_head #1:a2dd8b8d:::benchmark_data_gdb1_2999_object41:head# ~319
2017-07-07 21:40:08.091481 7fc1280c9700 10 memstore(/var/lib/ceph/osd/ceph-0) _write 1.45_head #1:a2dd8b8d:::benchmark_data_gdb1_2999_object41:head# 0~1048576
2017-07-07 21:40:08.091972 7fc1280c9700 10 memstore(/var/lib/ceph/osd/ceph-0) _omap_setkeys 1.45_head #1:a2000000::::head# ~423
2017-07-07 21:40:08.092894 7fc1298cc700 10 memstore(/var/lib/ceph/osd/ceph-0) _do_transaction 0
2017-07-07 21:40:08.092898 7fc1298cc700 10 memstore(/var/lib/ceph/osd/ceph-0) _touch 1.3d_head #1:bf596305:::benchmark_data_gdb1_2999_object42:head#
2017-07-07 21:40:08.093470 7fc1298cc700 10 memstore(/var/lib/ceph/osd/ceph-0) _setattrs 1.3d_head #1:bf596305:::benchmark_data_gdb1_2999_object42:head# ~319
2017-07-07 21:40:08.093475 7fc1298cc700 10 memstore(/var/lib/ceph/osd/ceph-0) _write 1.3d_head #1:bf596305:::benchmark_data_gdb1_2999_object42:head# 0~1048576
2017-07-07 21:40:08.093999 7fc1298cc700 10 memstore(/var/lib/ceph/osd/ceph-0) _omap_setkeys 1.3d_head #1:bc000000::::head# ~423
2017-07-07 21:40:08.094250 7fc12a0cd700 10 memstore(/var/lib/ceph/osd/ceph-0) _do_transaction 0
2017-07-07 21:40:08.094253 7fc12a0cd700 10 memstore(/var/lib/ceph/osd/ceph-0) _touch 1.32_head #1:4ee10523:::benchmark_data_gdb1_2999_object43:head#
2017-07-07 21:40:08.094425 7fc12a8ce700 10 memstore(/var/lib/ceph/osd/ceph-0) _do_transaction 0
2017-07-07 21:40:08.094431 7fc12a8ce700 10 memstore(/var/lib/ceph/osd/ceph-0) _touch 1.3b_head #1:df4c5156:::benchmark_data_gdb1_2999_object44:head#
2017-07-07 21:40:08.094823 7fc12a0cd700 10 memstore(/var/lib/ceph/osd/ceph-0) _setattrs 1.32_head #1:4ee10523:::benchmark_data_gdb1_2999_object43:head# ~319
2017-07-07 21:40:08.094828 7fc12a0cd700 10 memstore(/var/lib/ceph/osd/ceph-0) _write 1.32_head #1:4ee10523:::benchmark_data_gdb1_2999_object43:head# 0~1048576
2017-07-07 21:40:08.095007 7fc12a8ce700 10 memstore(/var/lib/ceph/osd/ceph-0) _setattrs 1.3b_head #1:df4c5156:::benchmark_data_gdb1_2999_object44:head# ~319
2017-07-07 21:40:08.095012 7fc12a8ce700 10 memstore(/var/lib/ceph/osd/ceph-0) _write 1.3b_head #1:df4c5156:::benchmark_data_gdb1_2999_object44:head# 0~1048576
2017-07-07 21:40:08.095438 7fc12a0cd700 10 memstore(/var/lib/ceph/osd/ceph-0) _omap_setkeys 1.32_head #1:4c000000::::head# ~423
2017-07-07 21:40:08.095731 7fc12a8ce700 10 memstore(/var/lib/ceph/osd/ceph-0) _omap_setkeys 1.3b_head #1:dc000000::::head# ~423
2017-07-07 21:40:08.096169 7fc1280c9700 10 memstore(/var/lib/ceph/osd/ceph-0) _do_transaction 0
2017-07-07 21:40:08.096173 7fc1280c9700 10 memstore(/var/lib/ceph/osd/ceph-0) _touch 1.54_head #1:2a36a8a8:::benchmark_data_gdb1_2999_object45:head#
2017-07-07 21:40:08.096674 7fc1280c9700 10 memstore(/var/lib/ceph/osd/ceph-0) _setattrs 1.54_head #1:2a36a8a8:::benchmark_data_gdb1_2999_object45:head# ~319
2017-07-07 21:40:08.096685 7fc1280c9700 10 memstore(/var/lib/ceph/osd/ceph-0) _write 1.54_head #1:2a36a8a8:::benchmark_data_gdb1_2999_object45:head# 0~1048576
2017-07-07 21:40:08.097218 7fc1280c9700 10 memstore(/var/lib/ceph/osd/ceph-0) _omap_setkeys 1.54_head #1:2a000000::::head# ~423
2017-07-07 21:40:08.098155 7fc12b8d0700 10 memstore(/var/lib/ceph/osd/ceph-0) _do_transaction 0
2017-07-07 21:40:08.098159 7fc12b8d0700 10 memstore(/var/lib/ceph/osd/ceph-0) _touch 1.48_head #1:13f7b558:::benchmark_data_gdb1_2999_object46:head#
2017-07-07 21:40:08.098657 7fc12b8d0700 10 memstore(/var/lib/ceph/osd/ceph-0) _setattrs 1.48_head #1:13f7b558:::benchmark_data_gdb1_2999_object46:head# ~319
2017-07-07 21:40:08.098668 7fc12b8d0700 10 memstore(/var/lib/ceph/osd/ceph-0) _write 1.48_head #1:13f7b558:::benchmark_data_gdb1_2999_object46:head# 0~1048576
2017-07-07 21:40:08.099180 7fc12b8d0700 10 memstore(/var/lib/ceph/osd/ceph-0) _omap_setkeys 1.48_head #1:12000000::::head# ~423
2017-07-07 21:40:08.100093 7fc12a8ce700 10 memstore(/var/lib/ceph/osd/ceph-0) _do_transaction 0
2017-07-07 21:40:08.100096 7fc12a8ce700 10 memstore(/var/lib/ceph/osd/ceph-0) _touch 1.31_head #1:8e95812f:::benchmark_data_gdb1_2999_object47:head#
2017-07-07 21:40:08.100668 7fc12a8ce700 10 memstore(/var/lib/ceph/osd/ceph-0) _setattrs 1.31_head #1:8e95812f:::benchmark_data_gdb1_2999_object47:head# ~319
2017-07-07 21:40:08.100675 7fc12a8ce700 10 memstore(/var/lib/ceph/osd/ceph-0) _write 1.31_head #1:8e95812f:::benchmark_data_gdb1_2999_object47:head# 0~1048576
2017-07-07 21:40:08.100861 7fc12c0d1700 10 memstore(/var/lib/ceph/osd/ceph-0) _do_transaction 0
2017-07-07 21:40:08.100864 7fc12c0d1700 10 memstore(/var/lib/ceph/osd/ceph-0) _touch 1.38_head #1:1c2def00:::benchmark_data_gdb1_2999_object48:head#
2017-07-07 21:40:08.101442 7fc12c0d1700 10 memstore(/var/lib/ceph/osd/ceph-0) _setattrs 1.38_head #1:1c2def00:::benchmark_data_gdb1_2999_object48:head# ~319
2017-07-07 21:40:08.101448 7fc12c0d1700 10 memstore(/var/lib/ceph/osd/ceph-0) _write 1.38_head #1:1c2def00:::benchmark_data_gdb1_2999_object48:head# 0~1048576
2017-07-07 21:40:08.101623 7fc12b0cf700 10 memstore(/var/lib/ceph/osd/ceph-0) _do_transaction 0
2017-07-07 21:40:08.101627 7fc12b0cf700 10 memstore(/var/lib/ceph/osd/ceph-0) _touch 1.3f_head #1:ff12bf54:::benchmark_data_gdb1_2999_object49:head#
2017-07-07 21:40:08.102198 7fc12b0cf700 10 memstore(/var/lib/ceph/osd/ceph-0) _setattrs 1.3f_head #1:ff12bf54:::benchmark_data_gdb1_2999_object49:head# ~319
2017-07-07 21:40:08.102203 7fc12b0cf700 10 memstore(/var/lib/ceph/osd/ceph-0) _write 1.3f_head #1:ff12bf54:::benchmark_data_gdb1_2999_object49:head# 0~1048576
2017-07-07 21:40:08.102683 7fc1298cc700 10 memstore(/var/lib/ceph/osd/ceph-0) _do_transaction 0
2017-07-07 21:40:08.102687 7fc1298cc700 10 memstore(/var/lib/ceph/osd/ceph-0) _touch 1.51_head #1:8b7ecd4b:::benchmark_data_gdb1_2999_object50:head#
2017-07-07 21:40:08.102950 7fc12b0cf700 10 memstore(/var/lib/ceph/osd/ceph-0) _omap_setkeys 1.3f_head #1:fc000000::::head# ~423
2017-07-07 21:40:08.103240 7fc1298cc700 10 memstore(/var/lib/ceph/osd/ceph-0) _setattrs 1.51_head #1:8b7ecd4b:::benchmark_data_gdb1_2999_object50:head# ~319
2017-07-07 21:40:08.103246 7fc1298cc700 10 memstore(/var/lib/ceph/osd/ceph-0) _write 1.51_head #1:8b7ecd4b:::benchmark_data_gdb1_2999_object50:head# 0~1048576
2017-07-07 21:40:08.103780 7fc12c0d1700 10 memstore(/var/lib/ceph/osd/ceph-0) _omap_setkeys 1.38_head #1:1c000000::::head# ~423
2017-07-07 21:40:08.103855 7fc1298cc700 10 memstore(/var/lib/ceph/osd/ceph-0) _omap_setkeys 1.51_head #1:8a000000::::head# ~423
2017-07-07 21:40:08.104342 7fc12c8d2700 10 memstore(/var/lib/ceph/osd/ceph-0) _do_transaction 0
2017-07-07 21:40:08.104345 7fc12c8d2700 10 memstore(/var/lib/ceph/osd/ceph-0) _touch 1.50_head #1:0b20f6e3:::benchmark_data_gdb1_2999_object51:head#
2017-07-07 21:40:08.105069 7fc12c8d2700 10 memstore(/var/lib/ceph/osd/ceph-0) _setattrs 1.50_head #1:0b20f6e3:::benchmark_data_gdb1_2999_object51:head# ~319
2017-07-07 21:40:08.105076 7fc12c8d2700 10 memstore(/var/lib/ceph/osd/ceph-0) _write 1.50_head #1:0b20f6e3:::benchmark_data_gdb1_2999_object51:head# 0~1048576
2017-07-07 21:40:08.105220 7fc1280c9700 10 memstore(/var/lib/ceph/osd/ceph-0) _do_transaction 0
2017-07-07 21:40:08.105223 7fc1280c9700 10 memstore(/var/lib/ceph/osd/ceph-0) _touch 1.18_head #1:189ca111:::benchmark_data_gdb1_2999_object52:head#
2017-07-07 21:40:08.105492 7fc12c8d2700 10 memstore(/var/lib/ceph/osd/ceph-0) _omap_setkeys 1.50_head #1:0a000000::::head# ~423
2017-07-07 21:40:08.105696 7fc12a8ce700 10 memstore(/var/lib/ceph/osd/ceph-0) _omap_setkeys 1.31_head #1:8c000000::::head# ~423
2017-07-07 21:40:08.105748 7fc1280c9700 10 memstore(/var/lib/ceph/osd/ceph-0) _setattrs 1.18_head #1:189ca111:::benchmark_data_gdb1_2999_object52:head# ~319
2017-07-07 21:40:08.105753 7fc1280c9700 10 memstore(/var/lib/ceph/osd/ceph-0) _write 1.18_head #1:189ca111:::benchmark_data_gdb1_2999_object52:head# 0~1048576
2017-07-07 21:40:08.106259 7fc1280c9700 10 memstore(/var/lib/ceph/osd/ceph-0) _omap_setkeys 1.18_head #1:18000000::::head# ~423
2017-07-07 21:40:08.107204 7fc12a0cd700 10 memstore(/var/lib/ceph/osd/ceph-0) _do_transaction 0
2017-07-07 21:40:08.107208 7fc12a0cd700 10 memstore(/var/lib/ceph/osd/ceph-0) _touch 1.32_head #1:4c02b148:::benchmark_data_gdb1_2999_object53:head#
2017-07-07 21:40:08.107761 7fc12a0cd700 10 memstore(/var/lib/ceph/osd/ceph-0) _setattrs 1.32_head #1:4c02b148:::benchmark_data_gdb1_2999_object53:head# ~319
2017-07-07 21:40:08.107767 7fc12a0cd700 10 memstore(/var/lib/ceph/osd/ceph-0) _write 1.32_head #1:4c02b148:::benchmark_data_gdb1_2999_object53:head# 0~1048576
2017-07-07 21:40:08.110947 7fc1280c9700 10 memstore(/var/lib/ceph/osd/ceph-0) _do_transaction 0
2017-07-07 21:40:08.110950 7fc1280c9700 10 memstore(/var/lib/ceph/osd/ceph-0) _touch 1.36_head #1:6c358d7d:::benchmark_data_gdb1_2999_object54:head#
2017-07-07 21:40:08.111390 7fc1280c9700 10 memstore(/var/lib/ceph/osd/ceph-0) _setattrs 1.36_head #1:6c358d7d:::benchmark_data_gdb1_2999_object54:head# ~319
2017-07-07 21:40:08.111394 7fc1280c9700 10 memstore(/var/lib/ceph/osd/ceph-0) _write 1.36_head #1:6c358d7d:::benchmark_data_gdb1_2999_object54:head# 0~1048576
2017-07-07 21:40:08.111877 7fc1280c9700 10 memstore(/var/lib/ceph/osd/ceph-0) _omap_setkeys 1.36_head #1:6c000000::::head# ~423
2017-07-07 21:40:08.112064 7fc1280c9700 10 memstore(/var/lib/ceph/osd/ceph-0) _do_transaction 0
2017-07-07 21:40:08.112068 7fc1280c9700 10 memstore(/var/lib/ceph/osd/ceph-0) _touch 1.36_head #1:6ce53893:::benchmark_data_gdb1_2999_object55:head#
2017-07-07 21:40:08.112600 7fc1280c9700 10 memstore(/var/lib/ceph/osd/ceph-0) _setattrs 1.36_head #1:6ce53893:::benchmark_data_gdb1_2999_object55:head# ~319
2017-07-07 21:40:08.112604 7fc1280c9700 10 memstore(/var/lib/ceph/osd/ceph-0) _write 1.36_head #1:6ce53893:::benchmark_data_gdb1_2999_object55:head# 0~1048576
2017-07-07 21:40:08.113098 7fc1280c9700 10 memstore(/var/lib/ceph/osd/ceph-0) _omap_setkeys 1.36_head #1:6c000000::::head# ~423
2017-07-07 21:40:08.113711 7fc12a0cd700 10 memstore(/var/lib/ceph/osd/ceph-0) _omap_setkeys 1.32_head #1:4c000000::::head# ~423
2017-07-07 21:40:08.114093 7fc1288ca700 10 memstore(/var/lib/ceph/osd/ceph-0) _do_transaction 0
2017-07-07 21:40:08.114097 7fc1288ca700 10 memstore(/var/lib/ceph/osd/ceph-0) _touch 1.58_head #1:1bc10cc7:::benchmark_data_gdb1_2999_object56:head#
2017-07-07 21:40:08.114657 7fc1288ca700 10 memstore(/var/lib/ceph/osd/ceph-0) _setattrs 1.58_head #1:1bc10cc7:::benchmark_data_gdb1_2999_object56:head# ~319
2017-07-07 21:40:08.114662 7fc1288ca700 10 memstore(/var/lib/ceph/osd/ceph-0) _write 1.58_head #1:1bc10cc7:::benchmark_data_gdb1_2999_object56:head# 0~1048576
2017-07-07 21:40:08.114783 7fc12b0cf700 10 memstore(/var/lib/ceph/osd/ceph-0) _do_transaction 0
2017-07-07 21:40:08.114786 7fc12b0cf700 10 memstore(/var/lib/ceph/osd/ceph-0) _touch 1.30_head #1:0c1e4eaa:::benchmark_data_gdb1_2999_object57:head#
2017-07-07 21:40:08.115199 7fc1288ca700 10 memstore(/var/lib/ceph/osd/ceph-0) _omap_setkeys 1.58_head #1:1a000000::::head# ~423
2017-07-07 21:40:08.115315 7fc12b0cf700 10 memstore(/var/lib/ceph/osd/ceph-0) _setattrs 1.30_head #1:0c1e4eaa:::benchmark_data_gdb1_2999_object57:head# ~319
2017-07-07 21:40:08.115321 7fc12b0cf700 10 memstore(/var/lib/ceph/osd/ceph-0) _write 1.30_head #1:0c1e4eaa:::benchmark_data_gdb1_2999_object57:head# 0~1048576
2017-07-07 21:40:08.115969 7fc12b0cf700 10 memstore(/var/lib/ceph/osd/ceph-0) _omap_setkeys 1.30_head #1:0c000000::::head# ~423
2017-07-07 21:40:08.116903 7fc1288ca700 10 memstore(/var/lib/ceph/osd/ceph-0) _do_transaction 0
2017-07-07 21:40:08.116906 7fc1288ca700 10 memstore(/var/lib/ceph/osd/ceph-0) _touch 1.17_head #1:e8c5168a:::benchmark_data_gdb1_2999_object58:head#
2017-07-07 21:40:08.117559 7fc1290cb700 10 memstore(/var/lib/ceph/osd/ceph-0) _do_transaction 0
2017-07-07 21:40:08.117563 7fc1290cb700 10 memstore(/var/lib/ceph/osd/ceph-0) _touch 1.25_head #1:a7199096:::benchmark_data_gdb1_2999_object59:head#
2017-07-07 21:40:08.117568 7fc1288ca700 10 memstore(/var/lib/ceph/osd/ceph-0) _setattrs 1.17_head #1:e8c5168a:::benchmark_data_gdb1_2999_object58:head# ~319
2017-07-07 21:40:08.117573 7fc1288ca700 10 memstore(/var/lib/ceph/osd/ceph-0) _write 1.17_head #1:e8c5168a:::benchmark_data_gdb1_2999_object58:head# 0~1048576
2017-07-07 21:40:08.117670 7fc1290cb700 10 memstore(/var/lib/ceph/osd/ceph-0) _setattrs 1.25_head #1:a7199096:::benchmark_data_gdb1_2999_object59:head# ~319
2017-07-07 21:40:08.117674 7fc1290cb700 10 memstore(/var/lib/ceph/osd/ceph-0) _write 1.25_head #1:a7199096:::benchmark_data_gdb1_2999_object59:head# 0~1048576
2017-07-07 21:40:08.118090 7fc1288ca700 10 memstore(/var/lib/ceph/osd/ceph-0) _omap_setkeys 1.17_head #1:e8000000::::head# ~423
2017-07-07 21:40:08.118196 7fc1290cb700 10 memstore(/var/lib/ceph/osd/ceph-0) _omap_setkeys 1.25_head #1:a4000000::::head# ~423
2017-07-07 21:40:08.119040 7fc1280c9700 10 memstore(/var/lib/ceph/osd/ceph-0) _do_transaction 0
2017-07-07 21:40:08.119044 7fc1280c9700 10 memstore(/var/lib/ceph/osd/ceph-0) _touch 1.36_head #1:6d08e1f5:::benchmark_data_gdb1_2999_object60:head#
2017-07-07 21:40:08.119129 7fc1280c9700 10 memstore(/var/lib/ceph/osd/ceph-0) _setattrs 1.36_head #1:6d08e1f5:::benchmark_data_gdb1_2999_object60:head# ~319
2017-07-07 21:40:08.119140 7fc1280c9700 10 memstore(/var/lib/ceph/osd/ceph-0) _write 1.36_head #1:6d08e1f5:::benchmark_data_gdb1_2999_object60:head# 0~1048576
2017-07-07 21:40:08.119762 7fc1280c9700 10 memstore(/var/lib/ceph/osd/ceph-0) _omap_setkeys 1.36_head #1:6c000000::::head# ~423
2017-07-07 21:40:08.120260 7fc12b8d0700 10 memstore(/var/lib/ceph/osd/ceph-0) _do_transaction 0
2017-07-07 21:40:08.120263 7fc12b8d0700 10 memstore(/var/lib/ceph/osd/ceph-0) _touch 1.34_head #1:2d56ba4c:::benchmark_data_gdb1_2999_object61:head#
2017-07-07 21:40:08.120726 7fc12b8d0700 10 memstore(/var/lib/ceph/osd/ceph-0) _setattrs 1.34_head #1:2d56ba4c:::benchmark_data_gdb1_2999_object61:head# ~319
2017-07-07 21:40:08.120735 7fc12b8d0700 10 memstore(/var/lib/ceph/osd/ceph-0) _write 1.34_head #1:2d56ba4c:::benchmark_data_gdb1_2999_object61:head# 0~1048576
2017-07-07 21:40:08.120822 7fc12b8d0700 10 memstore(/var/lib/ceph/osd/ceph-0) _omap_setkeys 1.34_head #1:2c000000::::head# ~423
2017-07-07 21:40:08.121534 7fc12b0cf700 10 memstore(/var/lib/ceph/osd/ceph-0) _do_transaction 0
2017-07-07 21:40:08.121537 7fc12b0cf700 10 memstore(/var/lib/ceph/osd/ceph-0) _touch 1.26_head #1:6434c2cc:::benchmark_data_gdb1_2999_object62:head#
2017-07-07 21:40:08.122006 7fc12b0cf700 10 memstore(/var/lib/ceph/osd/ceph-0) _setattrs 1.26_head #1:6434c2cc:::benchmark_data_gdb1_2999_object62:head# ~319
2017-07-07 21:40:08.122015 7fc12b0cf700 10 memstore(/var/lib/ceph/osd/ceph-0) _write 1.26_head #1:6434c2cc:::benchmark_data_gdb1_2999_object62:head# 0~1048576
2017-07-07 21:40:08.122548 7fc12b0cf700 10 memstore(/var/lib/ceph/osd/ceph-0) _omap_setkeys 1.26_head #1:64000000::::head# ~423
2017-07-07 21:40:08.123476 7fc1288ca700 10 memstore(/var/lib/ceph/osd/ceph-0) _do_transaction 0
2017-07-07 21:40:08.123480 7fc1288ca700 10 memstore(/var/lib/ceph/osd/ceph-0) _touch 1.30_head #1:0fc94363:::benchmark_data_gdb1_2999_object63:head#
2017-07-07 21:40:08.124065 7fc1288ca700 10 memstore(/var/lib/ceph/osd/ceph-0) _setattrs 1.30_head #1:0fc94363:::benchmark_data_gdb1_2999_object63:head# ~319
2017-07-07 21:40:08.124071 7fc1288ca700 10 memstore(/var/lib/ceph/osd/ceph-0) _write 1.30_head #1:0fc94363:::benchmark_data_gdb1_2999_object63:head# 0~1048576
2017-07-07 21:40:08.124202 7fc1290cb700 10 memstore(/var/lib/ceph/osd/ceph-0) _do_transaction 0
2017-07-07 21:40:08.124206 7fc1290cb700 10 memstore(/var/lib/ceph/osd/ceph-0) _touch 1.20_head #1:0481e05f:::benchmark_data_gdb1_2999_object64:head#
2017-07-07 21:40:08.124937 7fc1290cb700 10 memstore(/var/lib/ceph/osd/ceph-0) _setattrs 1.20_head #1:0481e05f:::benchmark_data_gdb1_2999_object64:head# ~319
2017-07-07 21:40:08.124943 7fc1290cb700 10 memstore(/var/lib/ceph/osd/ceph-0) _write 1.20_head #1:0481e05f:::benchmark_data_gdb1_2999_object64:head# 0~1048576
2017-07-07 21:40:08.125055 7fc12b8d0700 10 memstore(/var/lib/ceph/osd/ceph-0) _do_transaction 0
2017-07-07 21:40:08.125058 7fc12b8d0700 10 memstore(/var/lib/ceph/osd/ceph-0) _touch 1.11_head #1:896a9ecb:::benchmark_data_gdb1_2999_object65:head#
2017-07-07 21:40:08.125648 7fc12b8d0700 10 memstore(/var/lib/ceph/osd/ceph-0) _setattrs 1.11_head #1:896a9ecb:::benchmark_data_gdb1_2999_object65:head# ~319
2017-07-07 21:40:08.125653 7fc12b8d0700 10 memstore(/var/lib/ceph/osd/ceph-0) _write 1.11_head #1:896a9ecb:::benchmark_data_gdb1_2999_object65:head# 0~1048576
2017-07-07 21:40:08.125969 7fc1290cb700 10 memstore(/var/lib/ceph/osd/ceph-0) _omap_setkeys 1.20_head #1:04000000::::head# ~423
2017-07-07 21:40:08.126211 7fc12b8d0700 10 memstore(/var/lib/ceph/osd/ceph-0) _omap_setkeys 1.11_head #1:88000000::::head# ~423
2017-07-07 21:40:08.126564 7fc1288ca700 10 memstore(/var/lib/ceph/osd/ceph-0) _omap_setkeys 1.30_head #1:0c000000::::head# ~423
2017-07-07 21:40:08.126759 7fc12b0cf700 10 memstore(/var/lib/ceph/osd/ceph-0) _do_transaction 0
2017-07-07 21:40:08.126763 7fc12b0cf700 10 memstore(/var/lib/ceph/osd/ceph-0) _touch 1.30_head #1:0cfcb919:::benchmark_data_gdb1_2999_object66:head#
2017-07-07 21:40:08.127268 7fc1290cb700 10 memstore(/var/lib/ceph/osd/ceph-0) _do_transaction 0
2017-07-07 21:40:08.127271 7fc1290cb700 10 memstore(/var/lib/ceph/osd/ceph-0) _touch 1.3e_head #1:7c906479:::benchmark_data_gdb1_2999_object67:head#
2017-07-07 21:40:08.127501 7fc12b0cf700 10 memstore(/var/lib/ceph/osd/ceph-0) _setattrs 1.30_head #1:0cfcb919:::benchmark_data_gdb1_2999_object66:head# ~319
2017-07-07 21:40:08.127507 7fc12b0cf700 10 memstore(/var/lib/ceph/osd/ceph-0) _write 1.30_head #1:0cfcb919:::benchmark_data_gdb1_2999_object66:head# 0~1048576
2017-07-07 21:40:08.127835 7fc1290cb700 10 memstore(/var/lib/ceph/osd/ceph-0) _setattrs 1.3e_head #1:7c906479:::benchmark_data_gdb1_2999_object67:head# ~319
2017-07-07 21:40:08.127848 7fc1290cb700 10 memstore(/var/lib/ceph/osd/ceph-0) _write 1.3e_head #1:7c906479:::benchmark_data_gdb1_2999_object67:head# 0~1048576
2017-07-07 21:40:08.128104 7fc12b0cf700 10 memstore(/var/lib/ceph/osd/ceph-0) _omap_setkeys 1.30_head #1:0c000000::::head# ~423
2017-07-07 21:40:08.128393 7fc1290cb700 10 memstore(/var/lib/ceph/osd/ceph-0) _omap_setkeys 1.3e_head #1:7c000000::::head# ~423
2017-07-07 21:40:08.129229 7fc12a8ce700 10 memstore(/var/lib/ceph/osd/ceph-0) _do_transaction 0
2017-07-07 21:40:08.129233 7fc12a8ce700 10 memstore(/var/lib/ceph/osd/ceph-0) _touch 1.45_head #1:a2e60e48:::benchmark_data_gdb1_2999_object68:head#
2017-07-07 21:40:08.129742 7fc12a8ce700 10 memstore(/var/lib/ceph/osd/ceph-0) _setattrs 1.45_head #1:a2e60e48:::benchmark_data_gdb1_2999_object68:head# ~319
2017-07-07 21:40:08.129753 7fc12a8ce700 10 memstore(/var/lib/ceph/osd/ceph-0) _write 1.45_head #1:a2e60e48:::benchmark_data_gdb1_2999_object68:head# 0~1048576
2017-07-07 21:40:08.130236 7fc12a8ce700 10 memstore(/var/lib/ceph/osd/ceph-0) _omap_setkeys 1.45_head #1:a2000000::::head# ~423
2017-07-07 21:40:08.133409 7fc12c8d2700 10 memstore(/var/lib/ceph/osd/ceph-0) _do_transaction 0
2017-07-07 21:40:08.133413 7fc12c8d2700 10 memstore(/var/lib/ceph/osd/ceph-0) _touch 1.46_head #1:6396d551:::benchmark_data_gdb1_2999_object69:head#
2017-07-07 21:40:08.133889 7fc12c8d2700 10 memstore(/var/lib/ceph/osd/ceph-0) _setattrs 1.46_head #1:6396d551:::benchmark_data_gdb1_2999_object69:head# ~319
2017-07-07 21:40:08.133893 7fc12c8d2700 10 memstore(/var/lib/ceph/osd/ceph-0) _write 1.46_head #1:6396d551:::benchmark_data_gdb1_2999_object69:head# 0~1048576
2017-07-07 21:40:08.134366 7fc12c8d2700 10 memstore(/var/lib/ceph/osd/ceph-0) _omap_setkeys 1.46_head #1:62000000::::head# ~423
2017-07-07 21:40:08.135825 7fc12b8d0700 10 memstore(/var/lib/ceph/osd/ceph-0) _do_transaction 0
2017-07-07 21:40:08.135829 7fc12b8d0700 10 memstore(/var/lib/ceph/osd/ceph-0) _touch 1.2a_head #1:57a91c75:::benchmark_data_gdb1_2999_object71:head#
2017-07-07 21:40:08.136351 7fc12b8d0700 10 memstore(/var/lib/ceph/osd/ceph-0) _setattrs 1.2a_head #1:57a91c75:::benchmark_data_gdb1_2999_object71:head# ~319
2017-07-07 21:40:08.136355 7fc12b8d0700 10 memstore(/var/lib/ceph/osd/ceph-0) _write 1.2a_head #1:57a91c75:::benchmark_data_gdb1_2999_object71:head# 0~1048576
2017-07-07 21:40:08.136852 7fc12b8d0700 10 memstore(/var/lib/ceph/osd/ceph-0) _omap_setkeys 1.2a_head #1:54000000::::head# ~423
2017-07-07 21:40:08.137432 7fc1288ca700 10 memstore(/var/lib/ceph/osd/ceph-0) _do_transaction 0
2017-07-07 21:40:08.137435 7fc1288ca700 10 memstore(/var/lib/ceph/osd/ceph-0) _touch 1.8_head #1:11fdeedd:::benchmark_data_gdb1_2999_object70:head#
2017-07-07 21:40:08.137767 7fc1280c9700 10 memstore(/var/lib/ceph/osd/ceph-0) _do_transaction 0
2017-07-07 21:40:08.137770 7fc1280c9700 10 memstore(/var/lib/ceph/osd/ceph-0) _touch 1.1d_head #1:b9c8c298:::benchmark_data_gdb1_2999_object72:head#
2017-07-07 21:40:08.138290 7fc1280c9700 10 memstore(/var/lib/ceph/osd/ceph-0) _setattrs 1.1d_head #1:b9c8c298:::benchmark_data_gdb1_2999_object72:head# ~319
2017-07-07 21:40:08.138304 7fc1280c9700 10 memstore(/var/lib/ceph/osd/ceph-0) _write 1.1d_head #1:b9c8c298:::benchmark_data_gdb1_2999_object72:head# 0~1048576
2017-07-07 21:40:08.138798 7fc1280c9700 10 memstore(/var/lib/ceph/osd/ceph-0) _omap_setkeys 1.1d_head #1:b8000000::::head# ~423
