2017-07-11 06:41:59.082222 7f6557773700 10 memstore(/var/lib/ceph/osd/ceph-1) _do_transaction 0
2017-07-11 06:41:59.082248 7f6557773700 10 memstore(/var/lib/ceph/osd/ceph-1) _setattrs 2.3b_head #2:ddb4e4d7:::200.00000002:head# ~298
2017-07-11 06:41:59.082257 7f6557773700 10 memstore(/var/lib/ceph/osd/ceph-1) _write 2.3b_head #2:ddb4e4d7:::200.00000002:head# 1574766~12775
2017-07-11 06:41:59.082267 7f6557773700 10 memstore(/var/lib/ceph/osd/ceph-1) _omap_setkeys 2.3b_head #2:dc000000::::head# ~402
2017-07-11 06:41:59.084875 7f6554f6e700 10 memstore(/var/lib/ceph/osd/ceph-1) _do_transaction 0
2017-07-11 06:41:59.084891 7f6554f6e700 10 memstore(/var/lib/ceph/osd/ceph-1) _setattrs 2.3b_head #2:ddb4e4d7:::200.00000002:head# ~298
2017-07-11 06:41:59.084898 7f6554f6e700 10 memstore(/var/lib/ceph/osd/ceph-1) _write 2.3b_head #2:ddb4e4d7:::200.00000002:head# 1587541~6319
2017-07-11 06:41:59.084904 7f6554f6e700 10 memstore(/var/lib/ceph/osd/ceph-1) _omap_setkeys 2.3b_head #2:dc000000::::head# ~402
2017-07-11 06:41:59.086299 7f6557773700 10 memstore(/var/lib/ceph/osd/ceph-1) _do_transaction 0
2017-07-11 06:41:59.086307 7f6557773700 10 memstore(/var/lib/ceph/osd/ceph-1) _setattrs 2.3b_head #2:ddb4e4d7:::200.00000002:head# ~298
2017-07-11 06:41:59.086310 7f6557773700 10 memstore(/var/lib/ceph/osd/ceph-1) _write 2.3b_head #2:ddb4e4d7:::200.00000002:head# 1593860~2470
2017-07-11 06:41:59.086317 7f6557773700 10 memstore(/var/lib/ceph/osd/ceph-1) _omap_setkeys 2.3b_head #2:dc000000::::head# ~402
2017-07-11 06:42:01.289741 7f655376b700 10 memstore(/var/lib/ceph/osd/ceph-1) statfs
2017-07-11 06:42:01.289758 7f655376b700 10 memstore(/var/lib/ceph/osd/ceph-1) statfs: used_bytes: 138450935/4294967296
2017-07-11 06:42:01.541000 7f6556f72700 10 memstore(/var/lib/ceph/osd/ceph-1) _do_transaction 0
2017-07-11 06:42:01.541005 7f6556f72700 10 memstore(/var/lib/ceph/osd/ceph-1) _touch 1.1e_head #1:792d0e96:::100000001a6.00000003:head#
2017-07-11 06:42:01.542566 7f6556f72700 10 memstore(/var/lib/ceph/osd/ceph-1) _setattrs 1.1e_head #1:792d0e96:::100000001a6.00000003:head# ~306
2017-07-11 06:42:01.542571 7f6556f72700 10 memstore(/var/lib/ceph/osd/ceph-1) _write 1.1e_head #1:792d0e96:::100000001a6.00000003:head# 0~4194304
2017-07-11 06:42:01.544471 7f6554f6e700 10 memstore(/var/lib/ceph/osd/ceph-1) _do_transaction 0
2017-07-11 06:42:01.544486 7f6554f6e700 10 memstore(/var/lib/ceph/osd/ceph-1) _setattrs 2.3b_head #2:ddb4e4d7:::200.00000002:head# ~298
2017-07-11 06:42:01.544490 7f6554f6e700 10 memstore(/var/lib/ceph/osd/ceph-1) _write 2.3b_head #2:ddb4e4d7:::200.00000002:head# 1596330~8478
2017-07-11 06:42:01.544509 7f6554f6e700 10 memstore(/var/lib/ceph/osd/ceph-1) _omap_setkeys 2.3b_head #2:dc000000::::head# ~402
2017-07-11 06:42:01.548733 7f6557773700 10 memstore(/var/lib/ceph/osd/ceph-1) _do_transaction 0
2017-07-11 06:42:01.548741 7f6557773700 10 memstore(/var/lib/ceph/osd/ceph-1) _setattrs 2.3b_head #2:ddb4e4d7:::200.00000002:head# ~298
2017-07-11 06:42:01.548745 7f6557773700 10 memstore(/var/lib/ceph/osd/ceph-1) _write 2.3b_head #2:ddb4e4d7:::200.00000002:head# 1604808~1084
2017-07-11 06:42:01.548750 7f6557773700 10 memstore(/var/lib/ceph/osd/ceph-1) _omap_setkeys 2.3b_head #2:dc000000::::head# ~402
2017-07-11 06:42:01.550065 7f6556f72700 10 memstore(/var/lib/ceph/osd/ceph-1) _omap_setkeys 1.1e_head #1:78000000::::head# ~410
2017-07-11 06:42:01.554631 7f6554f6e700 10 memstore(/var/lib/ceph/osd/ceph-1) _do_transaction 0
2017-07-11 06:42:01.554635 7f6554f6e700 10 memstore(/var/lib/ceph/osd/ceph-1) _touch 1.54_head #1:2a96d05f:::100000001a6.00000005:head#
2017-07-11 06:42:01.560359 7f6554f6e700 10 memstore(/var/lib/ceph/osd/ceph-1) _setattrs 1.54_head #1:2a96d05f:::100000001a6.00000005:head# ~306
2017-07-11 06:42:01.560403 7f6554f6e700 10 memstore(/var/lib/ceph/osd/ceph-1) _write 1.54_head #1:2a96d05f:::100000001a6.00000005:head# 0~4194304
2017-07-11 06:42:01.562830 7f6554f6e700 10 memstore(/var/lib/ceph/osd/ceph-1) _omap_setkeys 1.54_head #1:2a000000::::head# ~410
2017-07-11 06:42:01.570434 7f6557773700 10 memstore(/var/lib/ceph/osd/ceph-1) _do_transaction 0
2017-07-11 06:42:01.570439 7f6557773700 10 memstore(/var/lib/ceph/osd/ceph-1) _touch 1.18_head #1:185773bc:::100000001a6.00000006:head#
2017-07-11 06:42:01.571809 7f6557773700 10 memstore(/var/lib/ceph/osd/ceph-1) _setattrs 1.18_head #1:185773bc:::100000001a6.00000006:head# ~306
2017-07-11 06:42:01.571814 7f6557773700 10 memstore(/var/lib/ceph/osd/ceph-1) _write 1.18_head #1:185773bc:::100000001a6.00000006:head# 0~4194304
2017-07-11 06:42:01.573689 7f6557773700 10 memstore(/var/lib/ceph/osd/ceph-1) _omap_setkeys 1.18_head #1:18000000::::head# ~410
2017-07-11 06:42:01.583091 7f6559777700 10 memstore(/var/lib/ceph/osd/ceph-1) _do_transaction 0
2017-07-11 06:42:01.583097 7f6559777700 10 memstore(/var/lib/ceph/osd/ceph-1) _touch 1.5_head #1:a08aa2f3:::100000001a6.00000007:head#
2017-07-11 06:42:01.584465 7f6559777700 10 memstore(/var/lib/ceph/osd/ceph-1) _setattrs 1.5_head #1:a08aa2f3:::100000001a6.00000007:head# ~306
2017-07-11 06:42:01.584480 7f6559777700 10 memstore(/var/lib/ceph/osd/ceph-1) _write 1.5_head #1:a08aa2f3:::100000001a6.00000007:head# 0~4194304
2017-07-11 06:42:01.586630 7f6559777700 10 memstore(/var/lib/ceph/osd/ceph-1) _omap_setkeys 1.5_head #1:a0000000::::head# ~410
2017-07-11 06:42:01.596042 7f6556771700 10 memstore(/var/lib/ceph/osd/ceph-1) _do_transaction 0
2017-07-11 06:42:01.596047 7f6556771700 10 memstore(/var/lib/ceph/osd/ceph-1) _touch 1.38_head #1:1ee526b6:::100000001a6.00000008:head#
2017-07-11 06:42:01.601363 7f6556771700 10 memstore(/var/lib/ceph/osd/ceph-1) _setattrs 1.38_head #1:1ee526b6:::100000001a6.00000008:head# ~306
2017-07-11 06:42:01.601380 7f6556771700 10 memstore(/var/lib/ceph/osd/ceph-1) _write 1.38_head #1:1ee526b6:::100000001a6.00000008:head# 0~4194304
2017-07-11 06:42:01.603478 7f6556771700 10 memstore(/var/lib/ceph/osd/ceph-1) _omap_setkeys 1.38_head #1:1c000000::::head# ~410
2017-07-11 06:42:01.606868 7f6557f74700 10 memstore(/var/lib/ceph/osd/ceph-1) _do_transaction 0
2017-07-11 06:42:01.606872 7f6557f74700 10 memstore(/var/lib/ceph/osd/ceph-1) _touch 1.58_head #1:1ac62b7e:::100000001a6.0000000a:head#
2017-07-11 06:42:01.608416 7f6557f74700 10 memstore(/var/lib/ceph/osd/ceph-1) _setattrs 1.58_head #1:1ac62b7e:::100000001a6.0000000a:head# ~306
2017-07-11 06:42:01.608424 7f6557f74700 10 memstore(/var/lib/ceph/osd/ceph-1) _write 1.58_head #1:1ac62b7e:::100000001a6.0000000a:head# 0~4194304
2017-07-11 06:42:01.610489 7f6557f74700 10 memstore(/var/lib/ceph/osd/ceph-1) _omap_setkeys 1.58_head #1:1a000000::::head# ~410
2017-07-11 06:42:01.616801 7f6558775700 10 memstore(/var/lib/ceph/osd/ceph-1) _do_transaction 0
2017-07-11 06:42:01.616806 7f6558775700 10 memstore(/var/lib/ceph/osd/ceph-1) _touch 1.4d_head #1:b304ce41:::100000001a6.00000011:head#
2017-07-11 06:42:01.618219 7f6558775700 10 memstore(/var/lib/ceph/osd/ceph-1) _setattrs 1.4d_head #1:b304ce41:::100000001a6.00000011:head# ~306
2017-07-11 06:42:01.618231 7f6558775700 10 memstore(/var/lib/ceph/osd/ceph-1) _write 1.4d_head #1:b304ce41:::100000001a6.00000011:head# 0~4194304
2017-07-11 06:42:01.620064 7f6558775700 10 memstore(/var/lib/ceph/osd/ceph-1) _omap_setkeys 1.4d_head #1:b2000000::::head# ~410
2017-07-11 06:42:01.626827 7f655576f700 10 memstore(/var/lib/ceph/osd/ceph-1) _do_transaction 0
2017-07-11 06:42:01.626831 7f655576f700 10 memstore(/var/lib/ceph/osd/ceph-1) _touch 1.3f_head #1:fcb50c3d:::100000001a6.00000013:head#
2017-07-11 06:42:01.628487 7f655576f700 10 memstore(/var/lib/ceph/osd/ceph-1) _setattrs 1.3f_head #1:fcb50c3d:::100000001a6.00000013:head# ~306
2017-07-11 06:42:01.628500 7f655576f700 10 memstore(/var/lib/ceph/osd/ceph-1) _write 1.3f_head #1:fcb50c3d:::100000001a6.00000013:head# 0~4194304
2017-07-11 06:42:01.629746 7f6555f70700 10 memstore(/var/lib/ceph/osd/ceph-1) _do_transaction 0
2017-07-11 06:42:01.629750 7f6555f70700 10 memstore(/var/lib/ceph/osd/ceph-1) _touch 1.25_head #1:a46fa481:::100000001a6.00000014:head#
2017-07-11 06:42:01.631262 7f6555f70700 10 memstore(/var/lib/ceph/osd/ceph-1) _setattrs 1.25_head #1:a46fa481:::100000001a6.00000014:head# ~306
2017-07-11 06:42:01.631273 7f6555f70700 10 memstore(/var/lib/ceph/osd/ceph-1) _write 1.25_head #1:a46fa481:::100000001a6.00000014:head# 0~4194304
2017-07-11 06:42:01.634684 7f655576f700 10 memstore(/var/lib/ceph/osd/ceph-1) _omap_setkeys 1.3f_head #1:fc000000::::head# ~410
2017-07-11 06:42:01.635367 7f6555f70700 10 memstore(/var/lib/ceph/osd/ceph-1) _omap_setkeys 1.25_head #1:a4000000::::head# ~410
2017-07-11 06:42:01.644881 7f6556f72700 10 memstore(/var/lib/ceph/osd/ceph-1) _do_transaction 0
2017-07-11 06:42:01.644887 7f6556f72700 10 memstore(/var/lib/ceph/osd/ceph-1) _touch 1.19_head #1:98fca353:::100000001a6.00000015:head#
2017-07-11 06:42:01.647408 7f6558f76700 10 memstore(/var/lib/ceph/osd/ceph-1) _do_transaction 0
2017-07-11 06:42:01.647412 7f6558f76700 10 memstore(/var/lib/ceph/osd/ceph-1) _touch 1.10_head #1:0997f2ca:::100000001a6.00000016:head#
2017-07-11 06:42:01.649376 7f6558f76700 10 memstore(/var/lib/ceph/osd/ceph-1) _setattrs 1.10_head #1:0997f2ca:::100000001a6.00000016:head# ~306
2017-07-11 06:42:01.649389 7f6558f76700 10 memstore(/var/lib/ceph/osd/ceph-1) _write 1.10_head #1:0997f2ca:::100000001a6.00000016:head# 0~4194304
2017-07-11 06:42:01.650511 7f6556f72700 10 memstore(/var/lib/ceph/osd/ceph-1) _setattrs 1.19_head #1:98fca353:::100000001a6.00000015:head# ~306
2017-07-11 06:42:01.650517 7f6556f72700 10 memstore(/var/lib/ceph/osd/ceph-1) _write 1.19_head #1:98fca353:::100000001a6.00000015:head# 0~4194304
2017-07-11 06:42:01.650536 7f6557f74700 10 memstore(/var/lib/ceph/osd/ceph-1) _do_transaction 0
2017-07-11 06:42:01.650540 7f6557f74700 10 memstore(/var/lib/ceph/osd/ceph-1) _touch 1.30_head #1:0c782c76:::100000001a6.00000018:head#
2017-07-11 06:42:01.651357 7f6557f74700 10 memstore(/var/lib/ceph/osd/ceph-1) _setattrs 1.30_head #1:0c782c76:::100000001a6.00000018:head# ~306
2017-07-11 06:42:01.651364 7f6557f74700 10 memstore(/var/lib/ceph/osd/ceph-1) _write 1.30_head #1:0c782c76:::100000001a6.00000018:head# 0~4194304
2017-07-11 06:42:01.657649 7f6558f76700 10 memstore(/var/lib/ceph/osd/ceph-1) _omap_setkeys 1.10_head #1:08000000::::head# ~410
2017-07-11 06:42:01.661353 7f6556771700 10 memstore(/var/lib/ceph/osd/ceph-1) _do_transaction 0
2017-07-11 06:42:01.661359 7f6556771700 10 memstore(/var/lib/ceph/osd/ceph-1) _touch 1.33_head #1:ce2ab9db:::100000001a6.0000001a:head#
2017-07-11 06:42:01.667068 7f6556771700 10 memstore(/var/lib/ceph/osd/ceph-1) _setattrs 1.33_head #1:ce2ab9db:::100000001a6.0000001a:head# ~306
2017-07-11 06:42:01.667084 7f6556771700 10 memstore(/var/lib/ceph/osd/ceph-1) _write 1.33_head #1:ce2ab9db:::100000001a6.0000001a:head# 0~4194304
2017-07-11 06:42:01.669770 7f6554f6e700 10 memstore(/var/lib/ceph/osd/ceph-1) _do_transaction 0
2017-07-11 06:42:01.669775 7f6554f6e700 10 memstore(/var/lib/ceph/osd/ceph-1) _touch 1.1d_head #1:b862990b:::100000001a6.0000001b:head#
2017-07-11 06:42:01.675126 7f6554f6e700 10 memstore(/var/lib/ceph/osd/ceph-1) _setattrs 1.1d_head #1:b862990b:::100000001a6.0000001b:head# ~306
2017-07-11 06:42:01.675136 7f6554f6e700 10 memstore(/var/lib/ceph/osd/ceph-1) _write 1.1d_head #1:b862990b:::100000001a6.0000001b:head# 0~4194304
2017-07-11 06:42:01.675400 7f6557f74700 10 memstore(/var/lib/ceph/osd/ceph-1) _omap_setkeys 1.30_head #1:0c000000::::head# ~410
2017-07-11 06:42:01.675881 7f6556771700 10 memstore(/var/lib/ceph/osd/ceph-1) _omap_setkeys 1.33_head #1:cc000000::::head# ~410
2017-07-11 06:42:01.682493 7f6554f6e700 10 memstore(/var/lib/ceph/osd/ceph-1) _omap_setkeys 1.1d_head #1:b8000000::::head# ~410
2017-07-11 06:42:01.683168 7f6557773700 10 memstore(/var/lib/ceph/osd/ceph-1) _do_transaction 0
2017-07-11 06:42:01.683172 7f6557773700 10 memstore(/var/lib/ceph/osd/ceph-1) _touch 1.13_head #1:c80fef1f:::100000001a6.0000001f:head#
2017-07-11 06:42:01.684996 7f6557773700 10 memstore(/var/lib/ceph/osd/ceph-1) _setattrs 1.13_head #1:c80fef1f:::100000001a6.0000001f:head# ~306
2017-07-11 06:42:01.685001 7f6557773700 10 memstore(/var/lib/ceph/osd/ceph-1) _write 1.13_head #1:c80fef1f:::100000001a6.0000001f:head# 0~4194304
2017-07-11 06:42:01.685159 7f6558775700 10 memstore(/var/lib/ceph/osd/ceph-1) _do_transaction 0
2017-07-11 06:42:01.685162 7f6558775700 10 memstore(/var/lib/ceph/osd/ceph-1) _touch 1.16_head #1:68097212:::100000001a6.00000021:head#
2017-07-11 06:42:01.686742 7f6558775700 10 memstore(/var/lib/ceph/osd/ceph-1) _setattrs 1.16_head #1:68097212:::100000001a6.00000021:head# ~306
2017-07-11 06:42:01.689831 7f6558775700 10 memstore(/var/lib/ceph/osd/ceph-1) _write 1.16_head #1:68097212:::100000001a6.00000021:head# 0~4194304
2017-07-11 06:42:01.690383 7f6557773700 10 memstore(/var/lib/ceph/osd/ceph-1) _omap_setkeys 1.13_head #1:c8000000::::head# ~410
2017-07-11 06:42:01.690520 7f655576f700 10 memstore(/var/lib/ceph/osd/ceph-1) _do_transaction 0
2017-07-11 06:42:01.690551 7f655576f700 10 memstore(/var/lib/ceph/osd/ceph-1) _touch 1.5d_head #1:ba259d58:::100000001a6.0000001d:head#
2017-07-11 06:42:01.692089 7f6558775700 10 memstore(/var/lib/ceph/osd/ceph-1) _omap_setkeys 1.16_head #1:68000000::::head# ~410
2017-07-11 06:42:01.692238 7f6556f72700 10 memstore(/var/lib/ceph/osd/ceph-1) _omap_setkeys 1.19_head #1:98000000::::head# ~410
2017-07-11 06:42:01.697244 7f6559777700 10 memstore(/var/lib/ceph/osd/ceph-1) _do_transaction 0
2017-07-11 06:42:01.697248 7f6559777700 10 memstore(/var/lib/ceph/osd/ceph-1) _touch 1.50_head #1:0bd7d9eb:::100000001a6.00000022:head#
2017-07-11 06:42:01.698759 7f6559777700 10 memstore(/var/lib/ceph/osd/ceph-1) _setattrs 1.50_head #1:0bd7d9eb:::100000001a6.00000022:head# ~306
2017-07-11 06:42:01.698791 7f6559777700 10 memstore(/var/lib/ceph/osd/ceph-1) _write 1.50_head #1:0bd7d9eb:::100000001a6.00000022:head# 0~2183168
2017-07-11 06:42:01.699906 7f6559777700 10 memstore(/var/lib/ceph/osd/ceph-1) _omap_setkeys 1.50_head #1:0a000000::::head# ~410
2017-07-11 06:42:01.700430 7f655576f700 10 memstore(/var/lib/ceph/osd/ceph-1) _setattrs 1.5d_head #1:ba259d58:::100000001a6.0000001d:head# ~306
2017-07-11 06:42:01.700450 7f655576f700 10 memstore(/var/lib/ceph/osd/ceph-1) _write 1.5d_head #1:ba259d58:::100000001a6.0000001d:head# 0~4194304
2017-07-11 06:42:01.702356 7f655576f700 10 memstore(/var/lib/ceph/osd/ceph-1) _omap_setkeys 1.5d_head #1:ba000000::::head# ~410
2017-07-11 06:42:06.544504 7f6554f6e700 10 memstore(/var/lib/ceph/osd/ceph-1) _do_transaction 0
2017-07-11 06:42:06.544517 7f6554f6e700 10 memstore(/var/lib/ceph/osd/ceph-1) _setattrs 2.3b_head #2:ddb4e4d7:::200.00000002:head# ~298
2017-07-11 06:42:06.544524 7f6554f6e700 10 memstore(/var/lib/ceph/osd/ceph-1) _write 2.3b_head #2:ddb4e4d7:::200.00000002:head# 1605892~3865
2017-07-11 06:42:06.544531 7f6554f6e700 10 memstore(/var/lib/ceph/osd/ceph-1) _omap_setkeys 2.3b_head #2:dc000000::::head# ~402
2017-07-11 06:42:06.545217 7f6557773700 10 memstore(/var/lib/ceph/osd/ceph-1) _do_transaction 0
2017-07-11 06:42:06.545240 7f6557773700 10 memstore(/var/lib/ceph/osd/ceph-1) _setattrs 2.3b_head #2:ddb4e4d7:::200.00000002:head# ~298
2017-07-11 06:42:06.545243 7f6557773700 10 memstore(/var/lib/ceph/osd/ceph-1) _write 2.3b_head #2:ddb4e4d7:::200.00000002:head# 1609757~1903
2017-07-11 06:42:06.545248 7f6557773700 10 memstore(/var/lib/ceph/osd/ceph-1) _omap_setkeys 2.3b_head #2:dc000000::::head# ~402
2017-07-11 06:42:07.190004 7f655376b700 10 memstore(/var/lib/ceph/osd/ceph-1) statfs
2017-07-11 06:42:07.190018 7f655376b700 10 memstore(/var/lib/ceph/osd/ceph-1) statfs: used_bytes: 211952601/4294967296
2017-07-11 06:42:08.290244 7f655376b700 10 memstore(/var/lib/ceph/osd/ceph-1) statfs
2017-07-11 06:42:08.290260 7f655376b700 10 memstore(/var/lib/ceph/osd/ceph-1) statfs: used_bytes: 211952601/4294967296
2017-07-11 06:42:11.190496 7f655376b700 10 memstore(/var/lib/ceph/osd/ceph-1) statfs
2017-07-11 06:42:11.190514 7f655376b700 10 memstore(/var/lib/ceph/osd/ceph-1) statfs: used_bytes: 211952601/4294967296
2017-07-11 06:42:11.544733 7f6554f6e700 10 memstore(/var/lib/ceph/osd/ceph-1) _do_transaction 0
2017-07-11 06:42:11.544756 7f6554f6e700 10 memstore(/var/lib/ceph/osd/ceph-1) _setattrs 2.3b_head #2:ddb4e4d7:::200.00000002:head# ~298
2017-07-11 06:42:11.544760 7f6554f6e700 10 memstore(/var/lib/ceph/osd/ceph-1) _write 2.3b_head #2:ddb4e4d7:::200.00000002:head# 1611660~8478
2017-07-11 06:42:11.544773 7f6554f6e700 10 memstore(/var/lib/ceph/osd/ceph-1) _omap_setkeys 2.3b_head #2:dc000000::::head# ~402
2017-07-11 06:42:11.545658 7f6557773700 10 memstore(/var/lib/ceph/osd/ceph-1) _do_transaction 0
2017-07-11 06:42:11.545669 7f6557773700 10 memstore(/var/lib/ceph/osd/ceph-1) _setattrs 2.3b_head #2:ddb4e4d7:::200.00000002:head# ~298
2017-07-11 06:42:11.545671 7f6557773700 10 memstore(/var/lib/ceph/osd/ceph-1) _write 2.3b_head #2:ddb4e4d7:::200.00000002:head# 1620138~1084
2017-07-11 06:42:11.545676 7f6557773700 10 memstore(/var/lib/ceph/osd/ceph-1) _omap_setkeys 2.3b_head #2:dc000000::::head# ~402
2017-07-11 06:42:12.290742 7f655376b700 10 memstore(/var/lib/ceph/osd/ceph-1) statfs
2017-07-11 06:42:12.290756 7f655376b700 10 memstore(/var/lib/ceph/osd/ceph-1) statfs: used_bytes: 211962163/4294967296
2017-07-11 06:42:13.390979 7f655376b700 10 memstore(/var/lib/ceph/osd/ceph-1) statfs
2017-07-11 06:42:13.390998 7f655376b700 10 memstore(/var/lib/ceph/osd/ceph-1) statfs: used_bytes: 211962163/4294967296
2017-07-11 06:42:16.291233 7f655376b700 10 memstore(/var/lib/ceph/osd/ceph-1) statfs
2017-07-11 06:42:16.291246 7f655376b700 10 memstore(/var/lib/ceph/osd/ceph-1) statfs: used_bytes: 211962163/4294967296
2017-07-11 06:42:16.544689 7f6554f6e700 10 memstore(/var/lib/ceph/osd/ceph-1) _do_transaction 0
2017-07-11 06:42:16.544702 7f6554f6e700 10 memstore(/var/lib/ceph/osd/ceph-1) _setattrs 2.3b_head #2:ddb4e4d7:::200.00000002:head# ~298
2017-07-11 06:42:16.544706 7f6554f6e700 10 memstore(/var/lib/ceph/osd/ceph-1) _write 2.3b_head #2:ddb4e4d7:::200.00000002:head# 1621222~1911
2017-07-11 06:42:16.544715 7f6554f6e700 10 memstore(/var/lib/ceph/osd/ceph-1) _omap_setkeys 2.3b_head #2:dc000000::::head# ~402
2017-07-11 06:42:16.544877 7f6557773700 10 memstore(/var/lib/ceph/osd/ceph-1) _do_transaction 0
2017-07-11 06:42:16.544889 7f6557773700 10 memstore(/var/lib/ceph/osd/ceph-1) _setattrs 2.3b_head #2:ddb4e4d7:::200.00000002:head# ~298
2017-07-11 06:42:16.544893 7f6557773700 10 memstore(/var/lib/ceph/osd/ceph-1) _write 2.3b_head #2:ddb4e4d7:::200.00000002:head# 1623133~1903
2017-07-11 06:42:16.544899 7f6557773700 10 memstore(/var/lib/ceph/osd/ceph-1) _omap_setkeys 2.3b_head #2:dc000000::::head# ~402
2017-07-11 06:42:16.791501 7f655376b700 10 memstore(/var/lib/ceph/osd/ceph-1) statfs
2017-07-11 06:42:16.791520 7f655376b700 10 memstore(/var/lib/ceph/osd/ceph-1) statfs: used_bytes: 211965977/4294967296
2017-07-11 06:42:21.544969 7f6554f6e700 10 memstore(/var/lib/ceph/osd/ceph-1) _do_transaction 0
2017-07-11 06:42:21.544984 7f6554f6e700 10 memstore(/var/lib/ceph/osd/ceph-1) _setattrs 2.3b_head #2:ddb4e4d7:::200.00000002:head# ~298
2017-07-11 06:42:21.544988 7f6554f6e700 10 memstore(/var/lib/ceph/osd/ceph-1) _write 2.3b_head #2:ddb4e4d7:::200.00000002:head# 1625036~8478
2017-07-11 06:42:21.544997 7f6554f6e700 10 memstore(/var/lib/ceph/osd/ceph-1) _omap_setkeys 2.3b_head #2:dc000000::::head# ~402
2017-07-11 06:42:21.545867 7f6557773700 10 memstore(/var/lib/ceph/osd/ceph-1) _do_transaction 0
2017-07-11 06:42:21.545876 7f6557773700 10 memstore(/var/lib/ceph/osd/ceph-1) _setattrs 2.3b_head #2:ddb4e4d7:::200.00000002:head# ~298
2017-07-11 06:42:21.545879 7f6557773700 10 memstore(/var/lib/ceph/osd/ceph-1) _write 2.3b_head #2:ddb4e4d7:::200.00000002:head# 1633514~1084
2017-07-11 06:42:21.545887 7f6557773700 10 memstore(/var/lib/ceph/osd/ceph-1) _omap_setkeys 2.3b_head #2:dc000000::::head# ~402
2017-07-11 06:42:21.547091 7f6559777700 10 memstore(/var/lib/ceph/osd/ceph-1) _do_transaction 0
2017-07-11 06:42:21.547101 7f6559777700 10 memstore(/var/lib/ceph/osd/ceph-1) _setattrs 2.55_head #2:aa448500:::500.00000000:head# ~298
2017-07-11 06:42:21.547104 7f6559777700 10 memstore(/var/lib/ceph/osd/ceph-1) _write 2.55_head #2:aa448500:::500.00000000:head# 0~90
2017-07-11 06:42:21.547109 7f6559777700 10 memstore(/var/lib/ceph/osd/ceph-1) _omap_setkeys 2.55_head #2:aa000000::::head# ~402
2017-07-11 06:42:22.372651 7f6554f6e700 10 memstore(/var/lib/ceph/osd/ceph-1) _do_transaction 0
2017-07-11 06:42:22.372669 7f6554f6e700 10 memstore(/var/lib/ceph/osd/ceph-1) _setattrs 2.3b_head #2:ddb4e4d7:::200.00000002:head# ~298
2017-07-11 06:42:22.372673 7f6554f6e700 10 memstore(/var/lib/ceph/osd/ceph-1) _write 2.3b_head #2:ddb4e4d7:::200.00000002:head# 1634598~4971
2017-07-11 06:42:22.372735 7f6554f6e700 10 memstore(/var/lib/ceph/osd/ceph-1) _omap_setkeys 2.3b_head #2:dc000000::::head# ~402
2017-07-11 06:42:22.412619 7f6557773700 10 memstore(/var/lib/ceph/osd/ceph-1) _do_transaction 0
2017-07-11 06:42:22.412629 7f6557773700 10 memstore(/var/lib/ceph/osd/ceph-1) _setattrs 2.3b_head #2:ddb4e4d7:::200.00000002:head# ~298
2017-07-11 06:42:22.412633 7f6557773700 10 memstore(/var/lib/ceph/osd/ceph-1) _write 2.3b_head #2:ddb4e4d7:::200.00000002:head# 1639569~1930
2017-07-11 06:42:22.412641 7f6557773700 10 memstore(/var/lib/ceph/osd/ceph-1) _omap_setkeys 2.3b_head #2:dc000000::::head# ~402
2017-07-11 06:42:22.691747 7f655376b700 10 memstore(/var/lib/ceph/osd/ceph-1) statfs
2017-07-11 06:42:22.691764 7f655376b700 10 memstore(/var/lib/ceph/osd/ceph-1) statfs: used_bytes: 211982440/4294967296
2017-07-11 06:42:22.715231 7f6557f74700 10 memstore(/var/lib/ceph/osd/ceph-1) _do_transaction 0
2017-07-11 06:42:22.715237 7f6557f74700 10 memstore(/var/lib/ceph/osd/ceph-1) _touch 1.2b_head #1:d4aa3b96:::100000001a7.00000001:head#
2017-07-11 06:42:22.715370 7f6557f74700 10 memstore(/var/lib/ceph/osd/ceph-1) _setattrs 1.2b_head #1:d4aa3b96:::100000001a7.00000001:head# ~306
2017-07-11 06:42:22.715380 7f6557f74700 10 memstore(/var/lib/ceph/osd/ceph-1) _write 1.2b_head #1:d4aa3b96:::100000001a7.00000001:head# 0~1011712
2017-07-11 06:42:22.716031 7f6557f74700 10 memstore(/var/lib/ceph/osd/ceph-1) _omap_setkeys 1.2b_head #1:d4000000::::head# ~410
2017-07-11 06:42:22.749740 7f6559777700 10 memstore(/var/lib/ceph/osd/ceph-1) _do_transaction 0
2017-07-11 06:42:22.750723 7f6559777700 10 memstore(/var/lib/ceph/osd/ceph-1) _setattrs 1.50_head #1:0bd7d9eb:::100000001a6.00000022:head# ~306
2017-07-11 06:42:22.750736 7f6559777700 10 memstore(/var/lib/ceph/osd/ceph-1) _write 1.50_head #1:0bd7d9eb:::100000001a6.00000022:head# 2183168~2011136
2017-07-11 06:42:22.751501 7f6559777700 10 memstore(/var/lib/ceph/osd/ceph-1) _omap_setkeys 1.50_head #1:0a000000::::head# ~410
2017-07-11 06:42:22.752034 7f6559777700 10 memstore(/var/lib/ceph/osd/ceph-1) _do_transaction 0
2017-07-11 06:42:22.752053 7f6559777700 10 memstore(/var/lib/ceph/osd/ceph-1) _touch 1.5_head #1:a1ce21bc:::100000001a6.00000023:head#
2017-07-11 06:42:22.753511 7f6559777700 10 memstore(/var/lib/ceph/osd/ceph-1) _setattrs 1.5_head #1:a1ce21bc:::100000001a6.00000023:head# ~306
2017-07-11 06:42:22.753532 7f6559777700 10 memstore(/var/lib/ceph/osd/ceph-1) _write 1.5_head #1:a1ce21bc:::100000001a6.00000023:head# 0~4194304
2017-07-11 06:42:22.755392 7f6559777700 10 memstore(/var/lib/ceph/osd/ceph-1) _omap_setkeys 1.5_head #1:a0000000::::head# ~410
2017-07-11 06:42:22.759423 7f6558f76700 10 memstore(/var/lib/ceph/osd/ceph-1) _do_transaction 0
2017-07-11 06:42:22.759427 7f6558f76700 10 memstore(/var/lib/ceph/osd/ceph-1) _touch 1.47_head #1:e39c2590:::100000001a6.00000024:head#
2017-07-11 06:42:22.760934 7f6558f76700 10 memstore(/var/lib/ceph/osd/ceph-1) _setattrs 1.47_head #1:e39c2590:::100000001a6.00000024:head# ~306
2017-07-11 06:42:22.760938 7f6558f76700 10 memstore(/var/lib/ceph/osd/ceph-1) _write 1.47_head #1:e39c2590:::100000001a6.00000024:head# 0~4194304
2017-07-11 06:42:22.762652 7f6558f76700 10 memstore(/var/lib/ceph/osd/ceph-1) _omap_setkeys 1.47_head #1:e2000000::::head# ~410
2017-07-11 06:42:22.766956 7f6555f70700 10 memstore(/var/lib/ceph/osd/ceph-1) _do_transaction 0
2017-07-11 06:42:22.766961 7f6555f70700 10 memstore(/var/lib/ceph/osd/ceph-1) _touch 1.11_head #1:89a5d704:::100000001a6.00000026:head#
2017-07-11 06:42:22.768490 7f6555f70700 10 memstore(/var/lib/ceph/osd/ceph-1) _setattrs 1.11_head #1:89a5d704:::100000001a6.00000026:head# ~306
2017-07-11 06:42:22.768495 7f6555f70700 10 memstore(/var/lib/ceph/osd/ceph-1) _write 1.11_head #1:89a5d704:::100000001a6.00000026:head# 0~4194304
2017-07-11 06:42:22.770119 7f6555f70700 10 memstore(/var/lib/ceph/osd/ceph-1) _omap_setkeys 1.11_head #1:88000000::::head# ~410
2017-07-11 06:42:22.773801 7f655576f700 10 memstore(/var/lib/ceph/osd/ceph-1) _do_transaction 0
2017-07-11 06:42:22.773806 7f655576f700 10 memstore(/var/lib/ceph/osd/ceph-1) _touch 1.3f_head #1:fc03a079:::100000001a6.00000027:head#
2017-07-11 06:42:22.775585 7f655576f700 10 memstore(/var/lib/ceph/osd/ceph-1) _setattrs 1.3f_head #1:fc03a079:::100000001a6.00000027:head# ~306
2017-07-11 06:42:22.775595 7f655576f700 10 memstore(/var/lib/ceph/osd/ceph-1) _write 1.3f_head #1:fc03a079:::100000001a6.00000027:head# 0~4194304
2017-07-11 06:42:22.776992 7f6558775700 10 memstore(/var/lib/ceph/osd/ceph-1) _do_transaction 0
2017-07-11 06:42:22.776996 7f6558775700 10 memstore(/var/lib/ceph/osd/ceph-1) _touch 1.c_head #1:317edaaf:::100000001a6.00000028:head#
2017-07-11 06:42:22.777854 7f655576f700 10 memstore(/var/lib/ceph/osd/ceph-1) _omap_setkeys 1.3f_head #1:fc000000::::head# ~410
2017-07-11 06:42:22.778582 7f6558775700 10 memstore(/var/lib/ceph/osd/ceph-1) _setattrs 1.c_head #1:317edaaf:::100000001a6.00000028:head# ~306
2017-07-11 06:42:22.778587 7f6558775700 10 memstore(/var/lib/ceph/osd/ceph-1) _write 1.c_head #1:317edaaf:::100000001a6.00000028:head# 0~4194304
2017-07-11 06:42:22.780413 7f6558775700 10 memstore(/var/lib/ceph/osd/ceph-1) _omap_setkeys 1.c_head #1:30000000::::head# ~410
2017-07-11 06:42:22.784001 7f6557f74700 10 memstore(/var/lib/ceph/osd/ceph-1) _do_transaction 0
2017-07-11 06:42:22.784005 7f6557f74700 10 memstore(/var/lib/ceph/osd/ceph-1) _touch 1.3_head #1:c1fb04f7:::100000001a6.0000002b:head#
2017-07-11 06:42:22.785546 7f6557f74700 10 memstore(/var/lib/ceph/osd/ceph-1) _setattrs 1.3_head #1:c1fb04f7:::100000001a6.0000002b:head# ~306
2017-07-11 06:42:22.785553 7f6557f74700 10 memstore(/var/lib/ceph/osd/ceph-1) _write 1.3_head #1:c1fb04f7:::100000001a6.0000002b:head# 0~4194304
2017-07-11 06:42:22.787191 7f6557f74700 10 memstore(/var/lib/ceph/osd/ceph-1) _omap_setkeys 1.3_head #1:c0000000::::head# ~410
2017-07-11 06:42:22.790719 7f6556f72700 10 memstore(/var/lib/ceph/osd/ceph-1) _do_transaction 0
2017-07-11 06:42:22.790724 7f6556f72700 10 memstore(/var/lib/ceph/osd/ceph-1) _touch 1.28_head #1:15cc0504:::100000001a6.0000002c:head#
2017-07-11 06:42:22.793192 7f6556f72700 10 memstore(/var/lib/ceph/osd/ceph-1) _setattrs 1.28_head #1:15cc0504:::100000001a6.0000002c:head# ~306
2017-07-11 06:42:22.793209 7f6556f72700 10 memstore(/var/lib/ceph/osd/ceph-1) _write 1.28_head #1:15cc0504:::100000001a6.0000002c:head# 0~4194304
2017-07-11 06:42:22.796016 7f6556f72700 10 memstore(/var/lib/ceph/osd/ceph-1) _omap_setkeys 1.28_head #1:14000000::::head# ~410
2017-07-11 06:42:22.796105 7f6559777700 10 memstore(/var/lib/ceph/osd/ceph-1) _do_transaction 0
2017-07-11 06:42:22.796109 7f6559777700 10 memstore(/var/lib/ceph/osd/ceph-1) _touch 1.0_head #1:01286fb5:::100000001a6.0000002e:head#
2017-07-11 06:42:22.797000 7f655576f700 10 memstore(/var/lib/ceph/osd/ceph-1) _do_transaction 0
2017-07-11 06:42:22.797006 7f655576f700 10 memstore(/var/lib/ceph/osd/ceph-1) _touch 1.2b_head #1:d56b5d56:::100000001a6.0000002d:head#
2017-07-11 06:42:22.797388 7f6559777700 10 memstore(/var/lib/ceph/osd/ceph-1) _setattrs 1.0_head #1:01286fb5:::100000001a6.0000002e:head# ~306
2017-07-11 06:42:22.797394 7f6559777700 10 memstore(/var/lib/ceph/osd/ceph-1) _write 1.0_head #1:01286fb5:::100000001a6.0000002e:head# 0~4194304
2017-07-11 06:42:22.803578 7f6554f6e700 10 memstore(/var/lib/ceph/osd/ceph-1) _do_transaction 0
2017-07-11 06:42:22.803583 7f6554f6e700 10 memstore(/var/lib/ceph/osd/ceph-1) _touch 1.63_head #1:c7270ac9:::100000001a6.00000031:head#
2017-07-11 06:42:22.805124 7f6554f6e700 10 memstore(/var/lib/ceph/osd/ceph-1) _setattrs 1.63_head #1:c7270ac9:::100000001a6.00000031:head# ~306
2017-07-11 06:42:22.805128 7f6554f6e700 10 memstore(/var/lib/ceph/osd/ceph-1) _write 1.63_head #1:c7270ac9:::100000001a6.00000031:head# 0~4194304
2017-07-11 06:42:22.808419 7f6559777700 10 memstore(/var/lib/ceph/osd/ceph-1) _omap_setkeys 1.0_head #1:00000000::::head# ~410
2017-07-11 06:42:22.808592 7f655576f700 10 memstore(/var/lib/ceph/osd/ceph-1) _setattrs 1.2b_head #1:d56b5d56:::100000001a6.0000002d:head# ~306
2017-07-11 06:42:22.808602 7f655576f700 10 memstore(/var/lib/ceph/osd/ceph-1) _write 1.2b_head #1:d56b5d56:::100000001a6.0000002d:head# 0~4194304
2017-07-11 06:42:22.809985 7f6554f6e700 10 memstore(/var/lib/ceph/osd/ceph-1) _omap_setkeys 1.63_head #1:c6000000::::head# ~410
2017-07-11 06:42:22.813891 7f655576f700 10 memstore(/var/lib/ceph/osd/ceph-1) _omap_setkeys 1.2b_head #1:d4000000::::head# ~410
2017-07-11 06:42:22.815343 7f6555f70700 10 memstore(/var/lib/ceph/osd/ceph-1) _do_transaction 0
2017-07-11 06:42:22.815347 7f6555f70700 10 memstore(/var/lib/ceph/osd/ceph-1) _touch 1.11_head #1:89ab7785:::100000001a6.00000032:head#
2017-07-11 06:42:22.817087 7f6555f70700 10 memstore(/var/lib/ceph/osd/ceph-1) _setattrs 1.11_head #1:89ab7785:::100000001a6.00000032:head# ~306
2017-07-11 06:42:22.817093 7f6555f70700 10 memstore(/var/lib/ceph/osd/ceph-1) _write 1.11_head #1:89ab7785:::100000001a6.00000032:head# 0~4194304
2017-07-11 06:42:22.818776 7f6556771700 10 memstore(/var/lib/ceph/osd/ceph-1) _do_transaction 0
2017-07-11 06:42:22.818780 7f6556771700 10 memstore(/var/lib/ceph/osd/ceph-1) _touch 1.42_head #1:43d106fd:::100000001a6.00000034:head#
2017-07-11 06:42:22.821335 7f6556771700 10 memstore(/var/lib/ceph/osd/ceph-1) _setattrs 1.42_head #1:43d106fd:::100000001a6.00000034:head# ~306
2017-07-11 06:42:22.821345 7f6556771700 10 memstore(/var/lib/ceph/osd/ceph-1) _write 1.42_head #1:43d106fd:::100000001a6.00000034:head# 0~4194304
2017-07-11 06:42:22.824954 7f6556771700 10 memstore(/var/lib/ceph/osd/ceph-1) _omap_setkeys 1.42_head #1:42000000::::head# ~410
2017-07-11 06:42:22.825314 7f6555f70700 10 memstore(/var/lib/ceph/osd/ceph-1) _omap_setkeys 1.11_head #1:88000000::::head# ~410
2017-07-11 06:42:22.831051 7f6556f72700 10 memstore(/var/lib/ceph/osd/ceph-1) _do_transaction 0
2017-07-11 06:42:22.831056 7f6556f72700 10 memstore(/var/lib/ceph/osd/ceph-1) _touch 1.14_head #1:28e3ebb0:::100000001a6.00000035:head#
2017-07-11 06:42:22.833830 7f6556f72700 10 memstore(/var/lib/ceph/osd/ceph-1) _setattrs 1.14_head #1:28e3ebb0:::100000001a6.00000035:head# ~306
2017-07-11 06:42:22.833843 7f6556f72700 10 memstore(/var/lib/ceph/osd/ceph-1) _write 1.14_head #1:28e3ebb0:::100000001a6.00000035:head# 0~4194304
2017-07-11 06:42:22.837153 7f6556f72700 10 memstore(/var/lib/ceph/osd/ceph-1) _omap_setkeys 1.14_head #1:28000000::::head# ~410
2017-07-11 06:42:22.841972 7f6558f76700 10 memstore(/var/lib/ceph/osd/ceph-1) _do_transaction 0
2017-07-11 06:42:22.841977 7f6558f76700 10 memstore(/var/lib/ceph/osd/ceph-1) _touch 1.47_head #1:e376bebf:::100000001a6.00000036:head#
2017-07-11 06:42:22.843506 7f6558f76700 10 memstore(/var/lib/ceph/osd/ceph-1) _setattrs 1.47_head #1:e376bebf:::100000001a6.00000036:head# ~306
2017-07-11 06:42:22.843512 7f6558f76700 10 memstore(/var/lib/ceph/osd/ceph-1) _write 1.47_head #1:e376bebf:::100000001a6.00000036:head# 0~4194304
2017-07-11 06:42:22.844438 7f6559777700 10 memstore(/var/lib/ceph/osd/ceph-1) _do_transaction 0
2017-07-11 06:42:22.844442 7f6559777700 10 memstore(/var/lib/ceph/osd/ceph-1) _touch 1.37_head #1:efa5fad2:::100000001a6.00000037:head#
2017-07-11 06:42:22.845753 7f6558f76700 10 memstore(/var/lib/ceph/osd/ceph-1) _omap_setkeys 1.47_head #1:e2000000::::head# ~410
2017-07-11 06:42:22.846612 7f6559777700 10 memstore(/var/lib/ceph/osd/ceph-1) _setattrs 1.37_head #1:efa5fad2:::100000001a6.00000037:head# ~306
2017-07-11 06:42:22.846620 7f6559777700 10 memstore(/var/lib/ceph/osd/ceph-1) _write 1.37_head #1:efa5fad2:::100000001a6.00000037:head# 0~4194304
2017-07-11 06:42:22.850436 7f6559777700 10 memstore(/var/lib/ceph/osd/ceph-1) _omap_setkeys 1.37_head #1:ec000000::::head# ~410
2017-07-11 06:42:22.853343 7f6558775700 10 memstore(/var/lib/ceph/osd/ceph-1) _do_transaction 0
2017-07-11 06:42:22.853347 7f6558775700 10 memstore(/var/lib/ceph/osd/ceph-1) _touch 1.25_head #1:a7afe96b:::100000001a6.00000038:head#
2017-07-11 06:42:22.854867 7f6558775700 10 memstore(/var/lib/ceph/osd/ceph-1) _setattrs 1.25_head #1:a7afe96b:::100000001a6.00000038:head# ~306
2017-07-11 06:42:22.854877 7f6558775700 10 memstore(/var/lib/ceph/osd/ceph-1) _write 1.25_head #1:a7afe96b:::100000001a6.00000038:head# 0~4194304
2017-07-11 06:42:22.856438 7f6558775700 10 memstore(/var/lib/ceph/osd/ceph-1) _omap_setkeys 1.25_head #1:a4000000::::head# ~410
2017-07-11 06:42:22.976533 7f6556f72700 10 memstore(/var/lib/ceph/osd/ceph-1) _do_transaction 0
2017-07-11 06:42:22.976555 7f6556f72700 10 memstore(/var/lib/ceph/osd/ceph-1) _setattrs 1.37_head #1:eefe3312:::100000001a3.00000000:head# ~306
2017-07-11 06:42:22.976559 7f6556f72700 10 memstore(/var/lib/ceph/osd/ceph-1) _write 1.37_head #1:eefe3312:::100000001a3.00000000:head# 4096~12288
2017-07-11 06:42:22.976568 7f6556f72700 10 memstore(/var/lib/ceph/osd/ceph-1) _omap_setkeys 1.37_head #1:ec000000::::head# ~410
2017-07-11 06:42:22.976937 7f6555f70700 10 memstore(/var/lib/ceph/osd/ceph-1) _do_transaction 0
2017-07-11 06:42:22.976958 7f6555f70700 10 memstore(/var/lib/ceph/osd/ceph-1) _setattrs 1.c_head #1:3156bbd1:::100000001a2.00000000:head# ~306
2017-07-11 06:42:22.976963 7f6555f70700 10 memstore(/var/lib/ceph/osd/ceph-1) _write 1.c_head #1:3156bbd1:::100000001a2.00000000:head# 4096~12288
2017-07-11 06:42:22.976970 7f6555f70700 10 memstore(/var/lib/ceph/osd/ceph-1) _omap_setkeys 1.c_head #1:30000000::::head# ~410
2017-07-11 06:42:22.977327 7f6557773700 10 memstore(/var/lib/ceph/osd/ceph-1) _do_transaction 0
2017-07-11 06:42:22.977343 7f6557773700 10 memstore(/var/lib/ceph/osd/ceph-1) _setattrs 1.1d_head #1:b947b1d0:::100000001a1.00000000:head# ~306
2017-07-11 06:42:22.977346 7f6557773700 10 memstore(/var/lib/ceph/osd/ceph-1) _write 1.1d_head #1:b947b1d0:::100000001a1.00000000:head# 4096~12288
2017-07-11 06:42:22.977353 7f6557773700 10 memstore(/var/lib/ceph/osd/ceph-1) _omap_setkeys 1.1d_head #1:b8000000::::head# ~410
2017-07-11 06:42:22.977733 7f6556771700 10 memstore(/var/lib/ceph/osd/ceph-1) _do_transaction 0
2017-07-11 06:42:22.977749 7f6556771700 10 memstore(/var/lib/ceph/osd/ceph-1) _setattrs 1.3d_head #1:beda2349:::100000001a0.00000000:head# ~306
2017-07-11 06:42:22.977753 7f6556771700 10 memstore(/var/lib/ceph/osd/ceph-1) _write 1.3d_head #1:beda2349:::100000001a0.00000000:head# 4096~12288
2017-07-11 06:42:22.977759 7f6556771700 10 memstore(/var/lib/ceph/osd/ceph-1) _omap_setkeys 1.3d_head #1:bc000000::::head# ~410
2017-07-11 06:42:22.978104 7f6559777700 10 memstore(/var/lib/ceph/osd/ceph-1) _do_transaction 0
2017-07-11 06:42:22.978128 7f6559777700 10 memstore(/var/lib/ceph/osd/ceph-1) _setattrs 1.28_head #1:15089297:::1000000019f.00000000:head# ~306
2017-07-11 06:42:22.978131 7f6559777700 10 memstore(/var/lib/ceph/osd/ceph-1) _write 1.28_head #1:15089297:::1000000019f.00000000:head# 4096~12288
2017-07-11 06:42:22.978138 7f6559777700 10 memstore(/var/lib/ceph/osd/ceph-1) _omap_setkeys 1.28_head #1:14000000::::head# ~410
2017-07-11 06:42:22.978545 7f6557f74700 10 memstore(/var/lib/ceph/osd/ceph-1) _do_transaction 0
2017-07-11 06:42:22.978560 7f6557f74700 10 memstore(/var/lib/ceph/osd/ceph-1) _setattrs 1.5d_head #1:ba9aa119:::1000000019d.00000000:head# ~306
2017-07-11 06:42:22.978564 7f6557f74700 10 memstore(/var/lib/ceph/osd/ceph-1) _write 1.5d_head #1:ba9aa119:::1000000019d.00000000:head# 4096~12288
2017-07-11 06:42:22.978570 7f6557f74700 10 memstore(/var/lib/ceph/osd/ceph-1) _omap_setkeys 1.5d_head #1:ba000000::::head# ~410
2017-07-11 06:42:22.980083 7f6554f6e700 10 memstore(/var/lib/ceph/osd/ceph-1) _do_transaction 0
2017-07-11 06:42:22.980091 7f6554f6e700 10 memstore(/var/lib/ceph/osd/ceph-1) _setattrs 2.3b_head #2:ddb4e4d7:::200.00000002:head# ~298
2017-07-11 06:42:22.980094 7f6554f6e700 10 memstore(/var/lib/ceph/osd/ceph-1) _write 2.3b_head #2:ddb4e4d7:::200.00000002:head# 1641499~2897
2017-07-11 06:42:22.980101 7f6554f6e700 10 memstore(/var/lib/ceph/osd/ceph-1) _omap_setkeys 2.3b_head #2:dc000000::::head# ~402
2017-07-11 06:42:22.980679 7f6556f72700 10 memstore(/var/lib/ceph/osd/ceph-1) _do_transaction 0
2017-07-11 06:42:22.980702 7f6556f72700 10 memstore(/var/lib/ceph/osd/ceph-1) _setattrs 1.1e_head #1:7894fe2e:::10000000196.00000000:head# ~306
2017-07-11 06:42:22.980711 7f6556f72700 10 memstore(/var/lib/ceph/osd/ceph-1) _write 1.1e_head #1:7894fe2e:::10000000196.00000000:head# 4096~24576
2017-07-11 06:42:22.980720 7f6556f72700 10 memstore(/var/lib/ceph/osd/ceph-1) _omap_setkeys 1.1e_head #1:78000000::::head# ~410
2017-07-11 06:42:22.981566 7f6557773700 10 memstore(/var/lib/ceph/osd/ceph-1) _do_transaction 0
2017-07-11 06:42:22.981577 7f6557773700 10 memstore(/var/lib/ceph/osd/ceph-1) _setattrs 2.3b_head #2:ddb4e4d7:::200.00000002:head# ~298
2017-07-11 06:42:22.981580 7f6557773700 10 memstore(/var/lib/ceph/osd/ceph-1) _write 2.3b_head #2:ddb4e4d7:::200.00000002:head# 1644396~4750
2017-07-11 06:42:22.981586 7f6557773700 10 memstore(/var/lib/ceph/osd/ceph-1) _omap_setkeys 2.3b_head #2:dc000000::::head# ~402
2017-07-11 06:42:22.982158 7f6558775700 10 memstore(/var/lib/ceph/osd/ceph-1) _do_transaction 0
2017-07-11 06:42:22.982162 7f6558775700 10 memstore(/var/lib/ceph/osd/ceph-1) _touch 1.2a_head #1:540014ba:::100000001af.00000000:head#
2017-07-11 06:42:22.982172 7f6558775700 10 memstore(/var/lib/ceph/osd/ceph-1) _setattrs 1.2a_head #1:540014ba:::100000001af.00000000:head# ~306
2017-07-11 06:42:22.982177 7f6558775700 10 memstore(/var/lib/ceph/osd/ceph-1) _write 1.2a_head #1:540014ba:::100000001af.00000000:head# 0~989
2017-07-11 06:42:22.982236 7f6558775700 10 memstore(/var/lib/ceph/osd/ceph-1) _omap_setkeys 1.2a_head #1:54000000::::head# ~410
2017-07-11 06:42:22.993538 7f6554f6e700 10 memstore(/var/lib/ceph/osd/ceph-1) _do_transaction 0
2017-07-11 06:42:22.993550 7f6554f6e700 10 memstore(/var/lib/ceph/osd/ceph-1) _setattrs 2.3b_head #2:ddb4e4d7:::200.00000002:head# ~298
2017-07-11 06:42:22.993553 7f6554f6e700 10 memstore(/var/lib/ceph/osd/ceph-1) _write 2.3b_head #2:ddb4e4d7:::200.00000002:head# 1649146~13070
2017-07-11 06:42:22.993561 7f6554f6e700 10 memstore(/var/lib/ceph/osd/ceph-1) _omap_setkeys 2.3b_head #2:dc000000::::head# ~402
2017-07-11 06:42:26.544969 7f6557773700 10 memstore(/var/lib/ceph/osd/ceph-1) _do_transaction 0
2017-07-11 06:42:26.544981 7f6557773700 10 memstore(/var/lib/ceph/osd/ceph-1) _setattrs 2.3b_head #2:ddb4e4d7:::200.00000002:head# ~298
2017-07-11 06:42:26.544985 7f6557773700 10 memstore(/var/lib/ceph/osd/ceph-1) _write 2.3b_head #2:ddb4e4d7:::200.00000002:head# 1662216~3167
2017-07-11 06:42:26.544993 7f6557773700 10 memstore(/var/lib/ceph/osd/ceph-1) _omap_setkeys 2.3b_head #2:dc000000::::head# ~402
2017-07-11 06:42:26.545731 7f6554f6e700 10 memstore(/var/lib/ceph/osd/ceph-1) _do_transaction 0
2017-07-11 06:42:26.545741 7f6554f6e700 10 memstore(/var/lib/ceph/osd/ceph-1) _setattrs 2.3b_head #2:ddb4e4d7:::200.00000002:head# ~298
2017-07-11 06:42:26.545745 7f6554f6e700 10 memstore(/var/lib/ceph/osd/ceph-1) _write 2.3b_head #2:ddb4e4d7:::200.00000002:head# 1665383~1903
2017-07-11 06:42:26.545751 7f6554f6e700 10 memstore(/var/lib/ceph/osd/ceph-1) _omap_setkeys 2.3b_head #2:dc000000::::head# ~402
2017-07-11 06:42:26.546921 7f6559777700 10 memstore(/var/lib/ceph/osd/ceph-1) _do_transaction 0
2017-07-11 06:42:26.546930 7f6559777700 10 memstore(/var/lib/ceph/osd/ceph-1) _setattrs 2.55_head #2:aa448500:::500.00000000:head# ~298
2017-07-11 06:42:26.546933 7f6559777700 10 memstore(/var/lib/ceph/osd/ceph-1) _write 2.55_head #2:aa448500:::500.00000000:head# 0~90
2017-07-11 06:42:26.546938 7f6559777700 10 memstore(/var/lib/ceph/osd/ceph-1) _omap_setkeys 2.55_head #2:aa000000::::head# ~402
2017-07-11 06:42:27.392024 7f655376b700 10 memstore(/var/lib/ceph/osd/ceph-1) statfs
2017-07-11 06:42:27.392043 7f655376b700 10 memstore(/var/lib/ceph/osd/ceph-1) statfs: used_bytes: 282239232/4294967296
2017-07-11 06:42:27.892264 7f655376b700 10 memstore(/var/lib/ceph/osd/ceph-1) statfs
2017-07-11 06:42:27.892281 7f655376b700 10 memstore(/var/lib/ceph/osd/ceph-1) statfs: used_bytes: 282239232/4294967296
2017-07-11 06:42:28.761406 7f6557f74700 10 memstore(/var/lib/ceph/osd/ceph-1) _do_transaction 0
2017-07-11 06:42:28.761410 7f6557f74700 10 memstore(/var/lib/ceph/osd/ceph-1) _touch 1.3f_head #1:fd449a62:::1000000019a.0000000c:head#
2017-07-11 06:42:28.761440 7f6557f74700 10 memstore(/var/lib/ceph/osd/ceph-1) _setattrs 1.3f_head #1:fd449a62:::1000000019a.0000000c:head# ~306
2017-07-11 06:42:28.761443 7f6557f74700 10 memstore(/var/lib/ceph/osd/ceph-1) _write 1.3f_head #1:fd449a62:::1000000019a.0000000c:head# 0~28672
2017-07-11 06:42:28.761495 7f6557f74700 10 memstore(/var/lib/ceph/osd/ceph-1) _omap_setkeys 1.3f_head #1:fc000000::::head# ~410
2017-07-11 06:42:28.862481 7f655576f700 10 memstore(/var/lib/ceph/osd/ceph-1) _do_transaction 0
2017-07-11 06:42:28.862532 7f655576f700 10 memstore(/var/lib/ceph/osd/ceph-1) _setattrs 1.3f_head #1:fd449a62:::1000000019a.0000000c:head# ~306
2017-07-11 06:42:28.862547 7f655576f700 10 memstore(/var/lib/ceph/osd/ceph-1) _write 1.3f_head #1:fd449a62:::1000000019a.0000000c:head# 24576~16384
2017-07-11 06:42:28.862572 7f655576f700 10 memstore(/var/lib/ceph/osd/ceph-1) _omap_setkeys 1.3f_head #1:fc000000::::head# ~410
2017-07-11 06:42:28.963155 7f6557f74700 10 memstore(/var/lib/ceph/osd/ceph-1) _do_transaction 0
2017-07-11 06:42:28.963186 7f6557f74700 10 memstore(/var/lib/ceph/osd/ceph-1) _setattrs 1.3f_head #1:fd449a62:::1000000019a.0000000c:head# ~306
2017-07-11 06:42:28.963195 7f6557f74700 10 memstore(/var/lib/ceph/osd/ceph-1) _write 1.3f_head #1:fd449a62:::1000000019a.0000000c:head# 36864~24576
2017-07-11 06:42:28.963206 7f6557f74700 10 memstore(/var/lib/ceph/osd/ceph-1) _omap_setkeys 1.3f_head #1:fc000000::::head# ~410
2017-07-11 06:42:29.063790 7f655576f700 10 memstore(/var/lib/ceph/osd/ceph-1) _do_transaction 0
2017-07-11 06:42:29.063842 7f655576f700 10 memstore(/var/lib/ceph/osd/ceph-1) _setattrs 1.3f_head #1:fd449a62:::1000000019a.0000000c:head# ~306
2017-07-11 06:42:29.063858 7f655576f700 10 memstore(/var/lib/ceph/osd/ceph-1) _write 1.3f_head #1:fd449a62:::1000000019a.0000000c:head# 61440~20480
2017-07-11 06:42:29.063936 7f655576f700 10 memstore(/var/lib/ceph/osd/ceph-1) _omap_setkeys 1.3f_head #1:fc000000::::head# ~410
2017-07-11 06:42:29.164743 7f655576f700 10 memstore(/var/lib/ceph/osd/ceph-1) _do_transaction 0
2017-07-11 06:42:29.164774 7f655576f700 10 memstore(/var/lib/ceph/osd/ceph-1) _setattrs 1.3f_head #1:fd449a62:::1000000019a.0000000c:head# ~306
2017-07-11 06:42:29.164782 7f655576f700 10 memstore(/var/lib/ceph/osd/ceph-1) _write 1.3f_head #1:fd449a62:::1000000019a.0000000c:head# 77824~20480
2017-07-11 06:42:29.164793 7f655576f700 10 memstore(/var/lib/ceph/osd/ceph-1) _omap_setkeys 1.3f_head #1:fc000000::::head# ~410
2017-07-11 06:42:29.265343 7f6557f74700 10 memstore(/var/lib/ceph/osd/ceph-1) _do_transaction 0
2017-07-11 06:42:29.265367 7f6557f74700 10 memstore(/var/lib/ceph/osd/ceph-1) _setattrs 1.3f_head #1:fd449a62:::1000000019a.0000000c:head# ~306
2017-07-11 06:42:29.265371 7f6557f74700 10 memstore(/var/lib/ceph/osd/ceph-1) _write 1.3f_head #1:fd449a62:::1000000019a.0000000c:head# 94208~24576
2017-07-11 06:42:29.265381 7f6557f74700 10 memstore(/var/lib/ceph/osd/ceph-1) _omap_setkeys 1.3f_head #1:fc000000::::head# ~410
2017-07-11 06:42:29.365957 7f655576f700 10 memstore(/var/lib/ceph/osd/ceph-1) _do_transaction 0
2017-07-11 06:42:29.365975 7f655576f700 10 memstore(/var/lib/ceph/osd/ceph-1) _setattrs 1.3f_head #1:fd449a62:::1000000019a.0000000c:head# ~306
2017-07-11 06:42:29.365979 7f655576f700 10 memstore(/var/lib/ceph/osd/ceph-1) _write 1.3f_head #1:fd449a62:::1000000019a.0000000c:head# 114688~24576
2017-07-11 06:42:29.366049 7f655576f700 10 memstore(/var/lib/ceph/osd/ceph-1) _omap_setkeys 1.3f_head #1:fc000000::::head# ~410
2017-07-11 06:42:29.466596 7f6557f74700 10 memstore(/var/lib/ceph/osd/ceph-1) _do_transaction 0
2017-07-11 06:42:29.466614 7f6557f74700 10 memstore(/var/lib/ceph/osd/ceph-1) _setattrs 1.3f_head #1:fd449a62:::1000000019a.0000000c:head# ~306
2017-07-11 06:42:29.466618 7f6557f74700 10 memstore(/var/lib/ceph/osd/ceph-1) _write 1.3f_head #1:fd449a62:::1000000019a.0000000c:head# 135168~16384
2017-07-11 06:42:29.466627 7f6557f74700 10 memstore(/var/lib/ceph/osd/ceph-1) _omap_setkeys 1.3f_head #1:fc000000::::head# ~410
2017-07-11 06:42:29.567202 7f655576f700 10 memstore(/var/lib/ceph/osd/ceph-1) _do_transaction 0
2017-07-11 06:42:29.567248 7f655576f700 10 memstore(/var/lib/ceph/osd/ceph-1) _setattrs 1.3f_head #1:fd449a62:::1000000019a.0000000c:head# ~306
2017-07-11 06:42:29.567264 7f655576f700 10 memstore(/var/lib/ceph/osd/ceph-1) _write 1.3f_head #1:fd449a62:::1000000019a.0000000c:head# 147456~20480
2017-07-11 06:42:29.567285 7f655576f700 10 memstore(/var/lib/ceph/osd/ceph-1) _omap_setkeys 1.3f_head #1:fc000000::::head# ~410
2017-07-11 06:42:29.668136 7f6557f74700 10 memstore(/var/lib/ceph/osd/ceph-1) _do_transaction 0
2017-07-11 06:42:29.668153 7f6557f74700 10 memstore(/var/lib/ceph/osd/ceph-1) _setattrs 1.3f_head #1:fd449a62:::1000000019a.0000000c:head# ~306
2017-07-11 06:42:29.668157 7f6557f74700 10 memstore(/var/lib/ceph/osd/ceph-1) _write 1.3f_head #1:fd449a62:::1000000019a.0000000c:head# 163840~24576
2017-07-11 06:42:29.668168 7f6557f74700 10 memstore(/var/lib/ceph/osd/ceph-1) _omap_setkeys 1.3f_head #1:fc000000::::head# ~410
2017-07-11 06:42:29.769107 7f655576f700 10 memstore(/var/lib/ceph/osd/ceph-1) _do_transaction 0
2017-07-11 06:42:29.769126 7f655576f700 10 memstore(/var/lib/ceph/osd/ceph-1) _setattrs 1.3f_head #1:fd449a62:::1000000019a.0000000c:head# ~306
2017-07-11 06:42:29.769131 7f655576f700 10 memstore(/var/lib/ceph/osd/ceph-1) _write 1.3f_head #1:fd449a62:::1000000019a.0000000c:head# 184320~28672
2017-07-11 06:42:29.769196 7f655576f700 10 memstore(/var/lib/ceph/osd/ceph-1) _omap_setkeys 1.3f_head #1:fc000000::::head# ~410
2017-07-11 06:42:29.870199 7f655576f700 10 memstore(/var/lib/ceph/osd/ceph-1) _do_transaction 0
2017-07-11 06:42:29.870217 7f655576f700 10 memstore(/var/lib/ceph/osd/ceph-1) _setattrs 1.3f_head #1:fd449a62:::1000000019a.0000000c:head# ~306
2017-07-11 06:42:29.870221 7f655576f700 10 memstore(/var/lib/ceph/osd/ceph-1) _write 1.3f_head #1:fd449a62:::1000000019a.0000000c:head# 208896~20480
2017-07-11 06:42:29.870232 7f655576f700 10 memstore(/var/lib/ceph/osd/ceph-1) _omap_setkeys 1.3f_head #1:fc000000::::head# ~410
2017-07-11 06:42:29.970871 7f6557f74700 10 memstore(/var/lib/ceph/osd/ceph-1) _do_transaction 0
2017-07-11 06:42:29.970889 7f6557f74700 10 memstore(/var/lib/ceph/osd/ceph-1) _setattrs 1.3f_head #1:fd449a62:::1000000019a.0000000c:head# ~306
2017-07-11 06:42:29.970893 7f6557f74700 10 memstore(/var/lib/ceph/osd/ceph-1) _write 1.3f_head #1:fd449a62:::1000000019a.0000000c:head# 225280~24576
2017-07-11 06:42:29.970905 7f6557f74700 10 memstore(/var/lib/ceph/osd/ceph-1) _omap_setkeys 1.3f_head #1:fc000000::::head# ~410
2017-07-11 06:42:30.071880 7f655576f700 10 memstore(/var/lib/ceph/osd/ceph-1) _do_transaction 0
2017-07-11 06:42:30.071939 7f655576f700 10 memstore(/var/lib/ceph/osd/ceph-1) _setattrs 1.3f_head #1:fd449a62:::1000000019a.0000000c:head# ~306
2017-07-11 06:42:30.071968 7f655576f700 10 memstore(/var/lib/ceph/osd/ceph-1) _write 1.3f_head #1:fd449a62:::1000000019a.0000000c:head# 245760~24576
2017-07-11 06:42:30.072035 7f655576f700 10 memstore(/var/lib/ceph/osd/ceph-1) _omap_setkeys 1.3f_head #1:fc000000::::head# ~410
2017-07-11 06:42:30.172645 7f6557f74700 10 memstore(/var/lib/ceph/osd/ceph-1) _do_transaction 0
2017-07-11 06:42:30.172661 7f6557f74700 10 memstore(/var/lib/ceph/osd/ceph-1) _setattrs 1.3f_head #1:fd449a62:::1000000019a.0000000c:head# ~306
2017-07-11 06:42:30.172665 7f6557f74700 10 memstore(/var/lib/ceph/osd/ceph-1) _write 1.3f_head #1:fd449a62:::1000000019a.0000000c:head# 266240~20480
2017-07-11 06:42:30.172675 7f6557f74700 10 memstore(/var/lib/ceph/osd/ceph-1) _omap_setkeys 1.3f_head #1:fc000000::::head# ~410
2017-07-11 06:42:30.273462 7f6557f74700 10 memstore(/var/lib/ceph/osd/ceph-1) _do_transaction 0
2017-07-11 06:42:30.273491 7f6557f74700 10 memstore(/var/lib/ceph/osd/ceph-1) _setattrs 1.3f_head #1:fd449a62:::1000000019a.0000000c:head# ~306
2017-07-11 06:42:30.273495 7f6557f74700 10 memstore(/var/lib/ceph/osd/ceph-1) _write 1.3f_head #1:fd449a62:::1000000019a.0000000c:head# 286720~20480
2017-07-11 06:42:30.273505 7f6557f74700 10 memstore(/var/lib/ceph/osd/ceph-1) _omap_setkeys 1.3f_head #1:fc000000::::head# ~410
2017-07-11 06:42:30.374117 7f655576f700 10 memstore(/var/lib/ceph/osd/ceph-1) _do_transaction 0
2017-07-11 06:42:30.374134 7f655576f700 10 memstore(/var/lib/ceph/osd/ceph-1) _setattrs 1.3f_head #1:fd449a62:::1000000019a.0000000c:head# ~306
2017-07-11 06:42:30.374138 7f655576f700 10 memstore(/var/lib/ceph/osd/ceph-1) _write 1.3f_head #1:fd449a62:::1000000019a.0000000c:head# 303104~20480
2017-07-11 06:42:30.374149 7f655576f700 10 memstore(/var/lib/ceph/osd/ceph-1) _omap_setkeys 1.3f_head #1:fc000000::::head# ~410
2017-07-11 06:42:30.474756 7f6557f74700 10 memstore(/var/lib/ceph/osd/ceph-1) _do_transaction 0
2017-07-11 06:42:30.474773 7f6557f74700 10 memstore(/var/lib/ceph/osd/ceph-1) _setattrs 1.3f_head #1:fd449a62:::1000000019a.0000000c:head# ~306
