2017-07-11 07:05:26.441271 7fad30271700 10 memstore(/var/lib/ceph/osd/ceph-1) _do_transaction 0
2017-07-11 07:05:26.441294 7fad30271700 10 memstore(/var/lib/ceph/osd/ceph-1) _setattrs 2.34_head #2:2e2fa760:::200.00000001:head# ~298
2017-07-11 07:05:26.441298 7fad30271700 10 memstore(/var/lib/ceph/osd/ceph-1) _write 2.34_head #2:2e2fa760:::200.00000001:head# 1507185~5199
2017-07-11 07:05:26.441361 7fad30271700 10 memstore(/var/lib/ceph/osd/ceph-1) _omap_setkeys 2.34_head #2:2c000000::::head# ~402
2017-07-11 07:05:26.444950 7fad2da6c700 10 memstore(/var/lib/ceph/osd/ceph-1) _do_transaction 0
2017-07-11 07:05:26.444962 7fad2da6c700 10 memstore(/var/lib/ceph/osd/ceph-1) _setattrs 2.34_head #2:2e2fa760:::200.00000001:head# ~298
2017-07-11 07:05:26.444965 7fad2da6c700 10 memstore(/var/lib/ceph/osd/ceph-1) _write 2.34_head #2:2e2fa760:::200.00000001:head# 1512384~6319
2017-07-11 07:05:26.444971 7fad2da6c700 10 memstore(/var/lib/ceph/osd/ceph-1) _omap_setkeys 2.34_head #2:2c000000::::head# ~402
2017-07-11 07:05:26.447236 7fad30271700 10 memstore(/var/lib/ceph/osd/ceph-1) _do_transaction 0
2017-07-11 07:05:26.447246 7fad30271700 10 memstore(/var/lib/ceph/osd/ceph-1) _setattrs 2.34_head #2:2e2fa760:::200.00000001:head# ~298
2017-07-11 07:05:26.447249 7fad30271700 10 memstore(/var/lib/ceph/osd/ceph-1) _write 2.34_head #2:2e2fa760:::200.00000001:head# 1518703~2470
2017-07-11 07:05:26.447254 7fad30271700 10 memstore(/var/lib/ceph/osd/ceph-1) _omap_setkeys 2.34_head #2:2c000000::::head# ~402
2017-07-11 07:05:27.093550 7fad2b267700 10 memstore(/var/lib/ceph/osd/ceph-1) statfs
2017-07-11 07:05:27.093564 7fad2b267700 10 memstore(/var/lib/ceph/osd/ceph-1) statfs: used_bytes: 127248640/4294967296
2017-07-11 07:05:28.841244 7fad2f26f700 10 memstore(/var/lib/ceph/osd/ceph-1) _do_transaction 0
2017-07-11 07:05:28.841248 7fad2f26f700 10 memstore(/var/lib/ceph/osd/ceph-1) _touch 1.18_head #1:19caf1c8:::10000000086.00000001:head#
2017-07-11 07:05:28.842862 7fad2f26f700 10 memstore(/var/lib/ceph/osd/ceph-1) _setattrs 1.18_head #1:19caf1c8:::10000000086.00000001:head# ~306
2017-07-11 07:05:28.842867 7fad2f26f700 10 memstore(/var/lib/ceph/osd/ceph-1) _write 1.18_head #1:19caf1c8:::10000000086.00000001:head# 0~4194304
2017-07-11 07:05:28.850820 7fad2f26f700 10 memstore(/var/lib/ceph/osd/ceph-1) _omap_setkeys 1.18_head #1:18000000::::head# ~410
2017-07-11 07:05:28.852907 7fad31273700 10 memstore(/var/lib/ceph/osd/ceph-1) _do_transaction 0
2017-07-11 07:05:28.852911 7fad31273700 10 memstore(/var/lib/ceph/osd/ceph-1) _touch 1.1e_head #1:797bd0c4:::10000000086.00000003:head#
2017-07-11 07:05:28.854669 7fad31273700 10 memstore(/var/lib/ceph/osd/ceph-1) _setattrs 1.1e_head #1:797bd0c4:::10000000086.00000003:head# ~306
2017-07-11 07:05:28.854681 7fad31273700 10 memstore(/var/lib/ceph/osd/ceph-1) _write 1.1e_head #1:797bd0c4:::10000000086.00000003:head# 0~4194304
2017-07-11 07:05:28.856945 7fad31273700 10 memstore(/var/lib/ceph/osd/ceph-1) _omap_setkeys 1.1e_head #1:78000000::::head# ~410
2017-07-11 07:05:28.862069 7fad2ea6e700 10 memstore(/var/lib/ceph/osd/ceph-1) _do_transaction 0
2017-07-11 07:05:28.862074 7fad2ea6e700 10 memstore(/var/lib/ceph/osd/ceph-1) _touch 1.28_head #1:1623f7cc:::10000000086.00000004:head#
2017-07-11 07:05:28.863646 7fad2ea6e700 10 memstore(/var/lib/ceph/osd/ceph-1) _setattrs 1.28_head #1:1623f7cc:::10000000086.00000004:head# ~306
2017-07-11 07:05:28.863656 7fad2ea6e700 10 memstore(/var/lib/ceph/osd/ceph-1) _write 1.28_head #1:1623f7cc:::10000000086.00000004:head# 0~4194304
2017-07-11 07:05:28.865543 7fad2fa70700 10 memstore(/var/lib/ceph/osd/ceph-1) _do_transaction 0
2017-07-11 07:05:28.865547 7fad2fa70700 10 memstore(/var/lib/ceph/osd/ceph-1) _touch 1.30_head #1:0fa58dcc:::10000000086.00000005:head#
2017-07-11 07:05:28.865823 7fad2ea6e700 10 memstore(/var/lib/ceph/osd/ceph-1) _omap_setkeys 1.28_head #1:14000000::::head# ~410
2017-07-11 07:05:28.867233 7fad2fa70700 10 memstore(/var/lib/ceph/osd/ceph-1) _setattrs 1.30_head #1:0fa58dcc:::10000000086.00000005:head# ~306
2017-07-11 07:05:28.867242 7fad2fa70700 10 memstore(/var/lib/ceph/osd/ceph-1) _write 1.30_head #1:0fa58dcc:::10000000086.00000005:head# 0~4194304
2017-07-11 07:05:28.869521 7fad2fa70700 10 memstore(/var/lib/ceph/osd/ceph-1) _omap_setkeys 1.30_head #1:0c000000::::head# ~410
2017-07-11 07:05:28.873868 7fad2ca6a700 10 memstore(/var/lib/ceph/osd/ceph-1) _do_transaction 0
2017-07-11 07:05:28.873873 7fad2ca6a700 10 memstore(/var/lib/ceph/osd/ceph-1) _touch 1.54_head #1:2b5e8b5b:::10000000086.00000008:head#
2017-07-11 07:05:28.875178 7fad2ca6a700 10 memstore(/var/lib/ceph/osd/ceph-1) _setattrs 1.54_head #1:2b5e8b5b:::10000000086.00000008:head# ~306
2017-07-11 07:05:28.875190 7fad2ca6a700 10 memstore(/var/lib/ceph/osd/ceph-1) _write 1.54_head #1:2b5e8b5b:::10000000086.00000008:head# 0~4194304
2017-07-11 07:05:28.877375 7fad2ca6a700 10 memstore(/var/lib/ceph/osd/ceph-1) _omap_setkeys 1.54_head #1:2a000000::::head# ~410
2017-07-11 07:05:28.881535 7fad2d26b700 10 memstore(/var/lib/ceph/osd/ceph-1) _do_transaction 0
2017-07-11 07:05:28.881540 7fad2d26b700 10 memstore(/var/lib/ceph/osd/ceph-1) _touch 1.3f_head #1:fcc9ea38:::10000000086.0000000b:head#
2017-07-11 07:05:28.883190 7fad2d26b700 10 memstore(/var/lib/ceph/osd/ceph-1) _setattrs 1.3f_head #1:fcc9ea38:::10000000086.0000000b:head# ~306
2017-07-11 07:05:28.883200 7fad2d26b700 10 memstore(/var/lib/ceph/osd/ceph-1) _write 1.3f_head #1:fcc9ea38:::10000000086.0000000b:head# 0~4194304
2017-07-11 07:05:28.885486 7fad2d26b700 10 memstore(/var/lib/ceph/osd/ceph-1) _omap_setkeys 1.3f_head #1:fc000000::::head# ~410
2017-07-11 07:05:28.890032 7fad2da6c700 10 memstore(/var/lib/ceph/osd/ceph-1) _do_transaction 0
2017-07-11 07:05:28.890039 7fad2da6c700 10 memstore(/var/lib/ceph/osd/ceph-1) _touch 1.61_head #1:86e22741:::10000000086.0000000d:head#
2017-07-11 07:05:28.891605 7fad2da6c700 10 memstore(/var/lib/ceph/osd/ceph-1) _setattrs 1.61_head #1:86e22741:::10000000086.0000000d:head# ~306
2017-07-11 07:05:28.891616 7fad2da6c700 10 memstore(/var/lib/ceph/osd/ceph-1) _write 1.61_head #1:86e22741:::10000000086.0000000d:head# 0~4194304
2017-07-11 07:05:28.893655 7fad30271700 10 memstore(/var/lib/ceph/osd/ceph-1) _do_transaction 0
2017-07-11 07:05:28.893660 7fad30271700 10 memstore(/var/lib/ceph/osd/ceph-1) _touch 1.c_head #1:30082da5:::10000000086.0000000e:head#
2017-07-11 07:05:28.893790 7fad2da6c700 10 memstore(/var/lib/ceph/osd/ceph-1) _omap_setkeys 1.61_head #1:86000000::::head# ~410
2017-07-11 07:05:28.895325 7fad30271700 10 memstore(/var/lib/ceph/osd/ceph-1) _setattrs 1.c_head #1:30082da5:::10000000086.0000000e:head# ~306
2017-07-11 07:05:28.895334 7fad30271700 10 memstore(/var/lib/ceph/osd/ceph-1) _write 1.c_head #1:30082da5:::10000000086.0000000e:head# 0~4194304
2017-07-11 07:05:28.897877 7fad30271700 10 memstore(/var/lib/ceph/osd/ceph-1) _omap_setkeys 1.c_head #1:30000000::::head# ~410
2017-07-11 07:05:28.901486 7fad2f26f700 10 memstore(/var/lib/ceph/osd/ceph-1) _do_transaction 0
2017-07-11 07:05:28.901491 7fad2f26f700 10 memstore(/var/lib/ceph/osd/ceph-1) _touch 1.63_head #1:c6d9c9f4:::10000000086.0000000f:head#
2017-07-11 07:05:28.902753 7fad2f26f700 10 memstore(/var/lib/ceph/osd/ceph-1) _setattrs 1.63_head #1:c6d9c9f4:::10000000086.0000000f:head# ~306
2017-07-11 07:05:28.902764 7fad2f26f700 10 memstore(/var/lib/ceph/osd/ceph-1) _write 1.63_head #1:c6d9c9f4:::10000000086.0000000f:head# 0~4194304
2017-07-11 07:05:28.906005 7fad2f26f700 10 memstore(/var/lib/ceph/osd/ceph-1) _omap_setkeys 1.63_head #1:c6000000::::head# ~410
2017-07-11 07:05:28.910471 7fad31273700 10 memstore(/var/lib/ceph/osd/ceph-1) _do_transaction 0
2017-07-11 07:05:28.910476 7fad31273700 10 memstore(/var/lib/ceph/osd/ceph-1) _touch 1.19_head #1:99794f80:::10000000086.00000010:head#
2017-07-11 07:05:28.912146 7fad31273700 10 memstore(/var/lib/ceph/osd/ceph-1) _setattrs 1.19_head #1:99794f80:::10000000086.00000010:head# ~306
2017-07-11 07:05:28.912158 7fad31273700 10 memstore(/var/lib/ceph/osd/ceph-1) _write 1.19_head #1:99794f80:::10000000086.00000010:head# 0~4194304
2017-07-11 07:05:28.914604 7fad31273700 10 memstore(/var/lib/ceph/osd/ceph-1) _omap_setkeys 1.19_head #1:98000000::::head# ~410
2017-07-11 07:05:28.919221 7fad2ea6e700 10 memstore(/var/lib/ceph/osd/ceph-1) _do_transaction 0
2017-07-11 07:05:28.919252 7fad2ea6e700 10 memstore(/var/lib/ceph/osd/ceph-1) _touch 1.28_head #1:154c8c93:::10000000086.00000011:head#
2017-07-11 07:05:28.920862 7fad2ea6e700 10 memstore(/var/lib/ceph/osd/ceph-1) _setattrs 1.28_head #1:154c8c93:::10000000086.00000011:head# ~306
2017-07-11 07:05:28.920891 7fad2ea6e700 10 memstore(/var/lib/ceph/osd/ceph-1) _write 1.28_head #1:154c8c93:::10000000086.00000011:head# 0~4194304
2017-07-11 07:05:28.922673 7fad31273700 10 memstore(/var/lib/ceph/osd/ceph-1) _do_transaction 0
2017-07-11 07:05:28.922677 7fad31273700 10 memstore(/var/lib/ceph/osd/ceph-1) _touch 1.55_head #1:aa6561dc:::10000000086.00000012:head#
2017-07-11 07:05:28.924299 7fad31273700 10 memstore(/var/lib/ceph/osd/ceph-1) _setattrs 1.55_head #1:aa6561dc:::10000000086.00000012:head# ~306
2017-07-11 07:05:28.924304 7fad31273700 10 memstore(/var/lib/ceph/osd/ceph-1) _write 1.55_head #1:aa6561dc:::10000000086.00000012:head# 0~4194304
2017-07-11 07:05:28.926751 7fad31273700 10 memstore(/var/lib/ceph/osd/ceph-1) _omap_setkeys 1.55_head #1:aa000000::::head# ~410
2017-07-11 07:05:28.928979 7fad2ea6e700 10 memstore(/var/lib/ceph/osd/ceph-1) _omap_setkeys 1.28_head #1:14000000::::head# ~410
2017-07-11 07:05:28.932333 7fad2e26d700 10 memstore(/var/lib/ceph/osd/ceph-1) _do_transaction 0
2017-07-11 07:05:28.932338 7fad2e26d700 10 memstore(/var/lib/ceph/osd/ceph-1) _touch 1.3d_head #1:bd11bead:::10000000086.00000013:head#
2017-07-11 07:05:28.933934 7fad2e26d700 10 memstore(/var/lib/ceph/osd/ceph-1) _setattrs 1.3d_head #1:bd11bead:::10000000086.00000013:head# ~306
2017-07-11 07:05:28.933946 7fad2e26d700 10 memstore(/var/lib/ceph/osd/ceph-1) _write 1.3d_head #1:bd11bead:::10000000086.00000013:head# 0~4194304
2017-07-11 07:05:28.936115 7fad2e26d700 10 memstore(/var/lib/ceph/osd/ceph-1) _omap_setkeys 1.3d_head #1:bc000000::::head# ~410
2017-07-11 07:05:28.940764 7fad2ca6a700 10 memstore(/var/lib/ceph/osd/ceph-1) _do_transaction 0
2017-07-11 07:05:28.940770 7fad2ca6a700 10 memstore(/var/lib/ceph/osd/ceph-1) _touch 1.3b_head #1:dd18658a:::10000000086.00000015:head#
2017-07-11 07:05:28.942433 7fad2ca6a700 10 memstore(/var/lib/ceph/osd/ceph-1) _setattrs 1.3b_head #1:dd18658a:::10000000086.00000015:head# ~306
2017-07-11 07:05:28.942444 7fad2ca6a700 10 memstore(/var/lib/ceph/osd/ceph-1) _write 1.3b_head #1:dd18658a:::10000000086.00000015:head# 0~4194304
2017-07-11 07:05:28.944701 7fad2ca6a700 10 memstore(/var/lib/ceph/osd/ceph-1) _omap_setkeys 1.3b_head #1:dc000000::::head# ~410
2017-07-11 07:05:28.948713 7fad2da6c700 10 memstore(/var/lib/ceph/osd/ceph-1) _do_transaction 0
2017-07-11 07:05:28.948718 7fad2da6c700 10 memstore(/var/lib/ceph/osd/ceph-1) _touch 1.25_head #1:a4983008:::10000000086.00000016:head#
2017-07-11 07:05:28.950287 7fad2da6c700 10 memstore(/var/lib/ceph/osd/ceph-1) _setattrs 1.25_head #1:a4983008:::10000000086.00000016:head# ~306
2017-07-11 07:05:28.950309 7fad2da6c700 10 memstore(/var/lib/ceph/osd/ceph-1) _write 1.25_head #1:a4983008:::10000000086.00000016:head# 0~4194304
2017-07-11 07:05:28.955513 7fad2da6c700 10 memstore(/var/lib/ceph/osd/ceph-1) _omap_setkeys 1.25_head #1:a4000000::::head# ~410
2017-07-11 07:05:28.956501 7fad30271700 10 memstore(/var/lib/ceph/osd/ceph-1) _do_transaction 0
2017-07-11 07:05:28.956505 7fad30271700 10 memstore(/var/lib/ceph/osd/ceph-1) _touch 1.16_head #1:68c5071e:::10000000086.00000019:head#
2017-07-11 07:05:28.958130 7fad30271700 10 memstore(/var/lib/ceph/osd/ceph-1) _setattrs 1.16_head #1:68c5071e:::10000000086.00000019:head# ~306
2017-07-11 07:05:28.958136 7fad30271700 10 memstore(/var/lib/ceph/osd/ceph-1) _write 1.16_head #1:68c5071e:::10000000086.00000019:head# 0~4194304
2017-07-11 07:05:28.964487 7fad30271700 10 memstore(/var/lib/ceph/osd/ceph-1) _omap_setkeys 1.16_head #1:68000000::::head# ~410
2017-07-11 07:05:28.968321 7fad2fa70700 10 memstore(/var/lib/ceph/osd/ceph-1) _do_transaction 0
2017-07-11 07:05:28.968337 7fad2fa70700 10 memstore(/var/lib/ceph/osd/ceph-1) _touch 1.d_head #1:b1c1b9e6:::10000000086.0000001a:head#
2017-07-11 07:05:28.969611 7fad2fa70700 10 memstore(/var/lib/ceph/osd/ceph-1) _setattrs 1.d_head #1:b1c1b9e6:::10000000086.0000001a:head# ~306
2017-07-11 07:05:28.969622 7fad2fa70700 10 memstore(/var/lib/ceph/osd/ceph-1) _write 1.d_head #1:b1c1b9e6:::10000000086.0000001a:head# 0~4194304
2017-07-11 07:05:28.971852 7fad2fa70700 10 memstore(/var/lib/ceph/osd/ceph-1) _omap_setkeys 1.d_head #1:b0000000::::head# ~410
2017-07-11 07:05:28.982683 7fad2d26b700 10 memstore(/var/lib/ceph/osd/ceph-1) _do_transaction 0
2017-07-11 07:05:28.982693 7fad2d26b700 10 memstore(/var/lib/ceph/osd/ceph-1) _touch 1.3f_head #1:fc6d3827:::10000000086.0000001c:head#
2017-07-11 07:05:28.984323 7fad2d26b700 10 memstore(/var/lib/ceph/osd/ceph-1) _setattrs 1.3f_head #1:fc6d3827:::10000000086.0000001c:head# ~306
2017-07-11 07:05:28.984334 7fad2d26b700 10 memstore(/var/lib/ceph/osd/ceph-1) _write 1.3f_head #1:fc6d3827:::10000000086.0000001c:head# 0~4194304
2017-07-11 07:05:28.986531 7fad2d26b700 10 memstore(/var/lib/ceph/osd/ceph-1) _omap_setkeys 1.3f_head #1:fc000000::::head# ~410
2017-07-11 07:05:28.996701 7fad2f26f700 10 memstore(/var/lib/ceph/osd/ceph-1) _do_transaction 0
2017-07-11 07:05:28.996706 7fad2f26f700 10 memstore(/var/lib/ceph/osd/ceph-1) _touch 1.36_head #1:6e4e379a:::10000000086.0000001f:head#
2017-07-11 07:05:28.998370 7fad2f26f700 10 memstore(/var/lib/ceph/osd/ceph-1) _setattrs 1.36_head #1:6e4e379a:::10000000086.0000001f:head# ~306
2017-07-11 07:05:28.998381 7fad2f26f700 10 memstore(/var/lib/ceph/osd/ceph-1) _write 1.36_head #1:6e4e379a:::10000000086.0000001f:head# 0~4194304
2017-07-11 07:05:29.000633 7fad2f26f700 10 memstore(/var/lib/ceph/osd/ceph-1) _omap_setkeys 1.36_head #1:6c000000::::head# ~410
2017-07-11 07:05:29.004127 7fad2da6c700 10 memstore(/var/lib/ceph/osd/ceph-1) _do_transaction 0
2017-07-11 07:05:29.004158 7fad2da6c700 10 memstore(/var/lib/ceph/osd/ceph-1) _touch 1.61_head #1:87104eb1:::10000000086.00000021:head#
2017-07-11 07:05:29.005774 7fad2da6c700 10 memstore(/var/lib/ceph/osd/ceph-1) _setattrs 1.61_head #1:87104eb1:::10000000086.00000021:head# ~306
2017-07-11 07:05:29.005796 7fad2da6c700 10 memstore(/var/lib/ceph/osd/ceph-1) _write 1.61_head #1:87104eb1:::10000000086.00000021:head# 0~4194304
2017-07-11 07:05:29.007426 7fad2da6c700 10 memstore(/var/lib/ceph/osd/ceph-1) _omap_setkeys 1.61_head #1:86000000::::head# ~410
2017-07-11 07:05:30.079657 7fad30271700 10 memstore(/var/lib/ceph/osd/ceph-1) _do_transaction 0
2017-07-11 07:05:30.079672 7fad30271700 10 memstore(/var/lib/ceph/osd/ceph-1) _setattrs 2.34_head #2:2e2fa760:::200.00000001:head# ~298
2017-07-11 07:05:30.079676 7fad30271700 10 memstore(/var/lib/ceph/osd/ceph-1) _write 2.34_head #2:2e2fa760:::200.00000001:head# 1521173~22527
2017-07-11 07:05:30.079687 7fad30271700 10 memstore(/var/lib/ceph/osd/ceph-1) _omap_setkeys 2.34_head #2:2c000000::::head# ~402
2017-07-11 07:05:30.080971 7fad2da6c700 10 memstore(/var/lib/ceph/osd/ceph-1) _do_transaction 0
2017-07-11 07:05:30.080994 7fad2da6c700 10 memstore(/var/lib/ceph/osd/ceph-1) _setattrs 2.34_head #2:2e2fa760:::200.00000001:head# ~298
2017-07-11 07:05:30.081007 7fad2da6c700 10 memstore(/var/lib/ceph/osd/ceph-1) _write 2.34_head #2:2e2fa760:::200.00000001:head# 1543700~1084
2017-07-11 07:05:30.081020 7fad2da6c700 10 memstore(/var/lib/ceph/osd/ceph-1) _omap_setkeys 2.34_head #2:2c000000::::head# ~402
2017-07-11 07:05:30.593796 7fad2b267700 10 memstore(/var/lib/ceph/osd/ceph-1) statfs
2017-07-11 07:05:30.593811 7fad2b267700 10 memstore(/var/lib/ceph/osd/ceph-1) statfs: used_bytes: 211158331/4294967296
2017-07-11 07:05:31.094035 7fad2b267700 10 memstore(/var/lib/ceph/osd/ceph-1) statfs
2017-07-11 07:05:31.094050 7fad2b267700 10 memstore(/var/lib/ceph/osd/ceph-1) statfs: used_bytes: 211158331/4294967296
2017-07-11 07:05:32.794302 7fad2b267700 10 memstore(/var/lib/ceph/osd/ceph-1) statfs
2017-07-11 07:05:32.794321 7fad2b267700 10 memstore(/var/lib/ceph/osd/ceph-1) statfs: used_bytes: 211158331/4294967296
2017-07-11 07:05:35.079536 7fad30271700 10 memstore(/var/lib/ceph/osd/ceph-1) _do_transaction 0
2017-07-11 07:05:35.079547 7fad30271700 10 memstore(/var/lib/ceph/osd/ceph-1) _setattrs 2.34_head #2:2e2fa760:::200.00000001:head# ~298
2017-07-11 07:05:35.079551 7fad30271700 10 memstore(/var/lib/ceph/osd/ceph-1) _write 2.34_head #2:2e2fa760:::200.00000001:head# 1544784~1903
2017-07-11 07:05:35.079561 7fad30271700 10 memstore(/var/lib/ceph/osd/ceph-1) _omap_setkeys 2.34_head #2:2c000000::::head# ~402
2017-07-11 07:05:36.894546 7fad2b267700 10 memstore(/var/lib/ceph/osd/ceph-1) statfs
2017-07-11 07:05:36.894564 7fad2b267700 10 memstore(/var/lib/ceph/osd/ceph-1) statfs: used_bytes: 211160234/4294967296
2017-07-11 07:05:37.394802 7fad2b267700 10 memstore(/var/lib/ceph/osd/ceph-1) statfs
2017-07-11 07:05:37.394820 7fad2b267700 10 memstore(/var/lib/ceph/osd/ceph-1) statfs: used_bytes: 211160234/4294967296
2017-07-11 07:05:40.079773 7fad2da6c700 10 memstore(/var/lib/ceph/osd/ceph-1) _do_transaction 0
2017-07-11 07:05:40.079787 7fad2da6c700 10 memstore(/var/lib/ceph/osd/ceph-1) _setattrs 2.34_head #2:2e2fa760:::200.00000001:head# ~298
2017-07-11 07:05:40.079791 7fad2da6c700 10 memstore(/var/lib/ceph/osd/ceph-1) _write 2.34_head #2:2e2fa760:::200.00000001:head# 1546687~8478
2017-07-11 07:05:40.079799 7fad2da6c700 10 memstore(/var/lib/ceph/osd/ceph-1) _omap_setkeys 2.34_head #2:2c000000::::head# ~402
2017-07-11 07:05:43.120662 7fad2da6c700 10 memstore(/var/lib/ceph/osd/ceph-1) _do_transaction 0
2017-07-11 07:05:43.120706 7fad2da6c700 10 memstore(/var/lib/ceph/osd/ceph-1) _setattrs 2.34_head #2:2e2fa760:::200.00000001:head# ~298
2017-07-11 07:05:43.120720 7fad2da6c700 10 memstore(/var/lib/ceph/osd/ceph-1) _write 2.34_head #2:2e2fa760:::200.00000001:head# 1555165~2460
2017-07-11 07:05:43.120744 7fad2da6c700 10 memstore(/var/lib/ceph/osd/ceph-1) _omap_setkeys 2.34_head #2:2c000000::::head# ~402
2017-07-11 07:05:43.295058 7fad2b267700 10 memstore(/var/lib/ceph/osd/ceph-1) statfs
2017-07-11 07:05:43.295078 7fad2b267700 10 memstore(/var/lib/ceph/osd/ceph-1) statfs: used_bytes: 211171172/4294967296
2017-07-11 07:05:43.412643 7fad2fa70700 10 memstore(/var/lib/ceph/osd/ceph-1) _do_transaction 0
2017-07-11 07:05:43.412647 7fad2fa70700 10 memstore(/var/lib/ceph/osd/ceph-1) _touch 1.30_head #1:0ff8e9ff:::10000000087.00000001:head#
2017-07-11 07:05:43.412746 7fad2fa70700 10 memstore(/var/lib/ceph/osd/ceph-1) _setattrs 1.30_head #1:0ff8e9ff:::10000000087.00000001:head# ~306
2017-07-11 07:05:43.412750 7fad2fa70700 10 memstore(/var/lib/ceph/osd/ceph-1) _write 1.30_head #1:0ff8e9ff:::10000000087.00000001:head# 0~962560
2017-07-11 07:05:43.413170 7fad2fa70700 10 memstore(/var/lib/ceph/osd/ceph-1) _omap_setkeys 1.30_head #1:0c000000::::head# ~410
2017-07-11 07:05:43.449222 7fad2ca6a700 10 memstore(/var/lib/ceph/osd/ceph-1) _do_transaction 0
2017-07-11 07:05:43.449237 7fad2ca6a700 10 memstore(/var/lib/ceph/osd/ceph-1) _touch 1.3b_head #1:de55a022:::10000000086.00000023:head#
2017-07-11 07:05:43.450732 7fad2ca6a700 10 memstore(/var/lib/ceph/osd/ceph-1) _setattrs 1.3b_head #1:de55a022:::10000000086.00000023:head# ~306
2017-07-11 07:05:43.450742 7fad2ca6a700 10 memstore(/var/lib/ceph/osd/ceph-1) _write 1.3b_head #1:de55a022:::10000000086.00000023:head# 0~4194304
2017-07-11 07:05:43.452464 7fad2ca6a700 10 memstore(/var/lib/ceph/osd/ceph-1) _omap_setkeys 1.3b_head #1:dc000000::::head# ~410
2017-07-11 07:05:43.456506 7fad2f26f700 10 memstore(/var/lib/ceph/osd/ceph-1) _do_transaction 0
2017-07-11 07:05:43.456510 7fad2f26f700 10 memstore(/var/lib/ceph/osd/ceph-1) _touch 1.36_head #1:6d5841a3:::10000000086.00000024:head#
2017-07-11 07:05:43.457999 7fad2f26f700 10 memstore(/var/lib/ceph/osd/ceph-1) _setattrs 1.36_head #1:6d5841a3:::10000000086.00000024:head# ~306
2017-07-11 07:05:43.458008 7fad2f26f700 10 memstore(/var/lib/ceph/osd/ceph-1) _write 1.36_head #1:6d5841a3:::10000000086.00000024:head# 0~4194304
2017-07-11 07:05:43.459661 7fad2f26f700 10 memstore(/var/lib/ceph/osd/ceph-1) _omap_setkeys 1.36_head #1:6c000000::::head# ~410
2017-07-11 07:05:43.464642 7fad30271700 10 memstore(/var/lib/ceph/osd/ceph-1) _do_transaction 0
2017-07-11 07:05:43.464646 7fad30271700 10 memstore(/var/lib/ceph/osd/ceph-1) _touch 1.2a_head #1:54edb866:::10000000086.00000025:head#
2017-07-11 07:05:43.466169 7fad30271700 10 memstore(/var/lib/ceph/osd/ceph-1) _setattrs 1.2a_head #1:54edb866:::10000000086.00000025:head# ~306
2017-07-11 07:05:43.466179 7fad30271700 10 memstore(/var/lib/ceph/osd/ceph-1) _write 1.2a_head #1:54edb866:::10000000086.00000025:head# 0~4194304
2017-07-11 07:05:43.468222 7fad30271700 10 memstore(/var/lib/ceph/osd/ceph-1) _omap_setkeys 1.2a_head #1:54000000::::head# ~410
2017-07-11 07:05:43.472175 7fad2d26b700 10 memstore(/var/lib/ceph/osd/ceph-1) _do_transaction 0
2017-07-11 07:05:43.472179 7fad2d26b700 10 memstore(/var/lib/ceph/osd/ceph-1) _touch 1.3_head #1:c0fce495:::10000000086.00000027:head#
2017-07-11 07:05:43.474015 7fad2d26b700 10 memstore(/var/lib/ceph/osd/ceph-1) _setattrs 1.3_head #1:c0fce495:::10000000086.00000027:head# ~306
2017-07-11 07:05:43.474026 7fad2d26b700 10 memstore(/var/lib/ceph/osd/ceph-1) _write 1.3_head #1:c0fce495:::10000000086.00000027:head# 0~4194304
2017-07-11 07:05:43.475185 7fad2fa70700 10 memstore(/var/lib/ceph/osd/ceph-1) _do_transaction 0
2017-07-11 07:05:43.475194 7fad2fa70700 10 memstore(/var/lib/ceph/osd/ceph-1) _touch 1.2b_head #1:d491701f:::10000000086.00000028:head#
2017-07-11 07:05:43.477113 7fad2fa70700 10 memstore(/var/lib/ceph/osd/ceph-1) _setattrs 1.2b_head #1:d491701f:::10000000086.00000028:head# ~306
2017-07-11 07:05:43.477142 7fad2fa70700 10 memstore(/var/lib/ceph/osd/ceph-1) _write 1.2b_head #1:d491701f:::10000000086.00000028:head# 0~4194304
2017-07-11 07:05:43.478217 7fad30a72700 10 memstore(/var/lib/ceph/osd/ceph-1) _do_transaction 0
2017-07-11 07:05:43.478221 7fad30a72700 10 memstore(/var/lib/ceph/osd/ceph-1) _touch 1.3d_head #1:be8fae3d:::10000000086.0000002d:head#
2017-07-11 07:05:43.481136 7fad30a72700 10 memstore(/var/lib/ceph/osd/ceph-1) _setattrs 1.3d_head #1:be8fae3d:::10000000086.0000002d:head# ~306
2017-07-11 07:05:43.481155 7fad30a72700 10 memstore(/var/lib/ceph/osd/ceph-1) _write 1.3d_head #1:be8fae3d:::10000000086.0000002d:head# 0~4194304
2017-07-11 07:05:43.484164 7fad30a72700 10 memstore(/var/lib/ceph/osd/ceph-1) _omap_setkeys 1.3d_head #1:bc000000::::head# ~410
2017-07-11 07:05:43.485106 7fad2d26b700 10 memstore(/var/lib/ceph/osd/ceph-1) _omap_setkeys 1.3_head #1:c0000000::::head# ~410
2017-07-11 07:05:43.487573 7fad2da6c700 10 memstore(/var/lib/ceph/osd/ceph-1) _do_transaction 0
2017-07-11 07:05:43.487619 7fad2da6c700 10 memstore(/var/lib/ceph/osd/ceph-1) _touch 1.2a_head #1:557f5d9b:::10000000086.00000030:head#
2017-07-11 07:05:43.489046 7fad30271700 10 memstore(/var/lib/ceph/osd/ceph-1) _do_transaction 0
2017-07-11 07:05:43.489050 7fad30271700 10 memstore(/var/lib/ceph/osd/ceph-1) _touch 1.16_head #1:69a67990:::10000000086.00000033:head#
2017-07-11 07:05:43.492161 7fad2fa70700 10 memstore(/var/lib/ceph/osd/ceph-1) _omap_setkeys 1.2b_head #1:d4000000::::head# ~410
2017-07-11 07:05:43.492722 7fad2da6c700 10 memstore(/var/lib/ceph/osd/ceph-1) _setattrs 1.2a_head #1:557f5d9b:::10000000086.00000030:head# ~306
2017-07-11 07:05:43.492758 7fad2da6c700 10 memstore(/var/lib/ceph/osd/ceph-1) _write 1.2a_head #1:557f5d9b:::10000000086.00000030:head# 0~4194304
2017-07-11 07:05:43.492892 7fad30271700 10 memstore(/var/lib/ceph/osd/ceph-1) _setattrs 1.16_head #1:69a67990:::10000000086.00000033:head# ~306
2017-07-11 07:05:43.492898 7fad30271700 10 memstore(/var/lib/ceph/osd/ceph-1) _write 1.16_head #1:69a67990:::10000000086.00000033:head# 0~4194304
2017-07-11 07:05:43.496962 7fad2ca6a700 10 memstore(/var/lib/ceph/osd/ceph-1) _do_transaction 0
2017-07-11 07:05:43.496970 7fad2ca6a700 10 memstore(/var/lib/ceph/osd/ceph-1) _touch 1.36_head #1:6d6d03b8:::10000000086.00000035:head#
2017-07-11 07:05:43.497794 7fad30271700 10 memstore(/var/lib/ceph/osd/ceph-1) _omap_setkeys 1.16_head #1:68000000::::head# ~410
2017-07-11 07:05:43.498549 7fad2ca6a700 10 memstore(/var/lib/ceph/osd/ceph-1) _setattrs 1.36_head #1:6d6d03b8:::10000000086.00000035:head# ~306
2017-07-11 07:05:43.498561 7fad2ca6a700 10 memstore(/var/lib/ceph/osd/ceph-1) _write 1.36_head #1:6d6d03b8:::10000000086.00000035:head# 0~4194304
2017-07-11 07:05:43.503326 7fad2ca6a700 10 memstore(/var/lib/ceph/osd/ceph-1) _omap_setkeys 1.36_head #1:6c000000::::head# ~410
2017-07-11 07:05:43.505649 7fad2da6c700 10 memstore(/var/lib/ceph/osd/ceph-1) _omap_setkeys 1.2a_head #1:54000000::::head# ~410
2017-07-11 07:05:43.507439 7fad2d26b700 10 memstore(/var/lib/ceph/osd/ceph-1) _do_transaction 0
2017-07-11 07:05:43.507444 7fad2d26b700 10 memstore(/var/lib/ceph/osd/ceph-1) _touch 1.44_head #1:22853878:::10000000086.00000039:head#
2017-07-11 07:05:43.508457 7fad30271700 10 memstore(/var/lib/ceph/osd/ceph-1) _do_transaction 0
2017-07-11 07:05:43.508481 7fad30271700 10 memstore(/var/lib/ceph/osd/ceph-1) _touch 1.c_head #1:30bbdb32:::10000000086.00000037:head#
2017-07-11 07:05:43.508316 7fad2d26b700 10 memstore(/var/lib/ceph/osd/ceph-1) _setattrs 1.44_head #1:22853878:::10000000086.00000039:head# ~306
2017-07-11 07:05:43.508649 7fad2d26b700 10 memstore(/var/lib/ceph/osd/ceph-1) _write 1.44_head #1:22853878:::10000000086.00000039:head# 0~1445888
2017-07-11 07:05:43.509646 7fad2d26b700 10 memstore(/var/lib/ceph/osd/ceph-1) _omap_setkeys 1.44_head #1:22000000::::head# ~410
2017-07-11 07:05:43.511587 7fad30271700 10 memstore(/var/lib/ceph/osd/ceph-1) _setattrs 1.c_head #1:30bbdb32:::10000000086.00000037:head# ~306
2017-07-11 07:05:43.511596 7fad30271700 10 memstore(/var/lib/ceph/osd/ceph-1) _write 1.c_head #1:30bbdb32:::10000000086.00000037:head# 0~4194304
2017-07-11 07:05:43.513129 7fad30271700 10 memstore(/var/lib/ceph/osd/ceph-1) _omap_setkeys 1.c_head #1:30000000::::head# ~410
2017-07-11 07:05:43.864691 7fad2da6c700 10 memstore(/var/lib/ceph/osd/ceph-1) _do_transaction 0
2017-07-11 07:05:43.864741 7fad2da6c700 10 memstore(/var/lib/ceph/osd/ceph-1) _setattrs 1.43_head #1:c27cb132:::10000000081.00000000:head# ~306
2017-07-11 07:05:43.864757 7fad2da6c700 10 memstore(/var/lib/ceph/osd/ceph-1) _write 1.43_head #1:c27cb132:::10000000081.00000000:head# 4096~12288
2017-07-11 07:05:43.864774 7fad2da6c700 10 memstore(/var/lib/ceph/osd/ceph-1) _omap_setkeys 1.43_head #1:c2000000::::head# ~410
2017-07-11 07:05:43.865180 7fad2fa70700 10 memstore(/var/lib/ceph/osd/ceph-1) _do_transaction 0
2017-07-11 07:05:43.865201 7fad2fa70700 10 memstore(/var/lib/ceph/osd/ceph-1) _setattrs 1.30_head #1:0f444cf3:::10000000080.00000000:head# ~306
2017-07-11 07:05:43.865209 7fad2fa70700 10 memstore(/var/lib/ceph/osd/ceph-1) _write 1.30_head #1:0f444cf3:::10000000080.00000000:head# 4096~12288
2017-07-11 07:05:43.865216 7fad2fa70700 10 memstore(/var/lib/ceph/osd/ceph-1) _omap_setkeys 1.30_head #1:0c000000::::head# ~410
2017-07-11 07:05:43.865623 7fad2d26b700 10 memstore(/var/lib/ceph/osd/ceph-1) _do_transaction 0
2017-07-11 07:05:43.865637 7fad2d26b700 10 memstore(/var/lib/ceph/osd/ceph-1) _setattrs 1.30_head #1:0ffe11ed:::1000000007f.00000000:head# ~306
2017-07-11 07:05:43.865647 7fad2d26b700 10 memstore(/var/lib/ceph/osd/ceph-1) _write 1.30_head #1:0ffe11ed:::1000000007f.00000000:head# 4096~12288
2017-07-11 07:05:43.865654 7fad2d26b700 10 memstore(/var/lib/ceph/osd/ceph-1) _omap_setkeys 1.30_head #1:0c000000::::head# ~410
2017-07-11 07:05:43.867891 7fad30271700 10 memstore(/var/lib/ceph/osd/ceph-1) _do_transaction 0
2017-07-11 07:05:43.867910 7fad30271700 10 memstore(/var/lib/ceph/osd/ceph-1) _setattrs 2.34_head #2:2e2fa760:::200.00000001:head# ~298
2017-07-11 07:05:43.867918 7fad30271700 10 memstore(/var/lib/ceph/osd/ceph-1) _write 2.34_head #2:2e2fa760:::200.00000001:head# 1557625~2897
2017-07-11 07:05:43.867924 7fad30271700 10 memstore(/var/lib/ceph/osd/ceph-1) _omap_setkeys 2.34_head #2:2c000000::::head# ~402
2017-07-11 07:05:43.869893 7fad2f26f700 10 memstore(/var/lib/ceph/osd/ceph-1) _do_transaction 0
2017-07-11 07:05:43.869897 7fad2f26f700 10 memstore(/var/lib/ceph/osd/ceph-1) _touch 1.36_head #1:6cf8d55a:::1000000008e.00000000:head#
2017-07-11 07:05:43.869908 7fad2f26f700 10 memstore(/var/lib/ceph/osd/ceph-1) _setattrs 1.36_head #1:6cf8d55a:::1000000008e.00000000:head# ~306
2017-07-11 07:05:43.869911 7fad2f26f700 10 memstore(/var/lib/ceph/osd/ceph-1) _write 1.36_head #1:6cf8d55a:::1000000008e.00000000:head# 0~989
2017-07-11 07:05:43.869968 7fad2f26f700 10 memstore(/var/lib/ceph/osd/ceph-1) _omap_setkeys 1.36_head #1:6c000000::::head# ~410
2017-07-11 07:05:43.883146 7fad2da6c700 10 memstore(/var/lib/ceph/osd/ceph-1) _do_transaction 0
2017-07-11 07:05:43.883167 7fad2da6c700 10 memstore(/var/lib/ceph/osd/ceph-1) _setattrs 2.34_head #2:2e2fa760:::200.00000001:head# ~298
2017-07-11 07:05:43.883171 7fad2da6c700 10 memstore(/var/lib/ceph/osd/ceph-1) _write 2.34_head #2:2e2fa760:::200.00000001:head# 1560522~12160
2017-07-11 07:05:43.883180 7fad2da6c700 10 memstore(/var/lib/ceph/osd/ceph-1) _omap_setkeys 2.34_head #2:2c000000::::head# ~402
2017-07-11 07:05:45.079716 7fad30271700 10 memstore(/var/lib/ceph/osd/ceph-1) _do_transaction 0
2017-07-11 07:05:45.079730 7fad30271700 10 memstore(/var/lib/ceph/osd/ceph-1) _setattrs 2.34_head #2:2e2fa760:::200.00000001:head# ~298
2017-07-11 07:05:45.079734 7fad30271700 10 memstore(/var/lib/ceph/osd/ceph-1) _write 2.34_head #2:2e2fa760:::200.00000001:head# 1572682~3167
2017-07-11 07:05:45.079799 7fad30271700 10 memstore(/var/lib/ceph/osd/ceph-1) _omap_setkeys 2.34_head #2:2c000000::::head# ~402
2017-07-11 07:05:45.080741 7fad2da6c700 10 memstore(/var/lib/ceph/osd/ceph-1) _do_transaction 0
2017-07-11 07:05:45.080749 7fad2da6c700 10 memstore(/var/lib/ceph/osd/ceph-1) _setattrs 2.34_head #2:2e2fa760:::200.00000001:head# ~298
2017-07-11 07:05:45.080752 7fad2da6c700 10 memstore(/var/lib/ceph/osd/ceph-1) _write 2.34_head #2:2e2fa760:::200.00000001:head# 1575849~2502
2017-07-11 07:05:45.080757 7fad2da6c700 10 memstore(/var/lib/ceph/osd/ceph-1) _omap_setkeys 2.34_head #2:2c000000::::head# ~402
2017-07-11 07:05:45.081029 7fad31273700 10 memstore(/var/lib/ceph/osd/ceph-1) _do_transaction 0
2017-07-11 07:05:45.081038 7fad31273700 10 memstore(/var/lib/ceph/osd/ceph-1) _setattrs 2.55_head #2:aa448500:::500.00000000:head# ~298
2017-07-11 07:05:45.081041 7fad31273700 10 memstore(/var/lib/ceph/osd/ceph-1) _write 2.55_head #2:aa448500:::500.00000000:head# 0~90
2017-07-11 07:05:45.081045 7fad31273700 10 memstore(/var/lib/ceph/osd/ceph-1) _omap_setkeys 2.55_head #2:aa000000::::head# ~402
2017-07-11 07:05:46.195236 7fad2b267700 10 memstore(/var/lib/ceph/osd/ceph-1) statfs
2017-07-11 07:05:46.195255 7fad2b267700 10 memstore(/var/lib/ceph/osd/ceph-1) statfs: used_bytes: 255581239/4294967296
2017-07-11 07:05:50.080116 7fad30271700 10 memstore(/var/lib/ceph/osd/ceph-1) _do_transaction 0
2017-07-11 07:05:50.080130 7fad30271700 10 memstore(/var/lib/ceph/osd/ceph-1) _setattrs 2.34_head #2:2e2fa760:::200.00000001:head# ~298
2017-07-11 07:05:50.080134 7fad30271700 10 memstore(/var/lib/ceph/osd/ceph-1) _write 2.34_head #2:2e2fa760:::200.00000001:head# 1578351~10402
2017-07-11 07:05:50.080143 7fad30271700 10 memstore(/var/lib/ceph/osd/ceph-1) _omap_setkeys 2.34_head #2:2c000000::::head# ~402
2017-07-11 07:05:50.081029 7fad2da6c700 10 memstore(/var/lib/ceph/osd/ceph-1) _do_transaction 0
2017-07-11 07:05:50.081036 7fad2da6c700 10 memstore(/var/lib/ceph/osd/ceph-1) _setattrs 2.34_head #2:2e2fa760:::200.00000001:head# ~298
2017-07-11 07:05:50.081039 7fad2da6c700 10 memstore(/var/lib/ceph/osd/ceph-1) _write 2.34_head #2:2e2fa760:::200.00000001:head# 1588753~2881
2017-07-11 07:05:50.081044 7fad2da6c700 10 memstore(/var/lib/ceph/osd/ceph-1) _omap_setkeys 2.34_head #2:2c000000::::head# ~402
2017-07-11 07:05:50.081141 7fad2da6c700 10 memstore(/var/lib/ceph/osd/ceph-1) _do_transaction 0
2017-07-11 07:05:50.081148 7fad2da6c700 10 memstore(/var/lib/ceph/osd/ceph-1) _setattrs 2.34_head #2:2e2fa760:::200.00000001:head# ~298
2017-07-11 07:05:50.081153 7fad2da6c700 10 memstore(/var/lib/ceph/osd/ceph-1) _write 2.34_head #2:2e2fa760:::200.00000001:head# 1591634~1084
2017-07-11 07:05:50.081157 7fad2da6c700 10 memstore(/var/lib/ceph/osd/ceph-1) _omap_setkeys 2.34_head #2:2c000000::::head# ~402
2017-07-11 07:05:50.081423 7fad2fa70700 10 memstore(/var/lib/ceph/osd/ceph-1) _do_transaction 0
2017-07-11 07:05:50.081428 7fad2fa70700 10 memstore(/var/lib/ceph/osd/ceph-1) _remove 1.5d_head #1:bab01cd9:::10000000077.00000000:head#
2017-07-11 07:05:50.081437 7fad2fa70700 10 memstore(/var/lib/ceph/osd/ceph-1) _omap_setkeys 1.5d_head #1:ba000000::::head# ~410
2017-07-11 07:05:50.081675 7fad2e26d700 10 memstore(/var/lib/ceph/osd/ceph-1) _do_transaction 0
2017-07-11 07:05:50.081679 7fad2e26d700 10 memstore(/var/lib/ceph/osd/ceph-1) _remove 1.38_head #1:1da7f472:::10000000078.00000000:head#
2017-07-11 07:05:50.082078 7fad2e26d700 10 memstore(/var/lib/ceph/osd/ceph-1) _omap_setkeys 1.38_head #1:1c000000::::head# ~410
2017-07-11 07:05:50.082272 7fad2da6c700 10 memstore(/var/lib/ceph/osd/ceph-1) _do_transaction 0
2017-07-11 07:05:50.082276 7fad2da6c700 10 memstore(/var/lib/ceph/osd/ceph-1) _remove 1.61_head #1:86a8ddda:::10000000078.00000001:head#
2017-07-11 07:05:50.082389 7fad31273700 10 memstore(/var/lib/ceph/osd/ceph-1) _do_transaction 0
2017-07-11 07:05:50.082392 7fad31273700 10 memstore(/var/lib/ceph/osd/ceph-1) _remove 1.0_head #1:01fb18ba:::10000000078.00000005:head#
2017-07-11 07:05:50.082570 7fad2d26b700 10 memstore(/var/lib/ceph/osd/ceph-1) _do_transaction 0
2017-07-11 07:05:50.082573 7fad2d26b700 10 memstore(/var/lib/ceph/osd/ceph-1) _remove 1.5d_head #1:bb142d16:::1000000007c.00000000:head#
2017-07-11 07:05:50.082758 7fad2ca6a700 10 memstore(/var/lib/ceph/osd/ceph-1) _do_transaction 0
2017-07-11 07:05:50.082762 7fad2ca6a700 10 memstore(/var/lib/ceph/osd/ceph-1) _remove 1.36_head #1:6eee2b83:::1000000007c.00000003:head#
2017-07-11 07:05:50.083196 7fad2d26b700 10 memstore(/var/lib/ceph/osd/ceph-1) _omap_setkeys 1.5d_head #1:ba000000::::head# ~410
2017-07-11 07:05:50.083308 7fad2f26f700 10 memstore(/var/lib/ceph/osd/ceph-1) _do_transaction 0
2017-07-11 07:05:50.083311 7fad2f26f700 10 memstore(/var/lib/ceph/osd/ceph-1) _remove 1.13_head #1:c8c07fb6:::1000000007c.00000007:head#
2017-07-11 07:05:50.083747 7fad2f26f700 10 memstore(/var/lib/ceph/osd/ceph-1) _omap_setkeys 1.13_head #1:c8000000::::head# ~410
2017-07-11 07:05:50.083851 7fad2ea6e700 10 memstore(/var/lib/ceph/osd/ceph-1) _do_transaction 0
2017-07-11 07:05:50.083854 7fad2ea6e700 10 memstore(/var/lib/ceph/osd/ceph-1) _remove 1.37_head #1:eef7c89f:::1000000007c.00000002:head#
2017-07-11 07:05:50.084284 7fad2ea6e700 10 memstore(/var/lib/ceph/osd/ceph-1) _omap_setkeys 1.37_head #1:ec000000::::head# ~410
2017-07-11 07:05:50.084387 7fad30a72700 10 memstore(/var/lib/ceph/osd/ceph-1) _do_transaction 0
2017-07-11 07:05:50.084390 7fad30a72700 10 memstore(/var/lib/ceph/osd/ceph-1) _remove 1.38_head #1:1cf9112f:::1000000007c.00000006:head#
2017-07-11 07:05:50.084841 7fad30a72700 10 memstore(/var/lib/ceph/osd/ceph-1) _omap_setkeys 1.38_head #1:1c000000::::head# ~410
2017-07-11 07:05:50.084948 7fad30a72700 10 memstore(/var/lib/ceph/osd/ceph-1) _do_transaction 0
2017-07-11 07:05:50.084950 7fad30a72700 10 memstore(/var/lib/ceph/osd/ceph-1) _remove 1.33_head #1:cfaf7e55:::1000000007c.00000008:head#
2017-07-11 07:05:50.085398 7fad30a72700 10 memstore(/var/lib/ceph/osd/ceph-1) _omap_setkeys 1.33_head #1:cc000000::::head# ~410
2017-07-11 07:05:50.085866 7fad2ca6a700 10 memstore(/var/lib/ceph/osd/ceph-1) _omap_setkeys 1.36_head #1:6c000000::::head# ~410
2017-07-11 07:05:50.086021 7fad30271700 10 memstore(/var/lib/ceph/osd/ceph-1) _do_transaction 0
2017-07-11 07:05:50.086024 7fad30271700 10 memstore(/var/lib/ceph/osd/ceph-1) _remove 1.c_head #1:309d97cd:::10000000078.0000000d:head#
2017-07-11 07:05:50.086489 7fad30271700 10 memstore(/var/lib/ceph/osd/ceph-1) _omap_setkeys 1.c_head #1:30000000::::head# ~410
2017-07-11 07:05:50.087052 7fad31273700 10 memstore(/var/lib/ceph/osd/ceph-1) _omap_setkeys 1.0_head #1:00000000::::head# ~410
2017-07-11 07:05:50.087168 7fad31273700 10 memstore(/var/lib/ceph/osd/ceph-1) _do_transaction 0
2017-07-11 07:05:50.087171 7fad31273700 10 memstore(/var/lib/ceph/osd/ceph-1) _remove 1.55_head #1:ab1ee905:::10000000078.0000000f:head#
2017-07-11 07:05:50.087741 7fad31273700 10 memstore(/var/lib/ceph/osd/ceph-1) _omap_setkeys 1.55_head #1:aa000000::::head# ~410
2017-07-11 07:05:50.088000 7fad2f26f700 10 memstore(/var/lib/ceph/osd/ceph-1) _do_transaction 0
2017-07-11 07:05:50.088003 7fad2f26f700 10 memstore(/var/lib/ceph/osd/ceph-1) _remove 1.1d_head #1:b84661a6:::1000000007c.0000000b:head#
2017-07-11 07:05:50.088491 7fad2f26f700 10 memstore(/var/lib/ceph/osd/ceph-1) _omap_setkeys 1.1d_head #1:b8000000::::head# ~410
2017-07-11 07:05:50.088585 7fad2f26f700 10 memstore(/var/lib/ceph/osd/ceph-1) _do_transaction 0
2017-07-11 07:05:50.088587 7fad2f26f700 10 memstore(/var/lib/ceph/osd/ceph-1) _remove 1.36_head #1:6c8831a0:::1000000007c.0000000e:head#
2017-07-11 07:05:50.089042 7fad2f26f700 10 memstore(/var/lib/ceph/osd/ceph-1) _omap_setkeys 1.36_head #1:6c000000::::head# ~410
2017-07-11 07:05:50.089459 7fad2da6c700 10 memstore(/var/lib/ceph/osd/ceph-1) _omap_setkeys 1.61_head #1:86000000::::head# ~410
2017-07-11 07:05:50.089615 7fad2da6c700 10 memstore(/var/lib/ceph/osd/ceph-1) _do_transaction 0
2017-07-11 07:05:50.089619 7fad2da6c700 10 memstore(/var/lib/ceph/osd/ceph-1) _remove 1.2a_head #1:542f40e3:::1000000007c.0000000c:head#
2017-07-11 07:05:50.089979 7fad2fa70700 10 memstore(/var/lib/ceph/osd/ceph-1) _do_transaction 0
2017-07-11 07:05:50.089982 7fad2fa70700 10 memstore(/var/lib/ceph/osd/ceph-1) _remove 1.30_head #1:0f0d9ada:::1000000007c.00000011:head#
2017-07-11 07:05:50.090314 7fad2da6c700 10 memstore(/var/lib/ceph/osd/ceph-1) _omap_setkeys 1.2a_head #1:54000000::::head# ~410
2017-07-11 07:05:50.090453 7fad2da6c700 10 memstore(/var/lib/ceph/osd/ceph-1) _do_transaction 0
2017-07-11 07:05:50.090456 7fad2da6c700 10 memstore(/var/lib/ceph/osd/ceph-1) _remove 1.c_head #1:30e954b2:::1000000007c.0000000d:head#
2017-07-11 07:05:50.090800 7fad2ea6e700 10 memstore(/var/lib/ceph/osd/ceph-1) _do_transaction 0
2017-07-11 07:05:50.090806 7fad2ea6e700 10 memstore(/var/lib/ceph/osd/ceph-1) _remove 1.28_head #1:1507d9b1:::10000000078.00000012:head#
2017-07-11 07:05:50.090998 7fad30a72700 10 memstore(/var/lib/ceph/osd/ceph-1) _do_transaction 0
2017-07-11 07:05:50.091001 7fad30a72700 10 memstore(/var/lib/ceph/osd/ceph-1) _remove 1.38_head #1:1eda1d16:::10000000078.00000011:head#
2017-07-11 07:05:50.091034 7fad2fa70700 10 memstore(/var/lib/ceph/osd/ceph-1) _omap_setkeys 1.30_head #1:0c000000::::head# ~410
2017-07-11 07:05:50.091318 7fad2d26b700 10 memstore(/var/lib/ceph/osd/ceph-1) _do_transaction 0
2017-07-11 07:05:50.091325 7fad2d26b700 10 memstore(/var/lib/ceph/osd/ceph-1) _remove 1.30_head #1:0c221580:::10000000078.00000014:head#
2017-07-11 07:05:50.091491 7fad30271700 10 memstore(/var/lib/ceph/osd/ceph-1) _do_transaction 0
2017-07-11 07:05:50.091494 7fad30271700 10 memstore(/var/lib/ceph/osd/ceph-1) _remove 1.4d_head #1:b357b04b:::1000000007c.00000014:head#
2017-07-11 07:05:50.092004 7fad30271700 10 memstore(/var/lib/ceph/osd/ceph-1) _omap_setkeys 1.4d_head #1:b2000000::::head# ~410
2017-07-11 07:05:50.092198 7fad2e26d700 10 memstore(/var/lib/ceph/osd/ceph-1) _do_transaction 0
2017-07-11 07:05:50.092201 7fad2e26d700 10 memstore(/var/lib/ceph/osd/ceph-1) _remove 1.10_head #1:0886586e:::10000000078.00000007:head#
2017-07-11 07:05:50.092688 7fad2e26d700 10 memstore(/var/lib/ceph/osd/ceph-1) _omap_setkeys 1.10_head #1:08000000::::head# ~410
2017-07-11 07:05:50.092789 7fad2e26d700 10 memstore(/var/lib/ceph/osd/ceph-1) _do_transaction 0
2017-07-11 07:05:50.092792 7fad2e26d700 10 memstore(/var/lib/ceph/osd/ceph-1) _remove 1.42_head #1:4247bfdc:::10000000078.00000015:head#
2017-07-11 07:05:50.093227 7fad2e26d700 10 memstore(/var/lib/ceph/osd/ceph-1) _omap_setkeys 1.42_head #1:42000000::::head# ~410
2017-07-11 07:05:50.093389 7fad2e26d700 10 memstore(/var/lib/ceph/osd/ceph-1) _do_transaction 0
2017-07-11 07:05:50.093392 7fad2e26d700 10 memstore(/var/lib/ceph/osd/ceph-1) _remove 1.47_head #1:e3666882:::10000000078.00000018:head#
2017-07-11 07:05:50.093853 7fad2e26d700 10 memstore(/var/lib/ceph/osd/ceph-1) _omap_setkeys 1.47_head #1:e2000000::::head# ~410
2017-07-11 07:05:50.093922 7fad2fa70700 10 memstore(/var/lib/ceph/osd/ceph-1) _do_transaction 0
2017-07-11 07:05:50.093925 7fad2fa70700 10 memstore(/var/lib/ceph/osd/ceph-1) _omap_setkeys 1.d_head #1:b0000000::::head# ~414
2017-07-11 07:05:50.094457 7fad2d26b700 10 memstore(/var/lib/ceph/osd/ceph-1) _omap_setkeys 1.30_head #1:0c000000::::head# ~410
2017-07-11 07:05:50.094903 7fad2ea6e700 10 memstore(/var/lib/ceph/osd/ceph-1) _omap_setkeys 1.28_head #1:14000000::::head# ~410
2017-07-11 07:05:50.095062 7fad2ea6e700 10 memstore(/var/lib/ceph/osd/ceph-1) _do_transaction 0
2017-07-11 07:05:50.095065 7fad2ea6e700 10 memstore(/var/lib/ceph/osd/ceph-1) _remove 1.50_head #1:0a93367a:::10000000078.00000013:head#
2017-07-11 07:05:50.095532 7fad2ea6e700 10 memstore(/var/lib/ceph/osd/ceph-1) _omap_setkeys 1.50_head #1:0a000000::::head# ~410
2017-07-11 07:05:50.095622 7fad2ea6e700 10 memstore(/var/lib/ceph/osd/ceph-1) _do_transaction 0
2017-07-11 07:05:50.095627 7fad2ea6e700 10 memstore(/var/lib/ceph/osd/ceph-1) _omap_setkeys 1.14_head #1:28000000::::head# ~414
2017-07-11 07:05:50.095686 7fad2ea6e700 10 memstore(/var/lib/ceph/osd/ceph-1) _do_transaction 0
2017-07-11 07:05:50.095688 7fad2ea6e700 10 memstore(/var/lib/ceph/osd/ceph-1) _omap_setkeys 1.19_head #1:98000000::::head# ~414
2017-07-11 07:05:50.095740 7fad2ea6e700 10 memstore(/var/lib/ceph/osd/ceph-1) _do_transaction 0
2017-07-11 07:05:50.095742 7fad2ea6e700 10 memstore(/var/lib/ceph/osd/ceph-1) _omap_setkeys 1.50_head #1:0a000000::::head# ~414
2017-07-11 07:05:50.095800 7fad2ea6e700 10 memstore(/var/lib/ceph/osd/ceph-1) _do_transaction 0
2017-07-11 07:05:50.095803 7fad2ea6e700 10 memstore(/var/lib/ceph/osd/ceph-1) _omap_setkeys 1.37_head #1:ec000000::::head# ~414
2017-07-11 07:05:50.095854 7fad2ea6e700 10 memstore(/var/lib/ceph/osd/ceph-1) _do_transaction 0
2017-07-11 07:05:50.095856 7fad2ea6e700 10 memstore(/var/lib/ceph/osd/ceph-1) _omap_setkeys 1.50_head #1:0a000000::::head# ~414
2017-07-11 07:05:50.095968 7fad2ca6a700 10 memstore(/var/lib/ceph/osd/ceph-1) _do_transaction 0
2017-07-11 07:05:50.095974 7fad2ca6a700 10 memstore(/var/lib/ceph/osd/ceph-1) _omap_setkeys 1.40_head #1:02000000::::head# ~414
2017-07-11 07:05:50.096048 7fad2ca6a700 10 memstore(/var/lib/ceph/osd/ceph-1) _do_transaction 0
2017-07-11 07:05:50.096051 7fad2ca6a700 10 memstore(/var/lib/ceph/osd/ceph-1) _omap_setkeys 1.40_head #1:02000000::::head# ~414
2017-07-11 07:05:50.096663 7fad30a72700 10 memstore(/var/lib/ceph/osd/ceph-1) _omap_setkeys 1.38_head #1:1c000000::::head# ~410
2017-07-11 07:05:50.096750 7fad2ca6a700 10 memstore(/var/lib/ceph/osd/ceph-1) _do_transaction 0
2017-07-11 07:05:50.096752 7fad2ca6a700 10 memstore(/var/lib/ceph/osd/ceph-1) _omap_setkeys 1.54_head #1:2a000000::::head# ~414
2017-07-11 07:05:50.096876 7fad31273700 10 memstore(/var/lib/ceph/osd/ceph-1) _do_transaction 0
2017-07-11 07:05:50.096879 7fad31273700 10 memstore(/var/lib/ceph/osd/ceph-1) _omap_setkeys 1.3c_head #1:3c000000::::head# ~414
2017-07-11 07:05:50.097044 7fad30271700 10 memstore(/var/lib/ceph/osd/ceph-1) _do_transaction 0
2017-07-11 07:05:50.097047 7fad30271700 10 memstore(/var/lib/ceph/osd/ceph-1) _omap_setkeys 1.43_head #1:c2000000::::head# ~414
2017-07-11 07:05:50.097115 7fad30271700 10 memstore(/var/lib/ceph/osd/ceph-1) _do_transaction 0
2017-07-11 07:05:50.097117 7fad30271700 10 memstore(/var/lib/ceph/osd/ceph-1) _omap_setkeys 1.2_head #1:40000000::::head# ~414
2017-07-11 07:05:50.097171 7fad30271700 10 memstore(/var/lib/ceph/osd/ceph-1) _do_transaction 0
2017-07-11 07:05:50.097173 7fad30271700 10 memstore(/var/lib/ceph/osd/ceph-1) _omap_setkeys 1.25_head #1:a4000000::::head# ~414
2017-07-11 07:05:50.097224 7fad30271700 10 memstore(/var/lib/ceph/osd/ceph-1) _do_transaction 0
2017-07-11 07:05:50.097226 7fad30271700 10 memstore(/var/lib/ceph/osd/ceph-1) _omap_setkeys 1.2a_head #1:54000000::::head# ~414
2017-07-11 07:05:50.097409 7fad31273700 10 memstore(/var/lib/ceph/osd/ceph-1) _do_transaction 0
2017-07-11 07:05:50.097411 7fad31273700 10 memstore(/var/lib/ceph/osd/ceph-1) _omap_setkeys 1.55_head #1:aa000000::::head# ~414
2017-07-11 07:05:50.097505 7fad2fa70700 10 memstore(/var/lib/ceph/osd/ceph-1) _do_transaction 0
2017-07-11 07:05:50.097508 7fad2fa70700 10 memstore(/var/lib/ceph/osd/ceph-1) _omap_setkeys 1.30_head #1:0c000000::::head# ~414
2017-07-11 07:05:50.097679 7fad2ca6a700 10 memstore(/var/lib/ceph/osd/ceph-1) _do_transaction 0
2017-07-11 07:05:50.097681 7fad2ca6a700 10 memstore(/var/lib/ceph/osd/ceph-1) _omap_setkeys 1.3b_head #1:dc000000::::head# ~414
2017-07-11 07:05:50.098238 7fad2da6c700 10 memstore(/var/lib/ceph/osd/ceph-1) _omap_setkeys 1.c_head #1:30000000::::head# ~410
2017-07-11 07:05:50.098328 7fad2da6c700 10 memstore(/var/lib/ceph/osd/ceph-1) _do_transaction 0
2017-07-11 07:05:50.098331 7fad2da6c700 10 memstore(/var/lib/ceph/osd/ceph-1) _omap_setkeys 1.61_head #1:86000000::::head# ~414
2017-07-11 07:05:50.098518 7fad2d26b700 10 memstore(/var/lib/ceph/osd/ceph-1) _do_transaction 0
2017-07-11 07:05:50.098521 7fad2d26b700 10 memstore(/var/lib/ceph/osd/ceph-1) _omap_setkeys 1.2b_head #1:d4000000::::head# ~414
2017-07-11 07:05:50.098642 7fad2fa70700 10 memstore(/var/lib/ceph/osd/ceph-1) _do_transaction 0
2017-07-11 07:05:50.098645 7fad2fa70700 10 memstore(/var/lib/ceph/osd/ceph-1) _omap_setkeys 1.58_head #1:1a000000::::head# ~414
2017-07-11 07:05:50.098669 7fad31273700 10 memstore(/var/lib/ceph/osd/ceph-1) _do_transaction 0
2017-07-11 07:05:50.098671 7fad31273700 10 memstore(/var/lib/ceph/osd/ceph-1) _omap_setkeys 1.55_head #1:aa000000::::head# ~414
2017-07-11 07:05:50.098727 7fad31273700 10 memstore(/var/lib/ceph/osd/ceph-1) _do_transaction 0
2017-07-11 07:05:50.098729 7fad31273700 10 memstore(/var/lib/ceph/osd/ceph-1) _omap_setkeys 1.1e_head #1:78000000::::head# ~414
2017-07-11 07:05:50.098893 7fad30271700 10 memstore(/var/lib/ceph/osd/ceph-1) _do_transaction 0
2017-07-11 07:05:50.098895 7fad30271700 10 memstore(/var/lib/ceph/osd/ceph-1) _omap_setkeys 1.3e_head #1:7c000000::::head# ~414
2017-07-11 07:05:50.099038 7fad2d26b700 10 memstore(/var/lib/ceph/osd/ceph-1) _do_transaction 0
2017-07-11 07:05:50.099041 7fad2d26b700 10 memstore(/var/lib/ceph/osd/ceph-1) _omap_setkeys 1.3_head #1:c0000000::::head# ~414
2017-07-11 07:05:50.099131 7fad2fa70700 10 memstore(/var/lib/ceph/osd/ceph-1) _do_transaction 0
2017-07-11 07:05:50.099133 7fad2fa70700 10 memstore(/var/lib/ceph/osd/ceph-1) _omap_setkeys 1.3_head #1:c0000000::::head# ~414
2017-07-11 07:05:50.099141 7fad30271700 10 memstore(/var/lib/ceph/osd/ceph-1) _do_transaction 0
2017-07-11 07:05:50.099144 7fad30271700 10 memstore(/var/lib/ceph/osd/ceph-1) _omap_setkeys 1.57_head #1:ea000000::::head# ~414
2017-07-11 07:05:50.099395 7fad2e26d700 10 memstore(/var/lib/ceph/osd/ceph-1) _do_transaction 0
2017-07-11 07:05:50.099397 7fad2e26d700 10 memstore(/var/lib/ceph/osd/ceph-1) _omap_setkeys 1.33_head #1:cc000000::::head# ~414
2017-07-11 07:05:50.099787 7fad2f26f700 10 memstore(/var/lib/ceph/osd/ceph-1) _do_transaction 0
2017-07-11 07:05:50.099790 7fad2f26f700 10 memstore(/var/lib/ceph/osd/ceph-1) _omap_setkeys 1.3b_head #1:dc000000::::head# ~414
2017-07-11 07:05:50.100016 7fad30a72700 10 memstore(/var/lib/ceph/osd/ceph-1) _do_transaction 0
2017-07-11 07:05:50.100018 7fad30a72700 10 memstore(/var/lib/ceph/osd/ceph-1) _omap_setkeys 1.3d_head #1:bc000000::::head# ~414
2017-07-11 07:05:50.100276 7fad2e26d700 10 memstore(/var/lib/ceph/osd/ceph-1) _do_transaction 0
2017-07-11 07:05:50.100279 7fad2e26d700 10 memstore(/var/lib/ceph/osd/ceph-1) _omap_setkeys 1.33_head #1:cc000000::::head# ~414
2017-07-11 07:05:50.100509 7fad2ca6a700 10 memstore(/var/lib/ceph/osd/ceph-1) _do_transaction 0
2017-07-11 07:05:50.100517 7fad2ca6a700 10 memstore(/var/lib/ceph/osd/ceph-1) _omap_setkeys 1.63_head #1:c6000000::::head# ~414
2017-07-11 07:05:50.101239 7fad2f26f700 10 memstore(/var/lib/ceph/osd/ceph-1) _do_transaction 0
2017-07-11 07:05:50.101242 7fad2f26f700 10 memstore(/var/lib/ceph/osd/ceph-1) _omap_setkeys 1.3b_head #1:dc000000::::head# ~414
2017-07-11 07:05:50.101435 7fad2d26b700 10 memstore(/var/lib/ceph/osd/ceph-1) _do_transaction 0
2017-07-11 07:05:50.101438 7fad2d26b700 10 memstore(/var/lib/ceph/osd/ceph-1) _omap_setkeys 1.3_head #1:c0000000::::head# ~414
2017-07-11 07:05:50.101445 7fad31273700 10 memstore(/var/lib/ceph/osd/ceph-1) _do_transaction 0
2017-07-11 07:05:50.101448 7fad31273700 10 memstore(/var/lib/ceph/osd/ceph-1) _omap_setkeys 1.50_head #1:0a000000::::head# ~414
2017-07-11 07:05:50.101551 7fad30271700 10 memstore(/var/lib/ceph/osd/ceph-1) _do_transaction 0
2017-07-11 07:05:50.101561 7fad30271700 10 memstore(/var/lib/ceph/osd/ceph-1) _omap_setkeys 1.25_head #1:a4000000::::head# ~414
2017-07-11 07:05:50.101674 7fad2da6c700 10 memstore(/var/lib/ceph/osd/ceph-1) _do_transaction 0
2017-07-11 07:05:50.101687 7fad2ea6e700 10 memstore(/var/lib/ceph/osd/ceph-1) _do_transaction 0
2017-07-11 07:05:50.101677 7fad2da6c700 10 memstore(/var/lib/ceph/osd/ceph-1) _omap_setkeys 1.25_head #1:a4000000::::head# ~414
2017-07-11 07:05:50.101690 7fad2ea6e700 10 memstore(/var/lib/ceph/osd/ceph-1) _omap_setkeys 1.19_head #1:98000000::::head# ~414
