2017-07-13 20:51:56.477863 7f3f47a50700 10 memstore(/var/lib/ceph/osd/ceph-0) _omap_setkeys 1.4e_head #1:72000000::::head# ~410
2017-07-13 20:51:56.579056 7f3f4524b700 10 memstore(/var/lib/ceph/osd/ceph-0) _do_transaction 0
2017-07-13 20:51:56.579234 7f3f4524b700 10 memstore(/var/lib/ceph/osd/ceph-0) _setattrs 1.4e_head #1:721e4f8f:::100000000e6.00000013:head# ~306
2017-07-13 20:51:56.579240 7f3f4524b700 10 memstore(/var/lib/ceph/osd/ceph-0) _write 1.4e_head #1:721e4f8f:::100000000e6.00000013:head# 2117632~319488
2017-07-13 20:51:56.579428 7f3f4524b700 10 memstore(/var/lib/ceph/osd/ceph-0) _omap_setkeys 1.4e_head #1:72000000::::head# ~410
2017-07-13 20:51:56.680406 7f3f47a50700 10 memstore(/var/lib/ceph/osd/ceph-0) _do_transaction 0
2017-07-13 20:51:56.680568 7f3f47a50700 10 memstore(/var/lib/ceph/osd/ceph-0) _setattrs 1.4e_head #1:721e4f8f:::100000000e6.00000013:head# ~306
2017-07-13 20:51:56.680574 7f3f47a50700 10 memstore(/var/lib/ceph/osd/ceph-0) _write 1.4e_head #1:721e4f8f:::100000000e6.00000013:head# 2433024~307200
2017-07-13 20:51:56.680707 7f3f47a50700 10 memstore(/var/lib/ceph/osd/ceph-0) _omap_setkeys 1.4e_head #1:72000000::::head# ~410
2017-07-13 20:51:56.781467 7f3f47a50700 10 memstore(/var/lib/ceph/osd/ceph-0) _do_transaction 0
2017-07-13 20:51:56.781646 7f3f47a50700 10 memstore(/var/lib/ceph/osd/ceph-0) _setattrs 1.4e_head #1:721e4f8f:::100000000e6.00000013:head# ~306
2017-07-13 20:51:56.781652 7f3f47a50700 10 memstore(/var/lib/ceph/osd/ceph-0) _write 1.4e_head #1:721e4f8f:::100000000e6.00000013:head# 2736128~299008
2017-07-13 20:51:56.781823 7f3f47a50700 10 memstore(/var/lib/ceph/osd/ceph-0) _omap_setkeys 1.4e_head #1:72000000::::head# ~410
2017-07-13 20:51:56.831583 7f3f43247700 10 memstore(/var/lib/ceph/osd/ceph-0) statfs
2017-07-13 20:51:56.831593 7f3f43247700 10 memstore(/var/lib/ceph/osd/ceph-0) statfs: used_bytes: 192146169/4294967296
2017-07-13 20:51:56.882918 7f3f47a50700 10 memstore(/var/lib/ceph/osd/ceph-0) _do_transaction 0
2017-07-13 20:51:56.883081 7f3f47a50700 10 memstore(/var/lib/ceph/osd/ceph-0) _setattrs 1.4e_head #1:721e4f8f:::100000000e6.00000013:head# ~306
2017-07-13 20:51:56.883089 7f3f47a50700 10 memstore(/var/lib/ceph/osd/ceph-0) _write 1.4e_head #1:721e4f8f:::100000000e6.00000013:head# 3035136~278528
2017-07-13 20:51:56.883238 7f3f47a50700 10 memstore(/var/lib/ceph/osd/ceph-0) _omap_setkeys 1.4e_head #1:72000000::::head# ~410
2017-07-13 20:51:56.984400 7f3f4524b700 10 memstore(/var/lib/ceph/osd/ceph-0) _do_transaction 0
2017-07-13 20:51:56.984617 7f3f4524b700 10 memstore(/var/lib/ceph/osd/ceph-0) _setattrs 1.4e_head #1:721e4f8f:::100000000e6.00000013:head# ~306
2017-07-13 20:51:56.984629 7f3f4524b700 10 memstore(/var/lib/ceph/osd/ceph-0) _write 1.4e_head #1:721e4f8f:::100000000e6.00000013:head# 3309568~385024
2017-07-13 20:51:56.984846 7f3f4524b700 10 memstore(/var/lib/ceph/osd/ceph-0) _omap_setkeys 1.4e_head #1:72000000::::head# ~410
2017-07-13 20:51:57.086158 7f3f4524b700 10 memstore(/var/lib/ceph/osd/ceph-0) _do_transaction 0
2017-07-13 20:51:57.086419 7f3f4524b700 10 memstore(/var/lib/ceph/osd/ceph-0) _setattrs 1.4e_head #1:721e4f8f:::100000000e6.00000013:head# ~306
2017-07-13 20:51:57.086429 7f3f4524b700 10 memstore(/var/lib/ceph/osd/ceph-0) _write 1.4e_head #1:721e4f8f:::100000000e6.00000013:head# 3690496~503808
2017-07-13 20:51:57.086658 7f3f4524b700 10 memstore(/var/lib/ceph/osd/ceph-0) _omap_setkeys 1.4e_head #1:72000000::::head# ~410
2017-07-13 20:51:57.086946 7f3f48251700 10 memstore(/var/lib/ceph/osd/ceph-0) _do_transaction 0
2017-07-13 20:51:57.086951 7f3f48251700 10 memstore(/var/lib/ceph/osd/ceph-0) _touch 1.11_head #1:891f3806:::100000000e6.00000014:head#
2017-07-13 20:51:57.086963 7f3f48251700 10 memstore(/var/lib/ceph/osd/ceph-0) _setattrs 1.11_head #1:891f3806:::100000000e6.00000014:head# ~306
2017-07-13 20:51:57.086968 7f3f48251700 10 memstore(/var/lib/ceph/osd/ceph-0) _write 1.11_head #1:891f3806:::100000000e6.00000014:head# 0~4096
2017-07-13 20:51:57.087023 7f3f48251700 10 memstore(/var/lib/ceph/osd/ceph-0) _omap_setkeys 1.11_head #1:88000000::::head# ~410
2017-07-13 20:51:57.188132 7f3f45a4c700 10 memstore(/var/lib/ceph/osd/ceph-0) _do_transaction 0
2017-07-13 20:51:57.188355 7f3f45a4c700 10 memstore(/var/lib/ceph/osd/ceph-0) _setattrs 1.11_head #1:891f3806:::100000000e6.00000014:head# ~306
2017-07-13 20:51:57.188368 7f3f45a4c700 10 memstore(/var/lib/ceph/osd/ceph-0) _write 1.11_head #1:891f3806:::100000000e6.00000014:head# 0~446464
2017-07-13 20:51:57.188573 7f3f45a4c700 10 memstore(/var/lib/ceph/osd/ceph-0) _omap_setkeys 1.11_head #1:88000000::::head# ~410
2017-07-13 20:51:57.289706 7f3f45a4c700 10 memstore(/var/lib/ceph/osd/ceph-0) _do_transaction 0
2017-07-13 20:51:57.289976 7f3f45a4c700 10 memstore(/var/lib/ceph/osd/ceph-0) _setattrs 1.11_head #1:891f3806:::100000000e6.00000014:head# ~306
2017-07-13 20:51:57.289986 7f3f45a4c700 10 memstore(/var/lib/ceph/osd/ceph-0) _write 1.11_head #1:891f3806:::100000000e6.00000014:head# 442368~495616
2017-07-13 20:51:57.290256 7f3f45a4c700 10 memstore(/var/lib/ceph/osd/ceph-0) _omap_setkeys 1.11_head #1:88000000::::head# ~410
2017-07-13 20:51:57.391402 7f3f45a4c700 10 memstore(/var/lib/ceph/osd/ceph-0) _do_transaction 0
2017-07-13 20:51:57.391693 7f3f45a4c700 10 memstore(/var/lib/ceph/osd/ceph-0) _setattrs 1.11_head #1:891f3806:::100000000e6.00000014:head# ~306
2017-07-13 20:51:57.391704 7f3f45a4c700 10 memstore(/var/lib/ceph/osd/ceph-0) _write 1.11_head #1:891f3806:::100000000e6.00000014:head# 933888~520192
2017-07-13 20:51:57.391988 7f3f45a4c700 10 memstore(/var/lib/ceph/osd/ceph-0) _omap_setkeys 1.11_head #1:88000000::::head# ~410
2017-07-13 20:51:57.427629 7f3f48251700 10 memstore(/var/lib/ceph/osd/ceph-0) _do_transaction 0
2017-07-13 20:51:57.427768 7f3f48251700 10 memstore(/var/lib/ceph/osd/ceph-0) _setattrs 1.11_head #1:891f3806:::100000000e6.00000014:head# ~306
2017-07-13 20:51:57.427778 7f3f48251700 10 memstore(/var/lib/ceph/osd/ceph-0) _write 1.11_head #1:891f3806:::100000000e6.00000014:head# 1449984~184320
2017-07-13 20:51:57.427836 7f3f48251700 10 memstore(/var/lib/ceph/osd/ceph-0) _omap_setkeys 1.11_head #1:88000000::::head# ~410
2017-07-13 20:51:57.440326 7f3f45a4c700 10 memstore(/var/lib/ceph/osd/ceph-0) _do_transaction 0
2017-07-13 20:51:57.440338 7f3f45a4c700 10 memstore(/var/lib/ceph/osd/ceph-0) _setattrs 2.34_head #2:2e2fa760:::200.00000001:head# ~298
2017-07-13 20:51:57.440341 7f3f45a4c700 10 memstore(/var/lib/ceph/osd/ceph-0) _write 2.34_head #2:2e2fa760:::200.00000001:head# 3025542~2460
2017-07-13 20:51:57.440347 7f3f45a4c700 10 memstore(/var/lib/ceph/osd/ceph-0) _omap_setkeys 2.34_head #2:2c000000::::head# ~402
2017-07-13 20:51:57.493234 7f3f48251700 10 memstore(/var/lib/ceph/osd/ceph-0) _do_transaction 0
2017-07-13 20:51:57.493366 7f3f48251700 10 memstore(/var/lib/ceph/osd/ceph-0) _setattrs 1.11_head #1:891f3806:::100000000e6.00000014:head# ~306
2017-07-13 20:51:57.493376 7f3f48251700 10 memstore(/var/lib/ceph/osd/ceph-0) _write 1.11_head #1:891f3806:::100000000e6.00000014:head# 1630208~204800
2017-07-13 20:51:57.493481 7f3f48251700 10 memstore(/var/lib/ceph/osd/ceph-0) _omap_setkeys 1.11_head #1:88000000::::head# ~410
2017-07-13 20:51:57.594734 7f3f45a4c700 10 memstore(/var/lib/ceph/osd/ceph-0) _do_transaction 0
2017-07-13 20:51:57.594899 7f3f45a4c700 10 memstore(/var/lib/ceph/osd/ceph-0) _setattrs 1.11_head #1:891f3806:::100000000e6.00000014:head# ~306
2017-07-13 20:51:57.594909 7f3f45a4c700 10 memstore(/var/lib/ceph/osd/ceph-0) _write 1.11_head #1:891f3806:::100000000e6.00000014:head# 1830912~319488
2017-07-13 20:51:57.595083 7f3f45a4c700 10 memstore(/var/lib/ceph/osd/ceph-0) _omap_setkeys 1.11_head #1:88000000::::head# ~410
2017-07-13 20:51:57.681498 7f3f48a52700 10 memstore(/var/lib/ceph/osd/ceph-0) _do_transaction 0
2017-07-13 20:51:57.682951 7f3f48a52700 10 memstore(/var/lib/ceph/osd/ceph-0) _setattrs 1.33_head #1:cff7f4bd:::100000000f2.00000000:head# ~306
2017-07-13 20:51:57.682973 7f3f48a52700 10 memstore(/var/lib/ceph/osd/ceph-0) _write 1.33_head #1:cff7f4bd:::100000000f2.00000000:head# 4096~2744320
2017-07-13 20:51:57.683807 7f3f48a52700 10 memstore(/var/lib/ceph/osd/ceph-0) _omap_setkeys 1.33_head #1:cc000000::::head# ~410
2017-07-13 20:51:57.688138 7f3f47a50700 10 memstore(/var/lib/ceph/osd/ceph-0) _do_transaction 0
2017-07-13 20:51:57.690128 7f3f47a50700 10 memstore(/var/lib/ceph/osd/ceph-0) _setattrs 1.3f_head #1:fea3f43b:::100000000f1.00000000:head# ~306
2017-07-13 20:51:57.690140 7f3f47a50700 10 memstore(/var/lib/ceph/osd/ceph-0) _write 1.3f_head #1:fea3f43b:::100000000f1.00000000:head# 4096~4190208
2017-07-13 20:51:57.692098 7f3f47a50700 10 memstore(/var/lib/ceph/osd/ceph-0) _omap_setkeys 1.3f_head #1:fc000000::::head# ~410
2017-07-13 20:51:57.697099 7f3f44a4a700 10 memstore(/var/lib/ceph/osd/ceph-0) _do_transaction 0
2017-07-13 20:51:57.697104 7f3f44a4a700 10 memstore(/var/lib/ceph/osd/ceph-0) _touch 1.36_head #1:6eeb583d:::100000000f1.00000001:head#
2017-07-13 20:51:57.699047 7f3f44a4a700 10 memstore(/var/lib/ceph/osd/ceph-0) _setattrs 1.36_head #1:6eeb583d:::100000000f1.00000001:head# ~306
2017-07-13 20:51:57.699057 7f3f44a4a700 10 memstore(/var/lib/ceph/osd/ceph-0) _write 1.36_head #1:6eeb583d:::100000000f1.00000001:head# 0~4194304
2017-07-13 20:51:57.701167 7f3f44a4a700 10 memstore(/var/lib/ceph/osd/ceph-0) _omap_setkeys 1.36_head #1:6c000000::::head# ~410
2017-07-13 20:51:57.704933 7f3f4724f700 10 memstore(/var/lib/ceph/osd/ceph-0) _do_transaction 0
2017-07-13 20:51:57.704949 7f3f4724f700 10 memstore(/var/lib/ceph/osd/ceph-0) _touch 1.13_head #1:c9668904:::100000000f1.00000002:head#
2017-07-13 20:51:57.707085 7f3f4724f700 10 memstore(/var/lib/ceph/osd/ceph-0) _setattrs 1.13_head #1:c9668904:::100000000f1.00000002:head# ~306
2017-07-13 20:51:57.707090 7f3f4724f700 10 memstore(/var/lib/ceph/osd/ceph-0) _write 1.13_head #1:c9668904:::100000000f1.00000002:head# 0~4194304
2017-07-13 20:51:57.708522 7f3f49253700 10 memstore(/var/lib/ceph/osd/ceph-0) _do_transaction 0
2017-07-13 20:51:57.708526 7f3f49253700 10 memstore(/var/lib/ceph/osd/ceph-0) _touch 1.3c_head #1:3f68904c:::100000000f1.00000003:head#
2017-07-13 20:51:57.710722 7f3f49253700 10 memstore(/var/lib/ceph/osd/ceph-0) _setattrs 1.3c_head #1:3f68904c:::100000000f1.00000003:head# ~306
2017-07-13 20:51:57.710727 7f3f49253700 10 memstore(/var/lib/ceph/osd/ceph-0) _write 1.3c_head #1:3f68904c:::100000000f1.00000003:head# 0~4194304
2017-07-13 20:51:57.714377 7f3f45a4c700 10 memstore(/var/lib/ceph/osd/ceph-0) _do_transaction 0
2017-07-13 20:51:57.714381 7f3f45a4c700 10 memstore(/var/lib/ceph/osd/ceph-0) _touch 1.20_head #1:051764a2:::100000000f1.00000004:head#
2017-07-13 20:51:57.717080 7f3f48251700 10 memstore(/var/lib/ceph/osd/ceph-0) _do_transaction 0
2017-07-13 20:51:57.717084 7f3f48251700 10 memstore(/var/lib/ceph/osd/ceph-0) _touch 1.2f_head #1:f652cc1d:::100000000f1.00000005:head#
2017-07-13 20:51:57.718996 7f3f4524b700 10 memstore(/var/lib/ceph/osd/ceph-0) _do_transaction 0
2017-07-13 20:51:57.719000 7f3f4524b700 10 memstore(/var/lib/ceph/osd/ceph-0) _touch 1.44_head #1:22121dcf:::100000000f1.00000006:head#
2017-07-13 20:51:57.719090 7f3f48251700 10 memstore(/var/lib/ceph/osd/ceph-0) _setattrs 1.2f_head #1:f652cc1d:::100000000f1.00000005:head# ~306
2017-07-13 20:51:57.719095 7f3f48251700 10 memstore(/var/lib/ceph/osd/ceph-0) _write 1.2f_head #1:f652cc1d:::100000000f1.00000005:head# 0~4194304
2017-07-13 20:51:57.721086 7f3f4524b700 10 memstore(/var/lib/ceph/osd/ceph-0) _setattrs 1.44_head #1:22121dcf:::100000000f1.00000006:head# ~306
2017-07-13 20:51:57.721090 7f3f4524b700 10 memstore(/var/lib/ceph/osd/ceph-0) _write 1.44_head #1:22121dcf:::100000000f1.00000006:head# 0~4194304
2017-07-13 20:51:57.721271 7f3f48251700 10 memstore(/var/lib/ceph/osd/ceph-0) _omap_setkeys 1.2f_head #1:f4000000::::head# ~410
2017-07-13 20:51:57.723154 7f3f4524b700 10 memstore(/var/lib/ceph/osd/ceph-0) _omap_setkeys 1.44_head #1:22000000::::head# ~410
2017-07-13 20:51:57.726949 7f3f47a50700 10 memstore(/var/lib/ceph/osd/ceph-0) _do_transaction 0
2017-07-13 20:51:57.726953 7f3f47a50700 10 memstore(/var/lib/ceph/osd/ceph-0) _touch 1.3a_head #1:5dc645ff:::100000000f1.00000007:head#
2017-07-13 20:51:57.729069 7f3f47a50700 10 memstore(/var/lib/ceph/osd/ceph-0) _setattrs 1.3a_head #1:5dc645ff:::100000000f1.00000007:head# ~306
2017-07-13 20:51:57.729083 7f3f47a50700 10 memstore(/var/lib/ceph/osd/ceph-0) _write 1.3a_head #1:5dc645ff:::100000000f1.00000007:head# 0~4194304
2017-07-13 20:51:57.731145 7f3f47a50700 10 memstore(/var/lib/ceph/osd/ceph-0) _omap_setkeys 1.3a_head #1:5c000000::::head# ~410
2017-07-13 20:51:57.732579 7f3f49253700 10 memstore(/var/lib/ceph/osd/ceph-0) _omap_setkeys 1.3c_head #1:3c000000::::head# ~410
2017-07-13 20:51:57.735570 7f3f4724f700 10 memstore(/var/lib/ceph/osd/ceph-0) _omap_setkeys 1.13_head #1:c8000000::::head# ~410
2017-07-13 20:51:57.735710 7f3f45a4c700 10 memstore(/var/lib/ceph/osd/ceph-0) _setattrs 1.20_head #1:051764a2:::100000000f1.00000004:head# ~306
2017-07-13 20:51:57.737127 7f3f45a4c700 10 memstore(/var/lib/ceph/osd/ceph-0) _write 1.20_head #1:051764a2:::100000000f1.00000004:head# 0~4194304
2017-07-13 20:51:57.737770 7f3f4524b700 10 memstore(/var/lib/ceph/osd/ceph-0) _do_transaction 0
2017-07-13 20:51:57.737774 7f3f4524b700 10 memstore(/var/lib/ceph/osd/ceph-0) _touch 1.8_head #1:102b141e:::100000000f1.00000008:head#
2017-07-13 20:51:57.741204 7f3f4524b700 10 memstore(/var/lib/ceph/osd/ceph-0) _setattrs 1.8_head #1:102b141e:::100000000f1.00000008:head# ~306
2017-07-13 20:51:57.741217 7f3f4524b700 10 memstore(/var/lib/ceph/osd/ceph-0) _write 1.8_head #1:102b141e:::100000000f1.00000008:head# 0~4194304
2017-07-13 20:51:57.743507 7f3f4524b700 10 memstore(/var/lib/ceph/osd/ceph-0) _omap_setkeys 1.8_head #1:10000000::::head# ~410
2017-07-13 20:51:57.746453 7f3f45a4c700 10 memstore(/var/lib/ceph/osd/ceph-0) _omap_setkeys 1.20_head #1:04000000::::head# ~410
2017-07-13 20:51:57.748575 7f3f4624d700 10 memstore(/var/lib/ceph/osd/ceph-0) _do_transaction 0
2017-07-13 20:51:57.748579 7f3f4624d700 10 memstore(/var/lib/ceph/osd/ceph-0) _touch 1.3d_head #1:be07b9e1:::100000000f1.00000009:head#
2017-07-13 20:51:57.750394 7f3f4624d700 10 memstore(/var/lib/ceph/osd/ceph-0) _setattrs 1.3d_head #1:be07b9e1:::100000000f1.00000009:head# ~306
2017-07-13 20:51:57.750625 7f3f4624d700 10 memstore(/var/lib/ceph/osd/ceph-0) _write 1.3d_head #1:be07b9e1:::100000000f1.00000009:head# 0~4194304
2017-07-13 20:51:57.754151 7f3f4624d700 10 memstore(/var/lib/ceph/osd/ceph-0) _omap_setkeys 1.3d_head #1:bc000000::::head# ~410
2017-07-13 20:51:57.754707 7f3f4624d700 10 memstore(/var/lib/ceph/osd/ceph-0) _do_transaction 0
2017-07-13 20:51:57.754725 7f3f4624d700 10 memstore(/var/lib/ceph/osd/ceph-0) _touch 1.42_head #1:43b39d22:::100000000f1.0000000a:head#
2017-07-13 20:51:57.755976 7f3f4624d700 10 memstore(/var/lib/ceph/osd/ceph-0) _setattrs 1.42_head #1:43b39d22:::100000000f1.0000000a:head# ~306
2017-07-13 20:51:57.756004 7f3f4624d700 10 memstore(/var/lib/ceph/osd/ceph-0) _write 1.42_head #1:43b39d22:::100000000f1.0000000a:head# 0~4194304
2017-07-13 20:51:57.759698 7f3f47a50700 10 memstore(/var/lib/ceph/osd/ceph-0) _do_transaction 0
2017-07-13 20:51:57.759703 7f3f47a50700 10 memstore(/var/lib/ceph/osd/ceph-0) _touch 1.3f_head #1:fd7a9bf7:::100000000f1.0000000b:head#
2017-07-13 20:51:57.760044 7f3f4624d700 10 memstore(/var/lib/ceph/osd/ceph-0) _omap_setkeys 1.42_head #1:42000000::::head# ~410
2017-07-13 20:51:57.761267 7f3f47a50700 10 memstore(/var/lib/ceph/osd/ceph-0) _setattrs 1.3f_head #1:fd7a9bf7:::100000000f1.0000000b:head# ~306
2017-07-13 20:51:57.761279 7f3f47a50700 10 memstore(/var/lib/ceph/osd/ceph-0) _write 1.3f_head #1:fd7a9bf7:::100000000f1.0000000b:head# 0~4194304
2017-07-13 20:51:57.765361 7f3f47a50700 10 memstore(/var/lib/ceph/osd/ceph-0) _omap_setkeys 1.3f_head #1:fc000000::::head# ~410
2017-07-13 20:51:57.766758 7f3f48a52700 10 memstore(/var/lib/ceph/osd/ceph-0) _do_transaction 0
2017-07-13 20:51:57.766763 7f3f48a52700 10 memstore(/var/lib/ceph/osd/ceph-0) _touch 1.3d_head #1:bff8f756:::100000000f1.0000000c:head#
2017-07-13 20:51:57.768686 7f3f48a52700 10 memstore(/var/lib/ceph/osd/ceph-0) _setattrs 1.3d_head #1:bff8f756:::100000000f1.0000000c:head# ~306
2017-07-13 20:51:57.768708 7f3f48a52700 10 memstore(/var/lib/ceph/osd/ceph-0) _write 1.3d_head #1:bff8f756:::100000000f1.0000000c:head# 0~4194304
2017-07-13 20:51:57.771283 7f3f48a52700 10 memstore(/var/lib/ceph/osd/ceph-0) _omap_setkeys 1.3d_head #1:bc000000::::head# ~410
2017-07-13 20:51:57.774952 7f3f44a4a700 10 memstore(/var/lib/ceph/osd/ceph-0) _do_transaction 0
2017-07-13 20:51:57.774957 7f3f44a4a700 10 memstore(/var/lib/ceph/osd/ceph-0) _touch 1.27_head #1:e4d2d55c:::100000000f1.0000000d:head#
2017-07-13 20:51:57.776594 7f3f44a4a700 10 memstore(/var/lib/ceph/osd/ceph-0) _setattrs 1.27_head #1:e4d2d55c:::100000000f1.0000000d:head# ~306
2017-07-13 20:51:57.776603 7f3f44a4a700 10 memstore(/var/lib/ceph/osd/ceph-0) _write 1.27_head #1:e4d2d55c:::100000000f1.0000000d:head# 0~4194304
2017-07-13 20:51:57.780204 7f3f4524b700 10 memstore(/var/lib/ceph/osd/ceph-0) _do_transaction 0
2017-07-13 20:51:57.780208 7f3f4524b700 10 memstore(/var/lib/ceph/osd/ceph-0) _touch 1.12_head #1:49e42e53:::100000000f1.0000000e:head#
2017-07-13 20:51:57.781430 7f3f48251700 10 memstore(/var/lib/ceph/osd/ceph-0) _do_transaction 0
2017-07-13 20:51:57.781434 7f3f48251700 10 memstore(/var/lib/ceph/osd/ceph-0) _touch 1.7_head #1:e053ea09:::100000000f1.0000000f:head#
2017-07-13 20:51:57.782270 7f3f4524b700 10 memstore(/var/lib/ceph/osd/ceph-0) _setattrs 1.12_head #1:49e42e53:::100000000f1.0000000e:head# ~306
2017-07-13 20:51:57.782277 7f3f4524b700 10 memstore(/var/lib/ceph/osd/ceph-0) _write 1.12_head #1:49e42e53:::100000000f1.0000000e:head# 0~4194304
2017-07-13 20:51:57.782969 7f3f48251700 10 memstore(/var/lib/ceph/osd/ceph-0) _setattrs 1.7_head #1:e053ea09:::100000000f1.0000000f:head# ~306
2017-07-13 20:51:57.782981 7f3f48251700 10 memstore(/var/lib/ceph/osd/ceph-0) _write 1.7_head #1:e053ea09:::100000000f1.0000000f:head# 0~4194304
2017-07-13 20:51:57.784522 7f3f44a4a700 10 memstore(/var/lib/ceph/osd/ceph-0) _omap_setkeys 1.27_head #1:e4000000::::head# ~410
2017-07-13 20:51:57.786573 7f3f4524b700 10 memstore(/var/lib/ceph/osd/ceph-0) _omap_setkeys 1.12_head #1:48000000::::head# ~410
2017-07-13 20:51:57.787598 7f3f48251700 10 memstore(/var/lib/ceph/osd/ceph-0) _omap_setkeys 1.7_head #1:e0000000::::head# ~410
2017-07-13 20:51:57.788069 7f3f4624d700 10 memstore(/var/lib/ceph/osd/ceph-0) _do_transaction 0
2017-07-13 20:51:57.788073 7f3f4624d700 10 memstore(/var/lib/ceph/osd/ceph-0) _touch 1.47_head #1:e288912f:::100000000f1.00000010:head#
2017-07-13 20:51:57.790481 7f3f4624d700 10 memstore(/var/lib/ceph/osd/ceph-0) _setattrs 1.47_head #1:e288912f:::100000000f1.00000010:head# ~306
2017-07-13 20:51:57.790505 7f3f4624d700 10 memstore(/var/lib/ceph/osd/ceph-0) _write 1.47_head #1:e288912f:::100000000f1.00000010:head# 0~4194304
2017-07-13 20:51:57.791552 7f3f47a50700 10 memstore(/var/lib/ceph/osd/ceph-0) _do_transaction 0
2017-07-13 20:51:57.791556 7f3f47a50700 10 memstore(/var/lib/ceph/osd/ceph-0) _touch 1.49_head #1:92dec910:::100000000f1.00000011:head#
2017-07-13 20:51:57.792785 7f3f4624d700 10 memstore(/var/lib/ceph/osd/ceph-0) _omap_setkeys 1.47_head #1:e2000000::::head# ~410
2017-07-13 20:51:57.792855 7f3f47a50700 10 memstore(/var/lib/ceph/osd/ceph-0) _setattrs 1.49_head #1:92dec910:::100000000f1.00000011:head# ~306
2017-07-13 20:51:57.792868 7f3f47a50700 10 memstore(/var/lib/ceph/osd/ceph-0) _write 1.49_head #1:92dec910:::100000000f1.00000011:head# 0~4194304
2017-07-13 20:51:57.795125 7f3f47a50700 10 memstore(/var/lib/ceph/osd/ceph-0) _omap_setkeys 1.49_head #1:92000000::::head# ~410
2017-07-13 20:51:57.797264 7f3f4724f700 10 memstore(/var/lib/ceph/osd/ceph-0) _do_transaction 0
2017-07-13 20:51:57.797268 7f3f4724f700 10 memstore(/var/lib/ceph/osd/ceph-0) _touch 1.4_head #1:21857cfe:::100000000f1.00000012:head#
2017-07-13 20:51:57.798653 7f3f4724f700 10 memstore(/var/lib/ceph/osd/ceph-0) _setattrs 1.4_head #1:21857cfe:::100000000f1.00000012:head# ~306
2017-07-13 20:51:57.798665 7f3f4724f700 10 memstore(/var/lib/ceph/osd/ceph-0) _write 1.4_head #1:21857cfe:::100000000f1.00000012:head# 0~4194304
2017-07-13 20:51:57.801151 7f3f45a4c700 10 memstore(/var/lib/ceph/osd/ceph-0) _do_transaction 0
2017-07-13 20:51:57.801154 7f3f45a4c700 10 memstore(/var/lib/ceph/osd/ceph-0) _touch 1.16_head #1:6832a70f:::100000000f1.00000013:head#
2017-07-13 20:51:57.801311 7f3f4724f700 10 memstore(/var/lib/ceph/osd/ceph-0) _omap_setkeys 1.4_head #1:20000000::::head# ~410
2017-07-13 20:51:57.802916 7f3f45a4c700 10 memstore(/var/lib/ceph/osd/ceph-0) _setattrs 1.16_head #1:6832a70f:::100000000f1.00000013:head# ~306
2017-07-13 20:51:57.802924 7f3f45a4c700 10 memstore(/var/lib/ceph/osd/ceph-0) _write 1.16_head #1:6832a70f:::100000000f1.00000013:head# 0~4194304
2017-07-13 20:51:57.804573 7f3f48a52700 10 memstore(/var/lib/ceph/osd/ceph-0) _do_transaction 0
2017-07-13 20:51:57.804578 7f3f48a52700 10 memstore(/var/lib/ceph/osd/ceph-0) _touch 1.3d_head #1:bd4bc776:::100000000f1.00000014:head#
2017-07-13 20:51:57.806873 7f3f48a52700 10 memstore(/var/lib/ceph/osd/ceph-0) _setattrs 1.3d_head #1:bd4bc776:::100000000f1.00000014:head# ~306
2017-07-13 20:51:57.806885 7f3f48a52700 10 memstore(/var/lib/ceph/osd/ceph-0) _write 1.3d_head #1:bd4bc776:::100000000f1.00000014:head# 0~4194304
2017-07-13 20:51:57.807811 7f3f48251700 10 memstore(/var/lib/ceph/osd/ceph-0) _do_transaction 0
2017-07-13 20:51:57.807815 7f3f48251700 10 memstore(/var/lib/ceph/osd/ceph-0) _touch 1.1b_head #1:d823b8ed:::100000000f1.00000015:head#
2017-07-13 20:51:57.809539 7f3f48a52700 10 memstore(/var/lib/ceph/osd/ceph-0) _omap_setkeys 1.3d_head #1:bc000000::::head# ~410
2017-07-13 20:51:57.810822 7f3f48251700 10 memstore(/var/lib/ceph/osd/ceph-0) _setattrs 1.1b_head #1:d823b8ed:::100000000f1.00000015:head# ~306
2017-07-13 20:51:57.810830 7f3f48251700 10 memstore(/var/lib/ceph/osd/ceph-0) _write 1.1b_head #1:d823b8ed:::100000000f1.00000015:head# 0~4194304
2017-07-13 20:51:57.811982 7f3f4624d700 10 memstore(/var/lib/ceph/osd/ceph-0) _do_transaction 0
2017-07-13 20:51:57.811990 7f3f4624d700 10 memstore(/var/lib/ceph/osd/ceph-0) _touch 1.10_head #1:0897fb16:::100000000f1.00000016:head#
2017-07-13 20:51:57.812993 7f3f45a4c700 10 memstore(/var/lib/ceph/osd/ceph-0) _omap_setkeys 1.16_head #1:68000000::::head# ~410
2017-07-13 20:51:57.814692 7f3f4624d700 10 memstore(/var/lib/ceph/osd/ceph-0) _setattrs 1.10_head #1:0897fb16:::100000000f1.00000016:head# ~306
2017-07-13 20:51:57.814701 7f3f4624d700 10 memstore(/var/lib/ceph/osd/ceph-0) _write 1.10_head #1:0897fb16:::100000000f1.00000016:head# 0~4194304
2017-07-13 20:51:57.816077 7f3f46a4e700 10 memstore(/var/lib/ceph/osd/ceph-0) _do_transaction 0
2017-07-13 20:51:57.816081 7f3f46a4e700 10 memstore(/var/lib/ceph/osd/ceph-0) _touch 1.14_head #1:2993275b:::100000000f1.00000017:head#
2017-07-13 20:51:57.816513 7f3f48251700 10 memstore(/var/lib/ceph/osd/ceph-0) _omap_setkeys 1.1b_head #1:d8000000::::head# ~410
2017-07-13 20:51:57.817758 7f3f46a4e700 10 memstore(/var/lib/ceph/osd/ceph-0) _setattrs 1.14_head #1:2993275b:::100000000f1.00000017:head# ~306
2017-07-13 20:51:57.817764 7f3f46a4e700 10 memstore(/var/lib/ceph/osd/ceph-0) _write 1.14_head #1:2993275b:::100000000f1.00000017:head# 0~4194304
2017-07-13 20:51:57.818675 7f3f4624d700 10 memstore(/var/lib/ceph/osd/ceph-0) _omap_setkeys 1.10_head #1:08000000::::head# ~410
2017-07-13 20:51:57.820063 7f3f46a4e700 10 memstore(/var/lib/ceph/osd/ceph-0) _omap_setkeys 1.14_head #1:28000000::::head# ~410
2017-07-13 20:51:57.823660 7f3f49253700 10 memstore(/var/lib/ceph/osd/ceph-0) _do_transaction 0
2017-07-13 20:51:57.823664 7f3f49253700 10 memstore(/var/lib/ceph/osd/ceph-0) _touch 1.f_head #1:f17be11e:::100000000f1.00000018:head#
2017-07-13 20:51:57.825825 7f3f49253700 10 memstore(/var/lib/ceph/osd/ceph-0) _setattrs 1.f_head #1:f17be11e:::100000000f1.00000018:head# ~306
2017-07-13 20:51:57.825850 7f3f49253700 10 memstore(/var/lib/ceph/osd/ceph-0) _write 1.f_head #1:f17be11e:::100000000f1.00000018:head# 0~4194304
2017-07-13 20:51:57.828048 7f3f49253700 10 memstore(/var/lib/ceph/osd/ceph-0) _omap_setkeys 1.f_head #1:f0000000::::head# ~410
2017-07-13 20:51:57.828597 7f3f45a4c700 10 memstore(/var/lib/ceph/osd/ceph-0) _do_transaction 0
2017-07-13 20:51:57.828615 7f3f45a4c700 10 memstore(/var/lib/ceph/osd/ceph-0) _touch 1.39_head #1:9e110484:::100000000f1.00000019:head#
2017-07-13 20:51:57.830366 7f3f45a4c700 10 memstore(/var/lib/ceph/osd/ceph-0) _setattrs 1.39_head #1:9e110484:::100000000f1.00000019:head# ~306
2017-07-13 20:51:57.830702 7f3f45a4c700 10 memstore(/var/lib/ceph/osd/ceph-0) _write 1.39_head #1:9e110484:::100000000f1.00000019:head# 0~4194304
2017-07-13 20:51:57.831343 7f3f4524b700 10 memstore(/var/lib/ceph/osd/ceph-0) _do_transaction 0
2017-07-13 20:51:57.831347 7f3f4524b700 10 memstore(/var/lib/ceph/osd/ceph-0) _touch 1.2b_head #1:d7f773b1:::100000000f1.0000001b:head#
2017-07-13 20:51:57.832305 7f3f46a4e700 10 memstore(/var/lib/ceph/osd/ceph-0) _do_transaction 0
2017-07-13 20:51:57.832309 7f3f46a4e700 10 memstore(/var/lib/ceph/osd/ceph-0) _touch 1.1e_head #1:78e8fbac:::100000000f1.0000001c:head#
2017-07-13 20:51:57.833028 7f3f4524b700 10 memstore(/var/lib/ceph/osd/ceph-0) _setattrs 1.2b_head #1:d7f773b1:::100000000f1.0000001b:head# ~306
2017-07-13 20:51:57.833033 7f3f4524b700 10 memstore(/var/lib/ceph/osd/ceph-0) _write 1.2b_head #1:d7f773b1:::100000000f1.0000001b:head# 0~4194304
2017-07-13 20:51:57.833198 7f3f4624d700 10 memstore(/var/lib/ceph/osd/ceph-0) _do_transaction 0
2017-07-13 20:51:57.833177 7f3f46a4e700 10 memstore(/var/lib/ceph/osd/ceph-0) _setattrs 1.1e_head #1:78e8fbac:::100000000f1.0000001c:head# ~306
2017-07-13 20:51:57.833208 7f3f4624d700 10 memstore(/var/lib/ceph/osd/ceph-0) _touch 1.33_head #1:cc2ccf4d:::100000000f1.0000001a:head#
2017-07-13 20:51:57.833216 7f3f46a4e700 10 memstore(/var/lib/ceph/osd/ceph-0) _write 1.1e_head #1:78e8fbac:::100000000f1.0000001c:head# 0~2121728
2017-07-13 20:51:57.834502 7f3f46a4e700 10 memstore(/var/lib/ceph/osd/ceph-0) _omap_setkeys 1.1e_head #1:78000000::::head# ~410
2017-07-13 20:51:57.837824 7f3f4524b700 10 memstore(/var/lib/ceph/osd/ceph-0) _omap_setkeys 1.2b_head #1:d4000000::::head# ~410
2017-07-13 20:51:57.839912 7f3f4624d700 10 memstore(/var/lib/ceph/osd/ceph-0) _setattrs 1.33_head #1:cc2ccf4d:::100000000f1.0000001a:head# ~306
2017-07-13 20:51:57.840536 7f3f4624d700 10 memstore(/var/lib/ceph/osd/ceph-0) _write 1.33_head #1:cc2ccf4d:::100000000f1.0000001a:head# 0~4194304
2017-07-13 20:51:57.840468 7f3f45a4c700 10 memstore(/var/lib/ceph/osd/ceph-0) _omap_setkeys 1.39_head #1:9c000000::::head# ~410
2017-07-13 20:51:57.847526 7f3f4624d700 10 memstore(/var/lib/ceph/osd/ceph-0) _omap_setkeys 1.33_head #1:cc000000::::head# ~410
2017-07-13 20:51:57.850445 7f3f44a4a700 10 memstore(/var/lib/ceph/osd/ceph-0) _do_transaction 0
2017-07-13 20:51:57.850464 7f3f44a4a700 10 memstore(/var/lib/ceph/osd/ceph-0) _setattrs 1.1d_head #1:b9cee72b:::100000000ed.00000000:head# ~306
2017-07-13 20:51:57.850468 7f3f44a4a700 10 memstore(/var/lib/ceph/osd/ceph-0) _write 1.1d_head #1:b9cee72b:::100000000ed.00000000:head# 4096~12288
2017-07-13 20:51:57.850475 7f3f44a4a700 10 memstore(/var/lib/ceph/osd/ceph-0) _omap_setkeys 1.1d_head #1:b8000000::::head# ~410
2017-07-13 20:51:57.850637 7f3f45a4c700 10 memstore(/var/lib/ceph/osd/ceph-0) _do_transaction 0
2017-07-13 20:51:57.850844 7f3f4724f700 10 memstore(/var/lib/ceph/osd/ceph-0) _do_transaction 0
2017-07-13 20:51:57.850863 7f3f4724f700 10 memstore(/var/lib/ceph/osd/ceph-0) _setattrs 1.4_head #1:20ceeb1e:::100000000ec.00000000:head# ~306
2017-07-13 20:51:57.850871 7f3f4724f700 10 memstore(/var/lib/ceph/osd/ceph-0) _write 1.4_head #1:20ceeb1e:::100000000ec.00000000:head# 4096~12288
2017-07-13 20:51:57.850878 7f3f4724f700 10 memstore(/var/lib/ceph/osd/ceph-0) _omap_setkeys 1.4_head #1:20000000::::head# ~410
2017-07-13 20:51:57.851012 7f3f45a4c700 10 memstore(/var/lib/ceph/osd/ceph-0) _setattrs 1.11_head #1:891f3806:::100000000e6.00000014:head# ~306
2017-07-13 20:51:57.851023 7f3f45a4c700 10 memstore(/var/lib/ceph/osd/ceph-0) _write 1.11_head #1:891f3806:::100000000e6.00000014:head# 2146304~258048
2017-07-13 20:51:57.851221 7f3f44a4a700 10 memstore(/var/lib/ceph/osd/ceph-0) _do_transaction 0
2017-07-13 20:51:57.851240 7f3f44a4a700 10 memstore(/var/lib/ceph/osd/ceph-0) _setattrs 1.45_head #1:a3215264:::100000000eb.00000000:head# ~306
2017-07-13 20:51:57.851248 7f3f44a4a700 10 memstore(/var/lib/ceph/osd/ceph-0) _write 1.45_head #1:a3215264:::100000000eb.00000000:head# 4096~12288
2017-07-13 20:51:57.851254 7f3f44a4a700 10 memstore(/var/lib/ceph/osd/ceph-0) _omap_setkeys 1.45_head #1:a2000000::::head# ~410
2017-07-13 20:51:57.851379 7f3f45a4c700 10 memstore(/var/lib/ceph/osd/ceph-0) _omap_setkeys 1.11_head #1:88000000::::head# ~410
2017-07-13 20:51:57.851592 7f3f48251700 10 memstore(/var/lib/ceph/osd/ceph-0) _do_transaction 0
2017-07-13 20:51:57.851608 7f3f48251700 10 memstore(/var/lib/ceph/osd/ceph-0) _setattrs 1.2a_head #1:54beb349:::100000000ea.00000000:head# ~306
2017-07-13 20:51:57.851611 7f3f48251700 10 memstore(/var/lib/ceph/osd/ceph-0) _write 1.2a_head #1:54beb349:::100000000ea.00000000:head# 4096~12288
2017-07-13 20:51:57.851618 7f3f48251700 10 memstore(/var/lib/ceph/osd/ceph-0) _omap_setkeys 1.2a_head #1:54000000::::head# ~410
2017-07-13 20:51:57.852027 7f3f47a50700 10 memstore(/var/lib/ceph/osd/ceph-0) _do_transaction 0
2017-07-13 20:51:57.852047 7f3f47a50700 10 memstore(/var/lib/ceph/osd/ceph-0) _setattrs 1.44_head #1:235bfa30:::100000000e9.00000000:head# ~306
2017-07-13 20:51:57.852051 7f3f47a50700 10 memstore(/var/lib/ceph/osd/ceph-0) _write 1.44_head #1:235bfa30:::100000000e9.00000000:head# 4096~12288
2017-07-13 20:51:57.852057 7f3f47a50700 10 memstore(/var/lib/ceph/osd/ceph-0) _omap_setkeys 1.44_head #1:22000000::::head# ~410
2017-07-13 20:51:57.855256 7f3f4724f700 10 memstore(/var/lib/ceph/osd/ceph-0) _do_transaction 0
2017-07-13 20:51:57.855272 7f3f4724f700 10 memstore(/var/lib/ceph/osd/ceph-0) _setattrs 1.36_head #1:6c62f82b:::100000000e7.00000000:head# ~306
2017-07-13 20:51:57.855276 7f3f4724f700 10 memstore(/var/lib/ceph/osd/ceph-0) _write 1.36_head #1:6c62f82b:::100000000e7.00000000:head# 4096~12288
2017-07-13 20:51:57.855282 7f3f4724f700 10 memstore(/var/lib/ceph/osd/ceph-0) _omap_setkeys 1.36_head #1:6c000000::::head# ~410
2017-07-13 20:51:57.855804 7f3f4524b700 10 memstore(/var/lib/ceph/osd/ceph-0) _do_transaction 0
2017-07-13 20:51:57.855863 7f3f4524b700 10 memstore(/var/lib/ceph/osd/ceph-0) _setattrs 1.5d_head #1:bba66d05:::100000000e5.00000000:head# ~306
2017-07-13 20:51:57.855871 7f3f4524b700 10 memstore(/var/lib/ceph/osd/ceph-0) _write 1.5d_head #1:bba66d05:::100000000e5.00000000:head# 4096~12288
2017-07-13 20:51:57.855878 7f3f4524b700 10 memstore(/var/lib/ceph/osd/ceph-0) _omap_setkeys 1.5d_head #1:ba000000::::head# ~410
2017-07-13 20:51:57.856919 7f3f48251700 10 memstore(/var/lib/ceph/osd/ceph-0) read 1.57_head #1:eba7c799:::100000000e1.00000000:head# 0~842
2017-07-13 20:51:57.857955 7f3f45a4c700 10 memstore(/var/lib/ceph/osd/ceph-0) _do_transaction 0
2017-07-13 20:51:57.858000 7f3f45a4c700 10 memstore(/var/lib/ceph/osd/ceph-0) _setattrs 1.43_head #1:c239e8b3:::100000000e0.00000000:head# ~306
2017-07-13 20:51:57.858015 7f3f45a4c700 10 memstore(/var/lib/ceph/osd/ceph-0) _write 1.43_head #1:c239e8b3:::100000000e0.00000000:head# 4096~24576
2017-07-13 20:51:57.858056 7f3f45a4c700 10 memstore(/var/lib/ceph/osd/ceph-0) _omap_setkeys 1.43_head #1:c2000000::::head# ~410
2017-07-13 20:51:57.859331 7f3f48251700 10 memstore(/var/lib/ceph/osd/ceph-0) _do_transaction 0
2017-07-13 20:51:57.859354 7f3f48251700 10 memstore(/var/lib/ceph/osd/ceph-0) _setattrs 2.34_head #2:2e2fa760:::200.00000001:head# ~298
2017-07-13 20:51:57.859357 7f3f48251700 10 memstore(/var/lib/ceph/osd/ceph-0) _write 2.34_head #2:2e2fa760:::200.00000001:head# 3028002~6800
2017-07-13 20:51:57.859368 7f3f48251700 10 memstore(/var/lib/ceph/osd/ceph-0) _omap_setkeys 2.34_head #2:2c000000::::head# ~402
2017-07-13 20:51:57.859382 7f3f49253700 10 memstore(/var/lib/ceph/osd/ceph-0) _do_transaction 0
2017-07-13 20:51:57.859386 7f3f49253700 10 memstore(/var/lib/ceph/osd/ceph-0) _touch 1.5f_head #1:fa69016c:::100000000f8.00000000:head#
2017-07-13 20:51:57.859395 7f3f49253700 10 memstore(/var/lib/ceph/osd/ceph-0) _setattrs 1.5f_head #1:fa69016c:::100000000f8.00000000:head# ~306
2017-07-13 20:51:57.859398 7f3f49253700 10 memstore(/var/lib/ceph/osd/ceph-0) _write 1.5f_head #1:fa69016c:::100000000f8.00000000:head# 0~989
2017-07-13 20:51:57.859455 7f3f49253700 10 memstore(/var/lib/ceph/osd/ceph-0) _omap_setkeys 1.5f_head #1:fa000000::::head# ~410
2017-07-13 20:51:57.860737 7f3f45a4c700 10 memstore(/var/lib/ceph/osd/ceph-0) _do_transaction 0
2017-07-13 20:51:57.860767 7f3f45a4c700 10 memstore(/var/lib/ceph/osd/ceph-0) _setattrs 2.34_head #2:2e2fa760:::200.00000001:head# ~298
2017-07-13 20:51:57.860781 7f3f45a4c700 10 memstore(/var/lib/ceph/osd/ceph-0) _write 2.34_head #2:2e2fa760:::200.00000001:head# 3034802~9903
2017-07-13 20:51:57.860796 7f3f45a4c700 10 memstore(/var/lib/ceph/osd/ceph-0) _omap_setkeys 2.34_head #2:2c000000::::head# ~402
2017-07-13 20:51:57.862636 7f3f45a4c700 10 memstore(/var/lib/ceph/osd/ceph-0) _do_transaction 0
2017-07-13 20:51:57.862817 7f3f45a4c700 10 memstore(/var/lib/ceph/osd/ceph-0) _setattrs 1.11_head #1:891f3806:::100000000e6.00000014:head# ~306
2017-07-13 20:51:57.862840 7f3f45a4c700 10 memstore(/var/lib/ceph/osd/ceph-0) _write 1.11_head #1:891f3806:::100000000e6.00000014:head# 2400256~151552
2017-07-13 20:51:57.862949 7f3f45a4c700 10 memstore(/var/lib/ceph/osd/ceph-0) _omap_setkeys 1.11_head #1:88000000::::head# ~410
2017-07-13 20:51:57.952460 7f3f45a4c700 10 memstore(/var/lib/ceph/osd/ceph-0) _do_transaction 0
2017-07-13 20:51:57.952663 7f3f45a4c700 10 memstore(/var/lib/ceph/osd/ceph-0) _setattrs 1.11_head #1:891f3806:::100000000e6.00000014:head# ~306
2017-07-13 20:51:57.952673 7f3f45a4c700 10 memstore(/var/lib/ceph/osd/ceph-0) _write 1.11_head #1:891f3806:::100000000e6.00000014:head# 2547712~417792
2017-07-13 20:51:57.952920 7f3f45a4c700 10 memstore(/var/lib/ceph/osd/ceph-0) _omap_setkeys 1.11_head #1:88000000::::head# ~410
2017-07-13 20:51:58.054072 7f3f45a4c700 10 memstore(/var/lib/ceph/osd/ceph-0) _do_transaction 0
2017-07-13 20:51:58.054365 7f3f45a4c700 10 memstore(/var/lib/ceph/osd/ceph-0) _setattrs 1.11_head #1:891f3806:::100000000e6.00000014:head# ~306
2017-07-13 20:51:58.054379 7f3f45a4c700 10 memstore(/var/lib/ceph/osd/ceph-0) _write 1.11_head #1:891f3806:::100000000e6.00000014:head# 2961408~495616
2017-07-13 20:51:58.054612 7f3f45a4c700 10 memstore(/var/lib/ceph/osd/ceph-0) _omap_setkeys 1.11_head #1:88000000::::head# ~410
2017-07-13 20:51:58.155516 7f3f45a4c700 10 memstore(/var/lib/ceph/osd/ceph-0) _do_transaction 0
2017-07-13 20:51:58.155585 7f3f45a4c700 10 memstore(/var/lib/ceph/osd/ceph-0) _setattrs 1.11_head #1:891f3806:::100000000e6.00000014:head# ~306
2017-07-13 20:51:58.155596 7f3f45a4c700 10 memstore(/var/lib/ceph/osd/ceph-0) _write 1.11_head #1:891f3806:::100000000e6.00000014:head# 3452928~36864
2017-07-13 20:51:58.155649 7f3f45a4c700 10 memstore(/var/lib/ceph/osd/ceph-0) _omap_setkeys 1.11_head #1:88000000::::head# ~410
2017-07-13 20:52:00.331791 7f3f43247700 10 memstore(/var/lib/ceph/osd/ceph-0) statfs
2017-07-13 20:52:00.331805 7f3f43247700 10 memstore(/var/lib/ceph/osd/ceph-0) statfs: used_bytes: 317651377/4294967296
2017-07-13 20:52:00.831990 7f3f43247700 10 memstore(/var/lib/ceph/osd/ceph-0) statfs
2017-07-13 20:52:00.832009 7f3f43247700 10 memstore(/var/lib/ceph/osd/ceph-0) statfs: used_bytes: 317651377/4294967296
2017-07-13 20:52:01.858866 7f3f48251700 10 memstore(/var/lib/ceph/osd/ceph-0) _do_transaction 0
2017-07-13 20:52:01.858888 7f3f48251700 10 memstore(/var/lib/ceph/osd/ceph-0) _setattrs 2.34_head #2:2e2fa760:::200.00000001:head# ~298
2017-07-13 20:52:01.858892 7f3f48251700 10 memstore(/var/lib/ceph/osd/ceph-0) _write 2.34_head #2:2e2fa760:::200.00000001:head# 3044705~3129
2017-07-13 20:52:01.858900 7f3f48251700 10 memstore(/var/lib/ceph/osd/ceph-0) _omap_setkeys 2.34_head #2:2c000000::::head# ~402
2017-07-13 20:52:01.859098 7f3f48251700 10 memstore(/var/lib/ceph/osd/ceph-0) _do_transaction 0
2017-07-13 20:52:01.859106 7f3f48251700 10 memstore(/var/lib/ceph/osd/ceph-0) _setattrs 2.61_head #2:86ee9bce:::500.00000001:head# ~298
2017-07-13 20:52:01.859109 7f3f48251700 10 memstore(/var/lib/ceph/osd/ceph-0) _write 2.61_head #2:86ee9bce:::500.00000001:head# 19902~93
2017-07-13 20:52:01.859114 7f3f48251700 10 memstore(/var/lib/ceph/osd/ceph-0) _omap_setkeys 2.61_head #2:86000000::::head# ~402
2017-07-13 20:52:01.859216 7f3f48251700 10 memstore(/var/lib/ceph/osd/ceph-0) _do_transaction 0
2017-07-13 20:52:01.859223 7f3f48251700 10 memstore(/var/lib/ceph/osd/ceph-0) _setattrs 2.34_head #2:2e2fa760:::200.00000001:head# ~298
2017-07-13 20:52:01.859226 7f3f48251700 10 memstore(/var/lib/ceph/osd/ceph-0) _write 2.34_head #2:2e2fa760:::200.00000001:head# 3047834~1084
2017-07-13 20:52:01.859230 7f3f48251700 10 memstore(/var/lib/ceph/osd/ceph-0) _omap_setkeys 2.34_head #2:2c000000::::head# ~402
2017-07-13 20:52:01.859340 7f3f49253700 10 memstore(/var/lib/ceph/osd/ceph-0) _do_transaction 0
2017-07-13 20:52:01.859350 7f3f49253700 10 memstore(/var/lib/ceph/osd/ceph-0) _setattrs 2.14_head #2:292cf221:::200.00000000:head# ~298
2017-07-13 20:52:01.859352 7f3f49253700 10 memstore(/var/lib/ceph/osd/ceph-0) _write 2.14_head #2:292cf221:::200.00000000:head# 0~90
2017-07-13 20:52:01.859356 7f3f49253700 10 memstore(/var/lib/ceph/osd/ceph-0) _omap_setkeys 2.14_head #2:28000000::::head# ~402
2017-07-13 20:52:01.859915 7f3f45a4c700 10 memstore(/var/lib/ceph/osd/ceph-0) read 2.61_head #2:86ee9bce:::500.00000001:head# 19902~93
2017-07-13 20:52:01.860366 7f3f45a4c700 10 memstore(/var/lib/ceph/osd/ceph-0) _do_transaction 0
2017-07-13 20:52:01.860375 7f3f45a4c700 10 memstore(/var/lib/ceph/osd/ceph-0) _setattrs 2.34_head #2:2e2fa760:::200.00000001:head# ~298
2017-07-13 20:52:01.860378 7f3f45a4c700 10 memstore(/var/lib/ceph/osd/ceph-0) _write 2.34_head #2:2e2fa760:::200.00000001:head# 3048918~1372
2017-07-13 20:52:01.860383 7f3f45a4c700 10 memstore(/var/lib/ceph/osd/ceph-0) _omap_setkeys 2.34_head #2:2c000000::::head# ~402
2017-07-13 20:52:01.860493 7f3f45a4c700 10 memstore(/var/lib/ceph/osd/ceph-0) _do_transaction 0
2017-07-13 20:52:01.860497 7f3f45a4c700 10 memstore(/var/lib/ceph/osd/ceph-0) _remove 1.57_head #1:eba7c799:::100000000e1.00000000:head#
2017-07-13 20:52:01.860505 7f3f45a4c700 10 memstore(/var/lib/ceph/osd/ceph-0) _omap_setkeys 1.57_head #1:ea000000::::head# ~410
2017-07-13 20:52:01.860753 7f3f48251700 10 memstore(/var/lib/ceph/osd/ceph-0) _do_transaction 0
2017-07-13 20:52:01.860769 7f3f48251700 10 memstore(/var/lib/ceph/osd/ceph-0) _setattrs 2.34_head #2:2e2fa760:::200.00000001:head# ~298
2017-07-13 20:52:01.860773 7f3f48251700 10 memstore(/var/lib/ceph/osd/ceph-0) _write 2.34_head #2:2e2fa760:::200.00000001:head# 3050290~2166
2017-07-13 20:52:01.860778 7f3f48251700 10 memstore(/var/lib/ceph/osd/ceph-0) _omap_setkeys 2.34_head #2:2c000000::::head# ~402
2017-07-13 20:52:01.860907 7f3f46a4e700 10 memstore(/var/lib/ceph/osd/ceph-0) _do_transaction 0
2017-07-13 20:52:01.860916 7f3f46a4e700 10 memstore(/var/lib/ceph/osd/ceph-0) _setattrs 2.55_head #2:aa448500:::500.00000000:head# ~298
2017-07-13 20:52:01.860920 7f3f46a4e700 10 memstore(/var/lib/ceph/osd/ceph-0) _write 2.55_head #2:aa448500:::500.00000000:head# 0~90
2017-07-13 20:52:01.860925 7f3f46a4e700 10 memstore(/var/lib/ceph/osd/ceph-0) _omap_setkeys 2.55_head #2:aa000000::::head# ~402
2017-07-13 20:52:02.532205 7f3f43247700 10 memstore(/var/lib/ceph/osd/ceph-0) statfs
2017-07-13 20:52:02.532224 7f3f43247700 10 memstore(/var/lib/ceph/osd/ceph-0) statfs: used_bytes: 317658379/4294967296
